2026-04-14 12:53:25.434 [info] Reading sessions from keychain...
2026-04-14 12:53:25.434 [info] Getting sessions for all scopes...
2026-04-14 12:53:25.434 [info] Got 0 sessions for ...
2026-04-14 12:53:25.434 [info] Getting sessions for all scopes...
2026-04-14 12:53:25.434 [info] Got 0 sessions for ...
2026-04-14 12:53:25.434 [info] Getting sessions for read:user,repo,user:email,workflow...
2026-04-14 12:53:25.434 [info] Got 0 sessions for read:user,repo,user:email,workflow...
2026-04-14 12:53:26.435 [info] Getting sessions for all scopes...
2026-04-14 12:53:26.435 [info] Got 0 sessions for ...
2026-04-14 12:53:26.497 [info] Getting sessions for all scopes...
2026-04-14 12:53:26.497 [info] Got 0 sessions for ...
2026-04-14 12:53:26.626 [info] Getting sessions for all scopes...
2026-04-14 12:53:26.626 [info] Got 0 sessions for ...
2026-04-14 12:53:27.227 [info] Getting sessions for all scopes...
2026-04-14 12:53:27.227 [info] Got 0 sessions for ...
2026-04-14 13:01:48.230 [info] Reading sessions from keychain...
2026-04-14 13:01:48.230 [info] Getting sessions for all scopes...
2026-04-14 13:01:48.230 [info] Got 0 sessions for ...
2026-04-14 13:01:48.230 [info] Getting sessions for all scopes...
2026-04-14 13:01:48.230 [info] Got 0 sessions for ...
2026-04-14 13:01:48.230 [info] Getting sessions for read:user,repo,user:email,workflow...
2026-04-14 13:01:48.230 [info] Got 0 sessions for read:user,repo,user:email,workflow...
2026-04-14 13:01:49.945 [info] Logging in with 'any' account...
2026-04-14 13:01:49.945 [info] Logging in for the following scopes: read:user repo user:email workflow
2026-04-14 13:01:49.964 [info] Trying device code flow... (read:user repo user:email workflow)
2026-04-14 13:01:59.469 [error] User Cancelled
2026-04-14 13:02:08.868 [info] Getting sessions for read:user,repo,user:email,workflow...
2026-04-14 13:02:08.868 [info] Got 0 sessions for read:user,repo,user:email,workflow...
2026-04-14 13:02:11.456 [info] Logging in with 'any' account...
2026-04-14 13:02:11.456 [info] Logging in for the following scopes: read:user repo user:email workflow
2026-04-14 13:02:11.457 [info] Trying device code flow... (read:user repo user:email workflow)
2026-04-14 13:02:29.343 [info] Getting user info...
2026-04-14 13:02:29.922 [info] Got account info!
2026-04-14 13:02:29.923 [info] Storing 1 sessions...
2026-04-14 13:02:29.928 [info] Reading sessions from keychain...
2026-04-14 13:02:29.929 [info] Stored 1 sessions!
2026-04-14 13:02:29.929 [info] Login success!
2026-04-14 13:02:29.931 [info] Got stored sessions!
2026-04-14 13:02:29.931 [info] Got 1 verified sessions.
2026-04-14 13:02:30.929 [info] FetcherService: Electron fetch failed with status: 401 
2026-04-14 13:02:31.852 [info] FetcherService: Node fetch failed with status: 401 Unauthorized
2026-04-14 13:02:32.798 [info] FetcherService: Node http/s failed with status: 401 Unauthorized
2026-04-14 13:03:30.119 [info] Getting sessions for read:user,repo,user:email,workflow...
2026-04-14 13:03:30.119 [info] Got 1 sessions for read:user,repo,user:email,workflow...
2026-04-14 13:54:41.207 [info] Getting sessions for all scopes...
2026-04-14 13:54:41.208 [info] Got 1 sessions for ...
2026-04-14 13:59:05.164 [info] Getting sessions for all scopes...
2026-04-14 13:59:05.164 [info] Got 1 sessions for ...
2026-04-14 13:59:19.049 [info] Getting sessions for read:user,repo,user:email,workflow...
2026-04-14 13:59:19.049 [info] Got 1 sessions for read:user,repo,user:email,workflow...
2026-04-14 13:59:44.210 [info] Reading sessions from keychain...
2026-04-14 13:59:44.210 [info] Got stored sessions!
2026-04-14 13:59:44.210 [info] Got 1 verified sessions.
2026-04-14 13:59:44.210 [info] Getting sessions for all scopes...
2026-04-14 13:59:44.210 [info] Got 1 sessions for ...
2026-04-14 13:59:44.210 [info] Getting sessions for all scopes...
2026-04-14 13:59:44.210 [info] Got 1 sessions for ...
2026-04-14 13:59:44.211 [info] Getting sessions for read:user,repo,user:email,workflow...
2026-04-14 13:59:44.211 [info] Got 1 sessions for read:user,repo,user:email,workflow...
2026-04-14 13:59:46.326 [info] FetcherService: Electron fetch failed with status: 401 
2026-04-14 13:59:47.223 [info] FetcherService: Node fetch failed with status: 401 Unauthorized
2026-04-14 13:59:48.069 [info] FetcherService: Node http/s failed with status: 401 Unauthorized
2026-04-14 14:00:00.419 [info] Getting sessions for all scopes...
2026-04-14 14:00:00.419 [info] Got 1 sessions for ...
2026-04-14 14:00:00.428 [info] Getting sessions for all scopes...
2026-04-14 14:00:00.428 [info] Got 1 sessions for ...
2026-04-14 14:00:23.931 [info] Getting sessions for all scopes...
2026-04-14 14:00:23.931 [info] Got 1 sessions for ...
2026-04-14 14:04:48.306 [info] Getting sessions for all scopes...
2026-04-14 14:04:48.306 [info] Got 1 sessions for ...
