2026-04-14 23:00:32.831 [info] (Windsurf) 2026-04-14 23:00:32.830 [INFO]: [windsurf#terminal] Shell integration DETECTED for unknown
2026-04-14 23:00:33.428 [info] (Windsurf) 2026-04-14 23:00:33.428 [INFO]: [windsurf#terminal] Shell integration DETECTED for managed
2026-04-14 23:00:33.544 [info] 2026/04/14 23:00:33 maxprocs: Leaving GOMAXPROCS=12: CPU quota undefined
2026-04-14 23:00:33.572 [info] I0414 23:00:33.572339 101673 main.go:604] Setting GOMAXPROCS to 4
2026-04-14 23:00:33.572 [info] I0414 23:00:33.572457 101673 main.go:819] Starting language server process with pid 101673
2026-04-14 23:00:33.573 [info] I0414 23:00:33.573622 101673 server.go:359] Language server will attempt to listen on host 127.0.0.1
2026-04-14 23:00:33.573 [info] I0414 23:00:33.573743 101673 server.go:366] Language server listening on random port at 42863
2026-04-14 23:00:34.207 [info] I0414 23:00:34.207106 101673 server.go:500] Created extension server client at port 35641
2026-04-14 23:00:34.267 [info] (Windsurf) 2026-04-14 23:00:34.267 [INFO]: Language server started
2026-04-14 23:00:34.285 [info] (Windsurf) 2026-04-14 23:00:34.285 [INFO]: LS lspClient started successfully
2026-04-14 23:00:48.685 [info] (Windsurf) 2026-04-14 23:00:48.684 [INFO]: Shutting down all 0 managed language servers
2026-04-14 23:00:52.012 [info] (Windsurf) 2026-04-14 23:00:52.012 [INFO]: [windsurf#terminal] Shell integration DETECTED for unknown
2026-04-14 23:00:52.617 [info] (Windsurf) 2026-04-14 23:00:52.616 [INFO]: [windsurf#terminal] Shell integration DETECTED for managed
2026-04-14 23:00:52.668 [info] 2026/04/14 23:00:52 maxprocs: Leaving GOMAXPROCS=12: CPU quota undefined
2026-04-14 23:00:52.690 [info] I0414 23:00:52.684392 102777 main.go:604] Setting GOMAXPROCS to 4
2026-04-14 23:00:52.690 [info] I0414 23:00:52.684560 102777 main.go:819] Starting language server process with pid 102777
2026-04-14 23:00:52.690 [info] I0414 23:00:52.684792 102777 server.go:359] Language server will attempt to listen on host 127.0.0.1
2026-04-14 23:00:52.690 [info] I0414 23:00:52.684956 102777 server.go:366] Language server listening on random port at 34385
2026-04-14 23:00:53.377 [info] I0414 23:00:53.377034 102777 server.go:500] Created extension server client at port 44513
2026-04-14 23:00:53.426 [info] (Windsurf) 2026-04-14 23:00:53.425 [INFO]: Language server started
2026-04-14 23:00:53.452 [info] (Windsurf) 2026-04-14 23:00:53.452 [INFO]: LS lspClient started successfully
2026-04-14 23:03:49.709 [info] (Windsurf) 2026-04-14 23:03:49.708 [INFO]: Shutting down all 0 managed language servers
