2026-03-31 07:16:26.868 [info] Extension host with pid 129445 started
2026-03-31 07:16:26.896 [info] ExtensionService#_doActivateExtension vscode.git-base, startup: false, activationEvent: '*', root cause: vscode.git
2026-03-31 07:16:26.902 [info] ExtensionService#_doActivateExtension codeium.windsurf, startup: false, activationEvent: '*'
2026-03-31 07:16:27.281 [info] ExtensionService#_doActivateExtension vscode.git, startup: false, activationEvent: '*'
2026-03-31 07:16:27.313 [info] ExtensionService#_doActivateExtension vscode.github, startup: false, activationEvent: '*'
2026-03-31 07:16:29.259 [info] ExtensionService#_doActivateExtension vscode.terminal-suggest, startup: false, activationEvent: 'onTerminalShellIntegration:*'
2026-03-31 07:16:29.794 [info] Eager extensions activated
2026-03-31 07:16:29.811 [info] ExtensionService#_doActivateExtension vscode.debug-auto-launch, startup: false, activationEvent: 'onStartupFinished'
2026-03-31 07:16:29.814 [info] ExtensionService#_doActivateExtension vscode.merge-conflict, startup: false, activationEvent: 'onStartupFinished'
2026-03-31 07:16:29.835 [info] ExtensionService#_doActivateExtension Codeium.windsurf-dev-containers, startup: false, activationEvent: 'onStartupFinished'
2026-03-31 07:16:30.795 [error] Error: Language server has not been started!
	at get client (/usr/share/windsurf/resources/app/extensions/windsurf/dist/extension.js:2:1616835)
	at /usr/share/windsurf/resources/app/extensions/windsurf/dist/extension.js:2:1153604
	at e.activate (/usr/share/windsurf/resources/app/extensions/windsurf/dist/extension.js:2:1153749)
	at process.processTicksAndRejections (node:internal/process/task_queues:105:5)
	at async xD.n (file:///usr/share/windsurf/resources/app/out/vs/workbench/api/node/extensionHostProcess.js:116:14118)
	at async xD.m (file:///usr/share/windsurf/resources/app/out/vs/workbench/api/node/extensionHostProcess.js:116:14081)
	at async xD.l (file:///usr/share/windsurf/resources/app/out/vs/workbench/api/node/extensionHostProcess.js:116:13537)
2026-03-31 07:16:34.257 [info] Extension host terminating: renderer closed the MessagePort
2026-03-31 07:16:34.267 [info] Extension host with pid 129445 exiting with code 0
2026-03-31 07:16:35.559 [info] Extension host with pid 130918 started
2026-03-31 07:16:35.559 [info] Skipping acquiring lock for /home/dieno/.config/Windsurf/User/workspaceStorage/7e32582a79c2af7d95d96f6a850c19ae.
2026-03-31 07:16:35.571 [info] ExtensionService#_doActivateExtension vscode.git-base, startup: false, activationEvent: '*', root cause: vscode.git
2026-03-31 07:16:35.576 [info] ExtensionService#_doActivateExtension codeium.windsurf, startup: false, activationEvent: '*'
2026-03-31 07:16:35.944 [info] ExtensionService#_doActivateExtension vscode.git, startup: false, activationEvent: '*'
2026-03-31 07:16:35.975 [info] ExtensionService#_doActivateExtension vscode.github, startup: false, activationEvent: '*'
2026-03-31 07:16:37.676 [info] ExtensionService#_doActivateExtension vscode.terminal-suggest, startup: false, activationEvent: 'onTerminalShellIntegration:*'
2026-03-31 07:16:38.277 [info] Eager extensions activated
2026-03-31 07:16:38.286 [info] ExtensionService#_doActivateExtension vscode.debug-auto-launch, startup: false, activationEvent: 'onStartupFinished'
2026-03-31 07:16:38.289 [info] ExtensionService#_doActivateExtension vscode.merge-conflict, startup: false, activationEvent: 'onStartupFinished'
2026-03-31 07:16:38.305 [info] ExtensionService#_doActivateExtension Codeium.windsurf-dev-containers, startup: false, activationEvent: 'onStartupFinished'
2026-03-31 07:16:39.279 [error] Error: Language server has not been started!
	at get client (/usr/share/windsurf/resources/app/extensions/windsurf/dist/extension.js:2:1616835)
	at /usr/share/windsurf/resources/app/extensions/windsurf/dist/extension.js:2:1153604
	at e.activate (/usr/share/windsurf/resources/app/extensions/windsurf/dist/extension.js:2:1153749)
	at process.processTicksAndRejections (node:internal/process/task_queues:105:5)
	at async xD.n (file:///usr/share/windsurf/resources/app/out/vs/workbench/api/node/extensionHostProcess.js:116:14118)
	at async xD.m (file:///usr/share/windsurf/resources/app/out/vs/workbench/api/node/extensionHostProcess.js:116:14081)
	at async xD.l (file:///usr/share/windsurf/resources/app/out/vs/workbench/api/node/extensionHostProcess.js:116:13537)
2026-03-31 07:16:51.192 [info] ExtensionService#_doActivateExtension vscode.emmet, startup: false, activationEvent: 'onLanguage'
2026-03-31 07:17:01.352 [info] Extension host terminating: renderer closed the MessagePort
2026-03-31 07:17:01.369 [info] Extension host with pid 130918 exiting with code 0
