2026-03-31 07:16:27.495 [info] [main] Log level: Info
2026-03-31 07:16:27.495 [info] [main] Validating found git in: "git"
2026-03-31 07:16:27.495 [info] [main] Using git "2.53.0" from "git"
2026-03-31 07:16:27.495 [info] [Model][doInitialScan] Initial repository scan started
2026-03-31 07:16:27.495 [info] [Model][doInitialScan] Initial repository scan completed - repositories (0), closed repositories (0), parent repositories (0), unsafe repositories (0)
2026-03-31 07:16:36.157 [info] [main] Log level: Info
2026-03-31 07:16:36.157 [info] [main] Validating found git in: "git"
2026-03-31 07:16:36.157 [info] [main] Using git "2.53.0" from "git"
2026-03-31 07:16:36.157 [info] [Model][doInitialScan] Initial repository scan started
2026-03-31 07:16:36.157 [info] > git rev-parse --show-toplevel [32ms]
2026-03-31 07:16:36.162 [info] > git rev-parse --show-toplevel [1ms]
2026-03-31 07:16:36.167 [info] > git rev-parse --show-toplevel [1ms]
2026-03-31 07:16:36.188 [info] > git rev-parse --show-toplevel [1ms]
2026-03-31 07:16:36.192 [info] > git rev-parse --show-toplevel [1ms]
2026-03-31 07:16:36.195 [info] > git rev-parse --show-toplevel [1ms]
2026-03-31 07:16:36.199 [info] > git rev-parse --show-toplevel [1ms]
2026-03-31 07:16:36.201 [info] [Model][doInitialScan] Initial repository scan completed - repositories (0), closed repositories (0), parent repositories (1), unsafe repositories (0)
2026-03-31 07:16:37.419 [info] > git rev-parse --show-toplevel [1ms]
2026-03-31 07:16:37.518 [info] > git rev-parse --show-toplevel [1ms]
2026-03-31 07:16:37.557 [info] > git rev-parse --show-toplevel [1ms]
2026-03-31 07:16:37.751 [info] > git rev-parse --show-toplevel [2ms]
2026-03-31 07:16:51.415 [info] > git rev-parse --show-toplevel [2ms]
