2026-03-28 05:09:10.835 [info] WindsurfWindowsMainManager: Window will load {"windowId":1,"workspaceUri":{"id":"a6be49b3247d7aa06ffc4e84bc92d50c","uri":{"$mid":1,"fsPath":"/home/dieno/projects/legis-entropy","external":"file:///home/dieno/projects/legis-entropy","path":"/home/dieno/projects/legis-entropy","scheme":"file"}}}
2026-03-28 05:09:10.835 [info] update#setState idle
2026-03-28 05:09:40.798 [info] update#setState checking for updates
2026-03-28 05:09:41.006 [info] update#setState available for download
2026-03-28 05:09:44.811 [info] Extension host with pid 147775 exited with code: 0, signal: unknown.
2026-03-28 05:09:44.822 [info] WindsurfWindowsMainManager: Window will load {"windowId":1,"workspaceUri":{"id":"ffb7bf5d80a0c31e22f1e4a097d5ee62","uri":{"$mid":1,"fsPath":"/home/dieno/projects/legis-entropy/frontend","external":"file:///home/dieno/projects/legis-entropy/frontend","path":"/home/dieno/projects/legis-entropy/frontend","scheme":"file"}}}
2026-03-28 05:09:44.840 [error] [UtilityProcess id: 1, type: fileWatcher, pid: 147747]: crashed with code 15 and reason 'killed'
2026-03-28 05:09:44.841 [error] === UTILITY PROCESS CRASH REPORT ===
2026-03-28 05:09:44.841 [error] Time: 2026-03-28T10:09:44.841Z
2026-03-28 05:09:44.841 [error] PID: 147747, Exit Code: 15 (Unknown exit code (15)), Reason: killed
2026-03-28 05:09:44.841 [error] Process Type: fileWatcher
2026-03-28 05:09:44.841 [error] Process ID: 1
2026-03-28 05:09:44.841 [error] Entry Point: vs/platform/files/node/watcher/watcherMain
2026-03-28 05:09:44.841 [error] Main Process Memory: RSS=291MB, Heap=16MB, External=4MB
2026-03-28 05:09:44.841 [error] System Information:
2026-03-28 05:09:44.842 [error]   - Node Version: v22.22.0
2026-03-28 05:09:44.842 [error]   - Platform: linux_x64
2026-03-28 05:09:44.842 [error]   - Electron Version: 39.5.2
2026-03-28 05:09:44.842 [error] Active Utility Processes: 2 processes
2026-03-28 05:09:44.842 [error] Sample Processes:
2026-03-28 05:09:44.842 [error]   - shared-process (PID: 147746)
2026-03-28 05:09:44.842 [error]   - pty-host (PID: 147871)
2026-03-28 05:09:44.842 [error] === END UTILITY PROCESS CRASH REPORT ===
2026-03-28 05:12:02.010 [info] Extension host with pid 149184 exited with code: 0, signal: unknown.
2026-03-28 05:12:02.247 [info] WindsurfWindowsMainManager: Window will load {"windowId":1,"workspaceUri":{"id":"a6be49b3247d7aa06ffc4e84bc92d50c","uri":{"$mid":1,"fsPath":"/home/dieno/projects/legis-entropy","external":"file:///home/dieno/projects/legis-entropy","path":"/home/dieno/projects/legis-entropy","scheme":"file"}}}
2026-03-28 05:12:02.257 [error] [UtilityProcess id: 1, type: fileWatcher, pid: 149183]: crashed with code 15 and reason 'killed'
2026-03-28 05:12:02.257 [error] === UTILITY PROCESS CRASH REPORT ===
2026-03-28 05:12:02.257 [error] Time: 2026-03-28T10:12:02.257Z
2026-03-28 05:12:02.257 [error] PID: 149183, Exit Code: 15 (Unknown exit code (15)), Reason: killed
2026-03-28 05:12:02.257 [error] Process Type: fileWatcher
2026-03-28 05:12:02.257 [error] Process ID: 1
2026-03-28 05:12:02.257 [error] Entry Point: vs/platform/files/node/watcher/watcherMain
2026-03-28 05:12:02.257 [error] Main Process Memory: RSS=295MB, Heap=17MB, External=4MB
2026-03-28 05:12:02.257 [error] System Information:
2026-03-28 05:12:02.257 [error]   - Node Version: v22.22.0
2026-03-28 05:12:02.257 [error]   - Platform: linux_x64
2026-03-28 05:12:02.257 [error]   - Electron Version: 39.5.2
2026-03-28 05:12:02.257 [error] Active Utility Processes: 2 processes
2026-03-28 05:12:02.257 [error] Sample Processes:
2026-03-28 05:12:02.257 [error]   - shared-process (PID: 147746)
2026-03-28 05:12:02.257 [error]   - pty-host (PID: 147871)
2026-03-28 05:12:02.257 [error] === END UTILITY PROCESS CRASH REPORT ===
2026-03-28 06:15:49.519 [info] Extension host with pid 150623 exited with code: 0, signal: unknown.
2026-03-28 06:15:49.779 [info] WindsurfWindowsMainManager: Window will close {"windowId":1,"workspaceUri":{"id":"a6be49b3247d7aa06ffc4e84bc92d50c","uri":{"$mid":1,"fsPath":"/home/dieno/projects/legis-entropy","external":"file:///home/dieno/projects/legis-entropy","path":"/home/dieno/projects/legis-entropy","scheme":"file"}}}
2026-03-28 06:15:49.796 [info] WindsurfWindowsMainManager: Shutdown initiated, capturing current window group state
