2026-04-14 12:53:26.948 [info] (Windsurf) 2026-04-14 12:53:26.948 [INFO]: [windsurf#terminal] Shell integration DETECTED for unknown
2026-04-14 12:53:27.480 [info] (Windsurf) 2026-04-14 12:53:27.480 [INFO]: [windsurf#terminal] Shell integration DETECTED for managed
2026-04-14 12:53:27.611 [info] 2026/04/14 12:53:27 maxprocs: Leaving GOMAXPROCS=12: CPU quota undefined
2026-04-14 12:53:27.651 [info] I0414 12:53:27.651311 101624 main.go:604] Setting GOMAXPROCS to 4
2026-04-14 12:53:27.651 [info] I0414 12:53:27.651745 101624 main.go:819] Starting language server process with pid 101624
2026-04-14 12:53:27.653 [info] I0414 12:53:27.652960 101624 server.go:359] Language server will attempt to listen on host 127.0.0.1
2026-04-14 12:53:27.653 [info] I0414 12:53:27.653116 101624 server.go:366] Language server listening on random port at 43563
2026-04-14 12:53:28.454 [info] I0414 12:53:28.453846 101624 server.go:500] Created extension server client at port 46325
2026-04-14 12:53:28.516 [info] (Windsurf) 2026-04-14 12:53:28.515 [INFO]: Language server started
2026-04-14 12:53:28.540 [info] (Windsurf) 2026-04-14 12:53:28.539 [INFO]: LS lspClient started successfully
2026-04-14 12:53:34.123 [info] (Windsurf) 2026-04-14 12:53:34.121 [INFO]: Shutting down all 0 managed language servers
2026-04-14 12:53:37.443 [info] (Windsurf) 2026-04-14 12:53:37.443 [INFO]: [windsurf#terminal] Shell integration DETECTED for unknown
2026-04-14 12:53:38.066 [info] (Windsurf) 2026-04-14 12:53:38.066 [INFO]: [windsurf#terminal] Shell integration DETECTED for managed
2026-04-14 12:53:38.122 [info] 2026/04/14 12:53:38 maxprocs: Leaving GOMAXPROCS=12: CPU quota undefined
2026-04-14 12:53:38.140 [info] I0414 12:53:38.131061 103808 main.go:604] Setting GOMAXPROCS to 4
2026-04-14 12:53:38.140 [info] I0414 12:53:38.131169 103808 main.go:819] Starting language server process with pid 103808
2026-04-14 12:53:38.140 [info] I0414 12:53:38.131325 103808 server.go:359] Language server will attempt to listen on host 127.0.0.1
2026-04-14 12:53:38.140 [info] I0414 12:53:38.131439 103808 server.go:366] Language server listening on random port at 45639
2026-04-14 12:53:39.144 [info] I0414 12:53:39.143547 103808 server.go:500] Created extension server client at port 32953
2026-04-14 12:53:39.183 [info] (Windsurf) 2026-04-14 12:53:39.183 [INFO]: Language server started
2026-04-14 12:53:39.207 [info] (Windsurf) 2026-04-14 12:53:39.207 [INFO]: LS lspClient started successfully
2026-04-14 13:03:47.297 [info] I0414 13:03:47.296122 103808 completion_provider.go:869] err: context canceled
2026-04-14 13:59:41.337 [info] (Windsurf) 2026-04-14 13:59:41.335 [INFO]: Shutting down all 0 managed language servers
2026-04-14 13:59:45.467 [info] (Windsurf) 2026-04-14 13:59:45.467 [INFO]: [windsurf#terminal] Shell integration DETECTED for unknown
2026-04-14 13:59:46.092 [info] (Windsurf) 2026-04-14 13:59:46.092 [INFO]: [windsurf#terminal] Shell integration DETECTED for managed
2026-04-14 13:59:46.181 [info] 2026/04/14 13:59:46 maxprocs: Leaving GOMAXPROCS=12: CPU quota undefined
2026-04-14 13:59:46.204 [info] I0414 13:59:46.185343 134846 main.go:604] Setting GOMAXPROCS to 4
2026-04-14 13:59:46.204 [info] I0414 13:59:46.185626 134846 main.go:819] Starting language server process with pid 134846
2026-04-14 13:59:46.204 [info] I0414 13:59:46.185908 134846 server.go:359] Language server will attempt to listen on host 127.0.0.1
2026-04-14 13:59:46.204 [info] I0414 13:59:46.186137 134846 server.go:366] Language server listening on random port at 45199
2026-04-14 13:59:46.961 [info] I0414 13:59:46.961101 134846 server.go:500] Created extension server client at port 37881
2026-04-14 13:59:47.004 [info] (Windsurf) 2026-04-14 13:59:47.003 [INFO]: Language server started
2026-04-14 13:59:47.026 [info] (Windsurf) 2026-04-14 13:59:47.026 [INFO]: LS lspClient started successfully
2026-04-14 14:17:40.139 [info] (Windsurf) 2026-04-14 14:17:40.137 [INFO]: Shutting down all 0 managed language servers
