2026-04-14 14:29:38.645 [info] WindsurfWindowsMainManager: Window will load {"windowId":1,"workspaceUri":{"id":"6b30f5ffcf42be62b066df08abc88923","uri":{"$mid":1,"fsPath":"/home/dieno/projects/lyceum","external":"file:///home/dieno/projects/lyceum","path":"/home/dieno/projects/lyceum","scheme":"file"}}}
2026-04-14 14:29:38.648 [info] update#setState idle
2026-04-14 14:30:08.650 [info] update#setState checking for updates
2026-04-14 14:30:08.937 [info] update#setState available for download
2026-04-14 14:31:26.255 [info] Extension host with pid 153432 exited with code: 0, signal: unknown.
2026-04-14 14:31:26.275 [info] WindsurfWindowsMainManager: Window will close {"windowId":1,"workspaceUri":{"id":"6b30f5ffcf42be62b066df08abc88923","uri":{"$mid":1,"fsPath":"/home/dieno/projects/lyceum","external":"file:///home/dieno/projects/lyceum","path":"/home/dieno/projects/lyceum","scheme":"file"}}}
2026-04-14 14:31:26.290 [info] WindsurfWindowsMainManager: Shutdown initiated, capturing current window group state
2026-04-14 14:31:26.304 [error] [UtilityProcess id: 1, type: fileWatcher, pid: 153403]: crashed with code 15 and reason 'killed'
2026-04-14 14:31:26.304 [error] === UTILITY PROCESS CRASH REPORT ===
2026-04-14 14:31:26.304 [error] Time: 2026-04-14T09:31:26.304Z
2026-04-14 14:31:26.304 [error] PID: 153403, Exit Code: 15 (Unknown exit code (15)), Reason: killed
2026-04-14 14:31:26.304 [error] Process Type: fileWatcher
2026-04-14 14:31:26.304 [error] Process ID: 1
2026-04-14 14:31:26.304 [error] Entry Point: vs/platform/files/node/watcher/watcherMain
2026-04-14 14:31:26.305 [error] Main Process Memory: RSS=263MB, Heap=16MB, External=4MB
2026-04-14 14:31:26.305 [error] System Information:
2026-04-14 14:31:26.305 [error]   - Node Version: v22.22.0
2026-04-14 14:31:26.305 [error]   - Platform: linux_x64
2026-04-14 14:31:26.305 [error]   - Electron Version: 39.5.2
2026-04-14 14:31:26.305 [error] Active Utility Processes: 2 processes
2026-04-14 14:31:26.305 [error] Sample Processes:
2026-04-14 14:31:26.305 [error]   - shared-process (PID: 153402)
2026-04-14 14:31:26.305 [error]   - pty-host (PID: 153544)
2026-04-14 14:31:26.305 [error] === END UTILITY PROCESS CRASH REPORT ===
