2026-04-15 00:13:48.598 [info] (Windsurf) 2026-04-15 00:13:48.597 [INFO]: [windsurf#terminal] Shell integration DETECTED for unknown
2026-04-15 00:13:49.278 [info] (Windsurf) 2026-04-15 00:13:49.277 [INFO]: [windsurf#terminal] Shell integration DETECTED for managed
2026-04-15 00:13:49.331 [info] 2026/04/15 00:13:49 maxprocs: Leaving GOMAXPROCS=12: CPU quota undefined
2026-04-15 00:13:49.354 [info] I0415 00:13:49.347185 133151 main.go:604] Setting GOMAXPROCS to 4
2026-04-15 00:13:49.354 [info] I0415 00:13:49.347352 133151 main.go:819] Starting language server process with pid 133151
2026-04-15 00:13:49.354 [info] I0415 00:13:49.347569 133151 server.go:359] Language server will attempt to listen on host 127.0.0.1
2026-04-15 00:13:49.354 [info] I0415 00:13:49.347745 133151 server.go:366] Language server listening on random port at 35361
2026-04-15 00:13:49.953 [info] I0415 00:13:49.952707 133151 server.go:500] Created extension server client at port 41421
2026-04-15 00:13:49.996 [info] (Windsurf) 2026-04-15 00:13:49.996 [INFO]: Language server started
2026-04-15 00:13:50.014 [info] (Windsurf) 2026-04-15 00:13:50.014 [INFO]: LS lspClient started successfully
2026-04-15 00:13:54.242 [info] (Windsurf) 2026-04-15 00:13:54.242 [INFO]: Shutting down all 0 managed language servers
2026-04-15 00:13:57.489 [info] (Windsurf) 2026-04-15 00:13:57.489 [INFO]: [windsurf#terminal] Shell integration DETECTED for unknown
2026-04-15 00:13:58.074 [info] (Windsurf) 2026-04-15 00:13:58.074 [INFO]: [windsurf#terminal] Shell integration DETECTED for managed
2026-04-15 00:13:58.127 [info] 2026/04/15 00:13:58 maxprocs: Leaving GOMAXPROCS=12: CPU quota undefined
2026-04-15 00:13:58.159 [info] I0415 00:13:58.141799 133496 main.go:604] Setting GOMAXPROCS to 4
2026-04-15 00:13:58.160 [info] I0415 00:13:58.141921 133496 main.go:819] Starting language server process with pid 133496
2026-04-15 00:13:58.160 [info] I0415 00:13:58.142138 133496 server.go:359] Language server will attempt to listen on host 127.0.0.1
2026-04-15 00:13:58.160 [info] I0415 00:13:58.142301 133496 server.go:366] Language server listening on random port at 33437
2026-04-15 00:13:58.805 [info] I0415 00:13:58.804038 133496 server.go:500] Created extension server client at port 45033
2026-04-15 00:13:58.853 [info] (Windsurf) 2026-04-15 00:13:58.852 [INFO]: Language server started
2026-04-15 00:13:58.877 [info] (Windsurf) 2026-04-15 00:13:58.877 [INFO]: LS lspClient started successfully
2026-04-15 00:15:36.506 [info] (Windsurf) 2026-04-15 00:15:36.505 [INFO]: Shutting down all 0 managed language servers
