2026-04-15 00:02:00.499 [info] Reading sessions from keychain...
2026-04-15 00:02:00.499 [info] Got stored sessions!
2026-04-15 00:02:00.499 [info] Got 1 verified sessions.
2026-04-15 00:02:00.499 [info] Getting sessions for all scopes...
2026-04-15 00:02:00.499 [info] Got 1 sessions for ...
2026-04-15 00:02:00.499 [info] Getting sessions for all scopes...
2026-04-15 00:02:00.499 [info] Got 1 sessions for ...
2026-04-15 00:02:00.499 [info] Getting sessions for read:user,repo,user:email,workflow...
2026-04-15 00:02:00.499 [info] Got 1 sessions for read:user,repo,user:email,workflow...
2026-04-15 00:02:01.476 [info] Getting sessions for all scopes...
2026-04-15 00:02:01.476 [info] Got 1 sessions for ...
2026-04-15 00:02:01.784 [info] Getting sessions for all scopes...
2026-04-15 00:02:01.784 [info] Got 1 sessions for ...
2026-04-15 00:02:01.794 [info] Getting sessions for all scopes...
2026-04-15 00:02:01.794 [info] Got 1 sessions for ...
2026-04-15 00:02:02.601 [info] FetcherService: Electron fetch failed with status: 401 
2026-04-15 00:02:03.640 [info] FetcherService: Node fetch failed with status: 401 Unauthorized
2026-04-15 00:02:04.625 [info] FetcherService: Node http/s failed with status: 401 Unauthorized
2026-04-15 00:02:05.931 [info] Getting sessions for all scopes...
2026-04-15 00:02:05.931 [info] Got 1 sessions for ...
