2026-03-27 15:17:39.317 [info] Extension host with pid 11174 started
2026-03-27 15:17:39.317 [info] Skipping acquiring lock for /home/dieno/.config/Windsurf/User/workspaceStorage/bc32213be1d34dd3a2f5309bec995c4b.
2026-03-27 15:17:39.364 [info] ExtensionService#_doActivateExtension vscode.git-base, startup: false, activationEvent: '*', root cause: vscode.git
2026-03-27 15:17:39.372 [info] ExtensionService#_doActivateExtension codeium.windsurf, startup: false, activationEvent: '*'
2026-03-27 15:17:39.792 [info] ExtensionService#_doActivateExtension vscode.git, startup: false, activationEvent: '*'
2026-03-27 15:17:39.833 [info] ExtensionService#_doActivateExtension vscode.github, startup: false, activationEvent: '*'
2026-03-27 15:17:41.655 [info] ExtensionService#_doActivateExtension vscode.terminal-suggest, startup: false, activationEvent: 'onTerminalShellIntegration:*'
2026-03-27 15:17:42.206 [info] Eager extensions activated
2026-03-27 15:17:42.214 [info] ExtensionService#_doActivateExtension vscode.debug-auto-launch, startup: false, activationEvent: 'onStartupFinished'
2026-03-27 15:17:42.217 [info] ExtensionService#_doActivateExtension vscode.merge-conflict, startup: false, activationEvent: 'onStartupFinished'
2026-03-27 15:17:42.232 [info] ExtensionService#_doActivateExtension Codeium.windsurf-dev-containers, startup: false, activationEvent: 'onStartupFinished'
2026-03-27 15:17:43.208 [error] Error: Language server has not been started!
	at get client (/usr/share/windsurf/resources/app/extensions/windsurf/dist/extension.js:2:1616835)
	at /usr/share/windsurf/resources/app/extensions/windsurf/dist/extension.js:2:1153604
	at e.activate (/usr/share/windsurf/resources/app/extensions/windsurf/dist/extension.js:2:1153749)
	at process.processTicksAndRejections (node:internal/process/task_queues:105:5)
	at async xD.n (file:///usr/share/windsurf/resources/app/out/vs/workbench/api/node/extensionHostProcess.js:116:14118)
	at async xD.m (file:///usr/share/windsurf/resources/app/out/vs/workbench/api/node/extensionHostProcess.js:116:14081)
	at async xD.l (file:///usr/share/windsurf/resources/app/out/vs/workbench/api/node/extensionHostProcess.js:116:13537)
2026-03-27 15:19:30.782 [info] ExtensionService#_doActivateExtension vscode.npm, startup: false, activationEvent: 'onTerminalQuickFixRequest:ms-vscode.npm-command'
2026-03-27 15:19:34.840 [info] ExtensionService#_doActivateExtension vscode.emmet, startup: false, activationEvent: 'onLanguage'
2026-03-27 15:20:16.521 [info] Extension host terminating: renderer closed the MessagePort
2026-03-27 15:20:16.538 [info] Extension host with pid 11174 exiting with code 0
