2026-04-14 21:54:18.051 [warning] IWorkbenchContributionsRegistry#getContribution('windsurf.cascadePanel'): contribution instantiated before LifecyclePhase.Restored!
2026-04-14 21:54:18.202 [info] Started local extension host with pid 43746.
2026-04-14 21:54:18.734 [info] [DiffZone] BaselineResolution init, 0 existing repos
2026-04-14 21:54:19.038 [error] App icon customization is not supported on this OS: Error: App icon customization is not supported on this OS
    at J6.setIcon (file:///usr/share/windsurf/resources/app/out/main.js:147:3603)
    at Object.call (file:///usr/share/windsurf/resources/app/out/main.js:33:4554)
    at Zp.s (file:///usr/share/windsurf/resources/app/out/main.js:31:15212)
    at Zp.q (file:///usr/share/windsurf/resources/app/out/main.js:31:14735)
    at Ta.value (file:///usr/share/windsurf/resources/app/out/main.js:31:14137)
    at D.C (file:///usr/share/windsurf/resources/app/out/main.js:30:2328)
    at D (file:///usr/share/windsurf/resources/app/out/main.js:30:2398)
    at D.fire (file:///usr/share/windsurf/resources/app/out/main.js:30:2615)
    at Ta.value (file:///usr/share/windsurf/resources/app/out/main.js:28:5384)
    at D.C (file:///usr/share/windsurf/resources/app/out/main.js:30:2328)
    at D.fire (file:///usr/share/windsurf/resources/app/out/main.js:30:2546)
    at Ta.value (file:///usr/share/windsurf/resources/app/out/main.js:28:5568)
    at D.C (file:///usr/share/windsurf/resources/app/out/main.js:30:2328)
    at D.fire (file:///usr/share/windsurf/resources/app/out/main.js:30:2546)
    at H (file:///usr/share/windsurf/resources/app/out/main.js:28:7826)
    at IpcMainImpl.i (file:///usr/share/windsurf/resources/app/out/main.js:36:10815)
    at IpcMainImpl.emit (node:events:519:28)
    at Session.<anonymous> (node:electron/js2c/browser_init:2:112437)
    at Session.emit (node:events:519:28)
2026-04-14 21:54:19.766 [info] [DiffZone] Watching repo: scm0
2026-04-14 21:54:19.766 [info] [DiffZone] No historyProvider for scm0
2026-04-14 21:54:19.769 [info] [DiffZone] No revision for scm0
2026-04-14 21:54:19.864 [info] [DiffZone] Revision for scm0: da3e802, prev: none
2026-04-14 21:54:23.578 [error] An unknown error occurred. Please consult the log for more details.
2026-04-14 21:57:21.575 [info] [perf] Render performance baseline is 23ms
