2026-03-28 05:09:14.097 [info] [main] Log level: Info
2026-03-28 05:09:14.097 [info] [main] Validating found git in: "git"
2026-03-28 05:09:14.097 [info] [main] Using git "2.53.0" from "git"
2026-03-28 05:09:14.097 [info] [Model][doInitialScan] Initial repository scan started
2026-03-28 05:09:14.098 [info] > git rev-parse --show-toplevel [14ms]
2026-03-28 05:09:14.098 [info] > git rev-parse --git-dir --git-common-dir --show-superproject-working-tree [18ms]
2026-03-28 05:09:14.098 [info] [Model][openRepository] Opened repository (path): /home/dieno/projects/legis-entropy
2026-03-28 05:09:14.098 [info] [Model][openRepository] Opened repository (real path): /home/dieno/projects/legis-entropy
2026-03-28 05:09:14.098 [info] [Model][openRepository] Opened repository (kind): repository
2026-03-28 05:09:14.101 [warning] [Model][getRepositoryExact] Failed to get repository realpath for: "/home/dieno/projects/legis-entropy/src". Error:Error: ENOENT: no such file or directory, realpath '/home/dieno/projects/legis-entropy/src'
2026-03-28 05:09:14.110 [info] > git config --get commit.template [8ms]
2026-03-28 05:09:14.111 [info] > git rev-parse --show-toplevel [2ms]
2026-03-28 05:09:14.119 [info] > git for-each-ref --format=%(refname)%00%(upstream:short)%00%(objectname)%00%(upstream:track)%00%(upstream:remotename)%00%(upstream:remoteref) refs/heads/master refs/remotes/master [5ms]
2026-03-28 05:09:14.123 [warning] [Git][revParse] Unable to read file: ENOENT: no such file or directory, open '/home/dieno/projects/legis-entropy/.git/refs/remotes/origin/master'
2026-03-28 05:09:14.124 [info] > git rev-parse --show-toplevel [6ms]
2026-03-28 05:09:14.128 [info] > git rev-parse refs/remotes/origin/master [5ms]
2026-03-28 05:09:14.135 [info] > git rev-parse --show-toplevel [8ms]
2026-03-28 05:09:14.139 [info] > git status -z -uall [8ms]
2026-03-28 05:09:14.140 [info] > git for-each-ref --sort -committerdate --format %(refname)%00%(objectname)%00%(*objectname) [5ms]
2026-03-28 05:09:14.159 [info] > git for-each-ref --format=%(refname)%00%(upstream:short)%00%(objectname)%00%(upstream:track)%00%(upstream:remotename)%00%(upstream:remoteref) refs/heads/master refs/remotes/master [6ms]
2026-03-28 05:09:14.162 [info] > git rev-parse --show-toplevel [24ms]
2026-03-28 05:09:14.164 [info] [Model][doInitialScan] Initial repository scan completed - repositories (1), closed repositories (0), parent repositories (0), unsafe repositories (0)
2026-03-28 05:09:14.165 [info] > git config --get --local branch.master.vscode-merge-base [3ms]
2026-03-28 05:09:14.165 [warning] [Git][config] git config failed: Failed to execute git
2026-03-28 05:09:14.168 [info] > git config --get commit.template [10ms]
2026-03-28 05:09:14.185 [info] > git reflog master --grep-reflog=branch: Created from *. [17ms]
2026-03-28 05:09:14.202 [info] > git symbolic-ref --short refs/remotes/origin/HEAD [14ms]
2026-03-28 05:09:14.206 [info] > git for-each-ref --format=%(refname)%00%(upstream:short)%00%(objectname)%00%(upstream:track)%00%(upstream:remotename)%00%(upstream:remoteref) refs/heads/origin/master refs/remotes/origin/master [1ms]
2026-03-28 05:09:14.210 [info] > git for-each-ref --format=%(refname)%00%(upstream:short)%00%(objectname)%00%(upstream:track)%00%(upstream:remotename)%00%(upstream:remoteref) refs/heads/master refs/remotes/master [8ms]
2026-03-28 05:09:14.213 [warning] [Git][revParse] Unable to read file: ENOENT: no such file or directory, open '/home/dieno/projects/legis-entropy/.git/refs/remotes/origin/master'
2026-03-28 05:09:14.214 [info] > git rev-parse refs/remotes/origin/master [1ms]
2026-03-28 05:09:14.220 [info] > git config --add --local branch.master.vscode-merge-base origin/master [11ms]
2026-03-28 05:09:14.220 [info] > git for-each-ref --sort -committerdate --format %(refname)%00%(objectname)%00%(*objectname) [1ms] (cancelled)
2026-03-28 05:09:14.225 [info] > git status -z -uall [8ms] (cancelled)
2026-03-28 05:09:14.225 [info] > git config --get commit.template [1ms]
2026-03-28 05:09:14.229 [info] > git for-each-ref --format=%(refname)%00%(upstream:short)%00%(objectname)%00%(upstream:track)%00%(upstream:remotename)%00%(upstream:remoteref) refs/heads/master refs/remotes/master [1ms]
2026-03-28 05:09:14.231 [warning] [Git][revParse] Unable to read file: ENOENT: no such file or directory, open '/home/dieno/projects/legis-entropy/.git/refs/remotes/origin/master'
2026-03-28 05:09:14.232 [info] > git rev-parse refs/remotes/origin/master [1ms]
2026-03-28 05:09:14.238 [info] > git status -z -uall [4ms]
2026-03-28 05:09:14.238 [info] > git for-each-ref --sort -committerdate --format %(refname)%00%(objectname)%00%(*objectname) [1ms]
2026-03-28 05:09:14.246 [info] > git merge-base refs/heads/master refs/remotes/origin/master [3ms]
2026-03-28 05:09:14.250 [info] > git merge-base refs/heads/master refs/remotes/origin/master [4ms]
2026-03-28 05:09:14.253 [info] > git diff --name-status -z --diff-filter=ADMR --find-renames=50% f33e9a1a8f88b26e60a95f36b1aa59ebecc2cf7a...refs/remotes/origin/master -- [4ms]
2026-03-28 05:09:14.254 [info] > git diff --name-status -z --diff-filter=ADMR --find-renames=50% f33e9a1a8f88b26e60a95f36b1aa59ebecc2cf7a...refs/remotes/origin/master -- [1ms]
2026-03-28 05:09:14.622 [info] > git check-ignore -v -z --stdin [2ms]
2026-03-28 05:09:15.338 [info] > git config --get commit.template [34ms]
2026-03-28 05:09:15.343 [info] > git for-each-ref --format=%(refname)%00%(upstream:short)%00%(objectname)%00%(upstream:track)%00%(upstream:remotename)%00%(upstream:remoteref) refs/heads/master refs/remotes/master [2ms]
2026-03-28 05:09:15.346 [warning] [Git][revParse] Unable to read file: ENOENT: no such file or directory, open '/home/dieno/projects/legis-entropy/.git/refs/remotes/origin/master'
2026-03-28 05:09:15.347 [info] > git rev-parse refs/remotes/origin/master [1ms]
2026-03-28 05:09:15.355 [info] > git status -z -uall [5ms]
2026-03-28 05:09:15.355 [info] > git for-each-ref --sort -committerdate --format %(refname)%00%(objectname)%00%(*objectname) [2ms]
2026-03-28 05:09:23.774 [info] > git check-ignore -v -z --stdin [2ms]
2026-03-28 05:09:46.668 [info] [main] Log level: Info
2026-03-28 05:09:46.668 [info] [main] Validating found git in: "git"
2026-03-28 05:09:46.668 [info] [main] Using git "2.53.0" from "git"
2026-03-28 05:09:46.668 [info] [Model][doInitialScan] Initial repository scan started
2026-03-28 05:09:46.668 [info] > git rev-parse --show-toplevel [29ms]
2026-03-28 05:09:46.689 [info] > git rev-parse --show-toplevel [1ms]
2026-03-28 05:09:46.693 [info] > git rev-parse --show-toplevel [1ms]
2026-03-28 05:09:46.697 [info] [Model][doInitialScan] Initial repository scan completed - repositories (0), closed repositories (0), parent repositories (1), unsafe repositories (0)
2026-03-28 05:09:47.967 [info] > git rev-parse --show-toplevel [1ms]
2026-03-28 05:09:48.001 [info] > git rev-parse --show-toplevel [1ms]
2026-03-28 05:09:48.041 [info] > git rev-parse --show-toplevel [1ms]
2026-03-28 05:09:48.252 [info] > git rev-parse --show-toplevel [2ms]
2026-03-28 05:10:52.943 [info] > git rev-parse --show-toplevel [3ms]
2026-03-28 05:11:25.006 [info] > git rev-parse --show-toplevel [1ms]
2026-03-28 05:11:25.014 [info] > git rev-parse --git-dir --git-common-dir --show-superproject-working-tree [2ms]
2026-03-28 05:11:25.030 [info] [Model][openRepository] Opened repository (path): /home/dieno/projects/legis-entropy
2026-03-28 05:11:25.030 [info] [Model][openRepository] Opened repository (real path): /home/dieno/projects/legis-entropy
2026-03-28 05:11:25.030 [info] [Model][openRepository] Opened repository (kind): repository
2026-03-28 05:11:25.039 [info] > git config --get commit.template [1ms]
2026-03-28 05:11:25.046 [info] > git for-each-ref --format=%(refname)%00%(upstream:short)%00%(objectname)%00%(upstream:track)%00%(upstream:remotename)%00%(upstream:remoteref) refs/heads/master refs/remotes/master [2ms]
2026-03-28 05:11:25.052 [warning] [Git][revParse] Unable to read file: ENOENT: no such file or directory, open '/home/dieno/projects/legis-entropy/.git/refs/remotes/origin/master'
2026-03-28 05:11:25.053 [info] > git rev-parse refs/remotes/origin/master [2ms]
2026-03-28 05:11:25.069 [info] > git status -z -uall [10ms]
2026-03-28 05:11:25.071 [info] > git for-each-ref --sort -committerdate --format %(refname)%00%(objectname)%00%(*objectname) [5ms]
2026-03-28 05:11:25.088 [info] > git for-each-ref --format=%(refname)%00%(upstream:short)%00%(objectname)%00%(upstream:track)%00%(upstream:remotename)%00%(upstream:remoteref) refs/heads/master refs/remotes/master [8ms]
2026-03-28 05:11:25.094 [info] > git config --get commit.template [6ms]
2026-03-28 05:11:25.095 [info] > git config --get --local branch.master.vscode-merge-base [2ms]
2026-03-28 05:11:25.105 [info] > git for-each-ref --format=%(refname)%00%(upstream:short)%00%(objectname)%00%(upstream:track)%00%(upstream:remotename)%00%(upstream:remoteref) refs/heads/master refs/remotes/master [2ms]
2026-03-28 05:11:25.105 [info] > git for-each-ref --format=%(refname)%00%(upstream:short)%00%(objectname)%00%(upstream:track)%00%(upstream:remotename)%00%(upstream:remoteref) refs/heads/origin/master refs/remotes/origin/master [6ms]
2026-03-28 05:11:25.119 [warning] [Git][revParse] Unable to read file: ENOENT: no such file or directory, open '/home/dieno/projects/legis-entropy/.git/refs/remotes/origin/master'
2026-03-28 05:11:25.120 [info] > git merge-base refs/heads/master refs/remotes/origin/master [9ms]
2026-03-28 05:11:25.128 [info] > git diff --name-status -z --diff-filter=ADMR --find-renames=50% f33e9a1a8f88b26e60a95f36b1aa59ebecc2cf7a...refs/remotes/origin/master -- [3ms]
2026-03-28 05:11:25.128 [info] > git rev-parse refs/remotes/origin/master [10ms]
2026-03-28 05:11:25.183 [info] > git status -z -uall [51ms]
2026-03-28 05:11:25.184 [info] > git for-each-ref --sort -committerdate --format %(refname)%00%(objectname)%00%(*objectname) [45ms]
2026-03-28 05:11:25.501 [info] > git show --textconv :frontend/src/App.tsx [5ms]
2026-03-28 05:11:25.502 [info] > git ls-files --stage -- frontend/src/App.tsx [2ms]
2026-03-28 05:11:25.507 [info] > git cat-file -s 4fe981c3e35892b712d4091c2d89fae911895f36 [1ms]
2026-03-28 05:11:25.576 [info] > git check-ignore -v -z --stdin [1ms]
2026-03-28 05:11:29.045 [info] > git config --get commit.template [6ms]
2026-03-28 05:11:29.046 [info] > git for-each-ref --format=%(refname)%00%(upstream:short)%00%(objectname)%00%(upstream:track)%00%(upstream:remotename)%00%(upstream:remoteref) refs/heads/master refs/remotes/master [1ms]
2026-03-28 05:11:29.051 [warning] [Git][revParse] Unable to read file: ENOENT: no such file or directory, open '/home/dieno/projects/legis-entropy/.git/refs/remotes/origin/master'
2026-03-28 05:11:29.053 [info] > git rev-parse refs/remotes/origin/master [2ms]
2026-03-28 05:11:29.065 [info] > git for-each-ref --sort -committerdate --format %(refname)%00%(objectname)%00%(*objectname) [3ms]
2026-03-28 05:11:29.066 [info] > git status -z -uall [9ms]
2026-03-28 05:12:04.483 [info] [main] Log level: Info
2026-03-28 05:12:04.483 [info] [main] Validating found git in: "git"
2026-03-28 05:12:04.483 [info] [main] Using git "2.53.0" from "git"
2026-03-28 05:12:04.483 [info] [Model][doInitialScan] Initial repository scan started
2026-03-28 05:12:04.483 [info] > git rev-parse --show-toplevel [5ms]
2026-03-28 05:12:04.511 [info] > git rev-parse --git-dir --git-common-dir --show-superproject-working-tree [23ms]
2026-03-28 05:12:04.519 [info] [Model][openRepository] Opened repository (path): /home/dieno/projects/legis-entropy
2026-03-28 05:12:04.519 [info] [Model][openRepository] Opened repository (real path): /home/dieno/projects/legis-entropy
2026-03-28 05:12:04.519 [info] [Model][openRepository] Opened repository (kind): repository
2026-03-28 05:12:04.530 [info] > git rev-parse --show-toplevel [2ms]
2026-03-28 05:12:04.531 [info] > git config --get commit.template [5ms]
2026-03-28 05:12:04.540 [info] > git rev-parse --show-toplevel [6ms]
2026-03-28 05:12:04.544 [info] > git for-each-ref --format=%(refname)%00%(upstream:short)%00%(objectname)%00%(upstream:track)%00%(upstream:remotename)%00%(upstream:remoteref) refs/heads/master refs/remotes/master [5ms]
2026-03-28 05:12:04.548 [warning] [Git][revParse] Unable to read file: ENOENT: no such file or directory, open '/home/dieno/projects/legis-entropy/.git/refs/remotes/origin/master'
2026-03-28 05:12:04.548 [info] > git rev-parse --show-toplevel [4ms]
2026-03-28 05:12:04.553 [info] > git rev-parse refs/remotes/origin/master [6ms]
2026-03-28 05:12:04.562 [info] > git status -z -uall [4ms]
2026-03-28 05:12:04.562 [info] > git rev-parse --show-toplevel [10ms]
2026-03-28 05:12:04.564 [info] [Model][doInitialScan] Initial repository scan completed - repositories (1), closed repositories (0), parent repositories (0), unsafe repositories (0)
2026-03-28 05:12:04.565 [info] > git for-each-ref --sort -committerdate --format %(refname)%00%(objectname)%00%(*objectname) [4ms]
2026-03-28 05:12:04.585 [info] > git for-each-ref --format=%(refname)%00%(upstream:short)%00%(objectname)%00%(upstream:track)%00%(upstream:remotename)%00%(upstream:remoteref) refs/heads/master refs/remotes/master [5ms]
2026-03-28 05:12:04.590 [info] > git config --get --local branch.master.vscode-merge-base [2ms]
2026-03-28 05:12:04.594 [info] > git config --get commit.template [10ms]
2026-03-28 05:12:04.611 [info] > git for-each-ref --format=%(refname)%00%(upstream:short)%00%(objectname)%00%(upstream:track)%00%(upstream:remotename)%00%(upstream:remoteref) refs/heads/origin/master refs/remotes/origin/master [18ms]
2026-03-28 05:12:04.632 [info] > git merge-base refs/heads/master refs/remotes/origin/master [17ms]
2026-03-28 05:12:04.638 [info] > git diff --name-status -z --diff-filter=ADMR --find-renames=50% f33e9a1a8f88b26e60a95f36b1aa59ebecc2cf7a...refs/remotes/origin/master -- [2ms]
2026-03-28 05:12:04.639 [info] > git for-each-ref --format=%(refname)%00%(upstream:short)%00%(objectname)%00%(upstream:track)%00%(upstream:remotename)%00%(upstream:remoteref) refs/heads/master refs/remotes/master [7ms]
2026-03-28 05:12:04.642 [warning] [Git][revParse] Unable to read file: ENOENT: no such file or directory, open '/home/dieno/projects/legis-entropy/.git/refs/remotes/origin/master'
2026-03-28 05:12:04.643 [info] > git rev-parse refs/remotes/origin/master [1ms]
2026-03-28 05:12:04.649 [info] > git status -z -uall [4ms]
2026-03-28 05:12:04.649 [info] > git for-each-ref --sort -committerdate --format %(refname)%00%(objectname)%00%(*objectname) [1ms]
2026-03-28 05:12:05.061 [info] > git check-ignore -v -z --stdin [2ms]
2026-03-28 05:15:50.268 [info] > git show --textconv :frontend/src/components/Sidebar.tsx [11ms]
2026-03-28 05:15:50.269 [info] > git ls-files --stage -- frontend/src/components/Sidebar.tsx [2ms]
2026-03-28 05:15:50.278 [info] > git cat-file -s 3a96cfb83655923adda6a7bcb41a46381a4536a3 [2ms]
2026-03-28 05:15:50.808 [info] > git check-ignore -v -z --stdin [1ms]
2026-03-28 05:16:49.927 [info] > git config --get commit.template [4ms]
2026-03-28 05:16:49.927 [info] > git for-each-ref --format=%(refname)%00%(upstream:short)%00%(objectname)%00%(upstream:track)%00%(upstream:remotename)%00%(upstream:remoteref) refs/heads/master refs/remotes/master [1ms]
2026-03-28 05:16:49.931 [warning] [Git][revParse] Unable to read file: ENOENT: no such file or directory, open '/home/dieno/projects/legis-entropy/.git/refs/remotes/origin/master'
2026-03-28 05:16:49.933 [info] > git rev-parse refs/remotes/origin/master [1ms]
2026-03-28 05:16:49.943 [info] > git for-each-ref --sort -committerdate --format %(refname)%00%(objectname)%00%(*objectname) [2ms]
2026-03-28 05:16:49.951 [info] > git status -z -uall [13ms]
2026-03-28 05:16:53.120 [info] > git blame --root --incremental f33e9a1a8f88b26e60a95f36b1aa59ebecc2cf7a -- frontend/src/components/Sidebar.tsx [2ms]
2026-03-28 05:16:54.971 [info] > git config --get commit.template [7ms]
2026-03-28 05:16:54.971 [info] > git for-each-ref --format=%(refname)%00%(upstream:short)%00%(objectname)%00%(upstream:track)%00%(upstream:remotename)%00%(upstream:remoteref) refs/heads/master refs/remotes/master [1ms]
2026-03-28 05:16:54.976 [warning] [Git][revParse] Unable to read file: ENOENT: no such file or directory, open '/home/dieno/projects/legis-entropy/.git/refs/remotes/origin/master'
2026-03-28 05:16:54.977 [info] > git rev-parse refs/remotes/origin/master [1ms]
2026-03-28 05:16:54.985 [info] > git status -z -uall [4ms]
2026-03-28 05:16:54.986 [info] > git for-each-ref --sort -committerdate --format %(refname)%00%(objectname)%00%(*objectname) [1ms]
2026-03-28 05:18:17.516 [info] > git config --get commit.template [1ms]
2026-03-28 05:18:17.522 [info] > git for-each-ref --format=%(refname)%00%(upstream:short)%00%(objectname)%00%(upstream:track)%00%(upstream:remotename)%00%(upstream:remoteref) refs/heads/master refs/remotes/master [1ms]
2026-03-28 05:18:17.526 [warning] [Git][revParse] Unable to read file: ENOENT: no such file or directory, open '/home/dieno/projects/legis-entropy/.git/refs/remotes/origin/master'
2026-03-28 05:18:17.527 [info] > git rev-parse refs/remotes/origin/master [1ms]
2026-03-28 05:18:17.535 [info] > git status -z -uall [5ms]
2026-03-28 05:18:17.535 [info] > git for-each-ref --sort -committerdate --format %(refname)%00%(objectname)%00%(*objectname) [1ms]
2026-03-28 05:18:22.556 [info] > git config --get commit.template [8ms]
2026-03-28 05:18:22.557 [info] > git for-each-ref --format=%(refname)%00%(upstream:short)%00%(objectname)%00%(upstream:track)%00%(upstream:remotename)%00%(upstream:remoteref) refs/heads/master refs/remotes/master [2ms]
2026-03-28 05:18:22.563 [warning] [Git][revParse] Unable to read file: ENOENT: no such file or directory, open '/home/dieno/projects/legis-entropy/.git/refs/remotes/origin/master'
2026-03-28 05:18:22.565 [info] > git rev-parse refs/remotes/origin/master [2ms]
2026-03-28 05:18:22.576 [info] > git for-each-ref --sort -committerdate --format %(refname)%00%(objectname)%00%(*objectname) [1ms]
2026-03-28 05:18:22.577 [info] > git status -z -uall [7ms]
2026-03-28 05:20:31.237 [info] > git config --get commit.template [6ms]
2026-03-28 05:20:31.238 [info] > git for-each-ref --format=%(refname)%00%(upstream:short)%00%(objectname)%00%(upstream:track)%00%(upstream:remotename)%00%(upstream:remoteref) refs/heads/master refs/remotes/master [2ms]
2026-03-28 05:20:31.242 [warning] [Git][revParse] Unable to read file: ENOENT: no such file or directory, open '/home/dieno/projects/legis-entropy/.git/refs/remotes/origin/master'
2026-03-28 05:20:31.243 [info] > git rev-parse refs/remotes/origin/master [1ms]
2026-03-28 05:20:31.251 [info] > git for-each-ref --sort -committerdate --format %(refname)%00%(objectname)%00%(*objectname) [2ms]
2026-03-28 05:20:31.251 [info] > git status -z -uall [5ms]
2026-03-28 05:21:53.388 [info] > git config --get commit.template [9ms]
2026-03-28 05:21:53.388 [info] > git for-each-ref --format=%(refname)%00%(upstream:short)%00%(objectname)%00%(upstream:track)%00%(upstream:remotename)%00%(upstream:remoteref) refs/heads/master refs/remotes/master [3ms]
2026-03-28 05:21:53.392 [warning] [Git][revParse] Unable to read file: ENOENT: no such file or directory, open '/home/dieno/projects/legis-entropy/.git/refs/remotes/origin/master'
2026-03-28 05:21:53.393 [info] > git rev-parse refs/remotes/origin/master [1ms]
2026-03-28 05:21:53.404 [info] > git status -z -uall [7ms]
2026-03-28 05:21:53.405 [info] > git for-each-ref --sort -committerdate --format %(refname)%00%(objectname)%00%(*objectname) [1ms]
2026-03-28 05:21:58.425 [info] > git config --get commit.template [7ms]
2026-03-28 05:21:58.425 [info] > git for-each-ref --format=%(refname)%00%(upstream:short)%00%(objectname)%00%(upstream:track)%00%(upstream:remotename)%00%(upstream:remoteref) refs/heads/master refs/remotes/master [2ms]
2026-03-28 05:21:58.429 [warning] [Git][revParse] Unable to read file: ENOENT: no such file or directory, open '/home/dieno/projects/legis-entropy/.git/refs/remotes/origin/master'
2026-03-28 05:21:58.430 [info] > git rev-parse refs/remotes/origin/master [1ms]
2026-03-28 05:21:58.438 [info] > git status -z -uall [4ms]
2026-03-28 05:21:58.439 [info] > git for-each-ref --sort -committerdate --format %(refname)%00%(objectname)%00%(*objectname) [2ms]
2026-03-28 05:22:03.454 [info] > git config --get commit.template [5ms]
2026-03-28 05:22:03.456 [info] > git for-each-ref --format=%(refname)%00%(upstream:short)%00%(objectname)%00%(upstream:track)%00%(upstream:remotename)%00%(upstream:remoteref) refs/heads/master refs/remotes/master [2ms]
2026-03-28 05:22:03.461 [warning] [Git][revParse] Unable to read file: ENOENT: no such file or directory, open '/home/dieno/projects/legis-entropy/.git/refs/remotes/origin/master'
2026-03-28 05:22:03.461 [info] > git rev-parse refs/remotes/origin/master [1ms]
2026-03-28 05:22:03.469 [info] > git status -z -uall [4ms]
2026-03-28 05:22:03.470 [info] > git for-each-ref --sort -committerdate --format %(refname)%00%(objectname)%00%(*objectname) [1ms]
2026-03-28 05:26:27.514 [info] > git config --get commit.template [7ms]
2026-03-28 05:26:27.515 [info] > git for-each-ref --format=%(refname)%00%(upstream:short)%00%(objectname)%00%(upstream:track)%00%(upstream:remotename)%00%(upstream:remoteref) refs/heads/master refs/remotes/master [1ms]
2026-03-28 05:26:27.518 [warning] [Git][revParse] Unable to read file: ENOENT: no such file or directory, open '/home/dieno/projects/legis-entropy/.git/refs/remotes/origin/master'
2026-03-28 05:26:27.519 [info] > git rev-parse refs/remotes/origin/master [1ms]
2026-03-28 05:26:27.528 [info] > git status -z -uall [6ms]
2026-03-28 05:26:27.529 [info] > git for-each-ref --sort -committerdate --format %(refname)%00%(objectname)%00%(*objectname) [2ms]
2026-03-28 05:26:32.542 [info] > git config --get commit.template [5ms]
2026-03-28 05:26:32.542 [info] > git for-each-ref --format=%(refname)%00%(upstream:short)%00%(objectname)%00%(upstream:track)%00%(upstream:remotename)%00%(upstream:remoteref) refs/heads/master refs/remotes/master [1ms]
2026-03-28 05:26:32.545 [warning] [Git][revParse] Unable to read file: ENOENT: no such file or directory, open '/home/dieno/projects/legis-entropy/.git/refs/remotes/origin/master'
2026-03-28 05:26:32.546 [info] > git rev-parse refs/remotes/origin/master [1ms]
2026-03-28 05:26:32.556 [info] > git for-each-ref --sort -committerdate --format %(refname)%00%(objectname)%00%(*objectname) [3ms]
2026-03-28 05:26:32.557 [info] > git status -z -uall [8ms]
2026-03-28 05:28:43.303 [info] > git config --get commit.template [9ms]
2026-03-28 05:28:43.304 [info] > git for-each-ref --format=%(refname)%00%(upstream:short)%00%(objectname)%00%(upstream:track)%00%(upstream:remotename)%00%(upstream:remoteref) refs/heads/master refs/remotes/master [2ms]
2026-03-28 05:28:43.311 [warning] [Git][revParse] Unable to read file: ENOENT: no such file or directory, open '/home/dieno/projects/legis-entropy/.git/refs/remotes/origin/master'
2026-03-28 05:28:43.313 [info] > git rev-parse refs/remotes/origin/master [2ms]
2026-03-28 05:28:43.333 [info] > git status -z -uall [12ms]
2026-03-28 05:28:43.335 [info] > git for-each-ref --sort -committerdate --format %(refname)%00%(objectname)%00%(*objectname) [2ms]
2026-03-28 05:28:46.649 [info] > git show --textconv :frontend/src/index.css [22ms]
2026-03-28 05:28:46.650 [info] > git ls-files --stage -- frontend/src/index.css [10ms]
2026-03-28 05:28:46.665 [info] > git cat-file -s 2eb408754976ac223a071833905863f16abb7573 [5ms]
2026-03-28 05:28:46.857 [info] > git blame --root --incremental f33e9a1a8f88b26e60a95f36b1aa59ebecc2cf7a -- frontend/src/index.css [5ms]
2026-03-28 05:28:48.367 [info] > git config --get commit.template [13ms]
2026-03-28 05:28:48.368 [info] > git for-each-ref --format=%(refname)%00%(upstream:short)%00%(objectname)%00%(upstream:track)%00%(upstream:remotename)%00%(upstream:remoteref) refs/heads/master refs/remotes/master [2ms]
2026-03-28 05:28:48.376 [warning] [Git][revParse] Unable to read file: ENOENT: no such file or directory, open '/home/dieno/projects/legis-entropy/.git/refs/remotes/origin/master'
2026-03-28 05:28:48.379 [info] > git rev-parse refs/remotes/origin/master [4ms]
2026-03-28 05:28:48.416 [info] > git for-each-ref --sort -committerdate --format %(refname)%00%(objectname)%00%(*objectname) [4ms]
2026-03-28 05:28:48.418 [info] > git status -z -uall [29ms]
2026-03-28 05:28:53.449 [info] > git config --get commit.template [9ms]
2026-03-28 05:28:53.466 [info] > git for-each-ref --format=%(refname)%00%(upstream:short)%00%(objectname)%00%(upstream:track)%00%(upstream:remotename)%00%(upstream:remoteref) refs/heads/master refs/remotes/master [8ms]
2026-03-28 05:28:53.476 [warning] [Git][revParse] Unable to read file: ENOENT: no such file or directory, open '/home/dieno/projects/legis-entropy/.git/refs/remotes/origin/master'
2026-03-28 05:28:53.478 [info] > git rev-parse refs/remotes/origin/master [3ms]
2026-03-28 05:28:53.514 [info] > git for-each-ref --sort -committerdate --format %(refname)%00%(objectname)%00%(*objectname) [5ms]
2026-03-28 05:28:53.520 [info] > git status -z -uall [23ms]
2026-03-28 05:28:58.552 [info] > git config --get commit.template [11ms]
2026-03-28 05:28:58.555 [info] > git for-each-ref --format=%(refname)%00%(upstream:short)%00%(objectname)%00%(upstream:track)%00%(upstream:remotename)%00%(upstream:remoteref) refs/heads/master refs/remotes/master [4ms]
2026-03-28 05:28:58.563 [warning] [Git][revParse] Unable to read file: ENOENT: no such file or directory, open '/home/dieno/projects/legis-entropy/.git/refs/remotes/origin/master'
2026-03-28 05:28:58.565 [info] > git rev-parse refs/remotes/origin/master [2ms]
2026-03-28 05:28:58.585 [info] > git status -z -uall [11ms]
2026-03-28 05:28:58.587 [info] > git for-each-ref --sort -committerdate --format %(refname)%00%(objectname)%00%(*objectname) [3ms]
2026-03-28 05:29:03.612 [info] > git config --get commit.template [9ms]
2026-03-28 05:29:03.615 [info] > git for-each-ref --format=%(refname)%00%(upstream:short)%00%(objectname)%00%(upstream:track)%00%(upstream:remotename)%00%(upstream:remoteref) refs/heads/master refs/remotes/master [5ms]
2026-03-28 05:29:03.627 [warning] [Git][revParse] Unable to read file: ENOENT: no such file or directory, open '/home/dieno/projects/legis-entropy/.git/refs/remotes/origin/master'
2026-03-28 05:29:03.632 [info] > git rev-parse refs/remotes/origin/master [5ms]
2026-03-28 05:29:03.655 [info] > git status -z -uall [14ms]
2026-03-28 05:29:03.665 [info] > git for-each-ref --sort -committerdate --format %(refname)%00%(objectname)%00%(*objectname) [11ms]
2026-03-28 05:29:08.710 [info] > git for-each-ref --format=%(refname)%00%(upstream:short)%00%(objectname)%00%(upstream:track)%00%(upstream:remotename)%00%(upstream:remoteref) refs/heads/master refs/remotes/master [10ms]
2026-03-28 05:29:08.711 [info] > git config --get commit.template [24ms]
2026-03-28 05:29:08.721 [warning] [Git][revParse] Unable to read file: ENOENT: no such file or directory, open '/home/dieno/projects/legis-entropy/.git/refs/remotes/origin/master'
2026-03-28 05:29:08.727 [info] > git rev-parse refs/remotes/origin/master [6ms]
2026-03-28 05:29:08.756 [info] > git status -z -uall [19ms]
2026-03-28 05:29:08.760 [info] > git for-each-ref --sort -committerdate --format %(refname)%00%(objectname)%00%(*objectname) [7ms]
2026-03-28 05:29:13.811 [info] > git for-each-ref --format=%(refname)%00%(upstream:short)%00%(objectname)%00%(upstream:track)%00%(upstream:remotename)%00%(upstream:remoteref) refs/heads/master refs/remotes/master [8ms]
2026-03-28 05:29:13.812 [info] > git config --get commit.template [21ms]
2026-03-28 05:29:13.821 [warning] [Git][revParse] Unable to read file: ENOENT: no such file or directory, open '/home/dieno/projects/legis-entropy/.git/refs/remotes/origin/master'
2026-03-28 05:29:13.828 [info] > git rev-parse refs/remotes/origin/master [6ms]
2026-03-28 05:29:13.864 [info] > git status -z -uall [26ms]
2026-03-28 05:29:13.866 [info] > git for-each-ref --sort -committerdate --format %(refname)%00%(objectname)%00%(*objectname) [8ms]
2026-03-28 05:29:16.631 [info] > git show --textconv :frontend/src/components/ComparePanel.tsx [20ms]
2026-03-28 05:29:16.636 [info] > git ls-files --stage -- frontend/src/components/ComparePanel.tsx [5ms]
2026-03-28 05:29:16.650 [info] > git cat-file -s d8ad86f523de5a1477fdb3bb1a96ad4d255dcdf4 [4ms]
2026-03-28 05:29:17.530 [info] > git blame --root --incremental f33e9a1a8f88b26e60a95f36b1aa59ebecc2cf7a -- frontend/src/components/ComparePanel.tsx [13ms]
2026-03-28 05:29:18.960 [info] > git config --get commit.template [5ms]
2026-03-28 05:29:18.969 [info] > git for-each-ref --format=%(refname)%00%(upstream:short)%00%(objectname)%00%(upstream:track)%00%(upstream:remotename)%00%(upstream:remoteref) refs/heads/master refs/remotes/master [2ms]
2026-03-28 05:29:18.975 [warning] [Git][revParse] Unable to read file: ENOENT: no such file or directory, open '/home/dieno/projects/legis-entropy/.git/refs/remotes/origin/master'
2026-03-28 05:29:18.987 [info] > git show --textconv :frontend/src/components/Sidebar.tsx [6ms]
2026-03-28 05:29:18.987 [info] > git rev-parse refs/remotes/origin/master [12ms]
2026-03-28 05:29:18.998 [info] > git ls-files --stage -- frontend/src/components/Sidebar.tsx [12ms]
2026-03-28 05:29:19.005 [info] > git status -z -uall [13ms]
2026-03-28 05:29:19.005 [info] > git cat-file -s 3a96cfb83655923adda6a7bcb41a46381a4536a3 [2ms]
2026-03-28 05:29:19.006 [info] > git for-each-ref --sort -committerdate --format %(refname)%00%(objectname)%00%(*objectname) [9ms]
2026-03-28 05:29:26.440 [info] > git show --textconv :frontend/src/components/ComparePanel.tsx [9ms]
2026-03-28 05:29:26.441 [info] > git ls-files --stage -- frontend/src/components/ComparePanel.tsx [3ms]
2026-03-28 05:29:26.449 [info] > git cat-file -s d8ad86f523de5a1477fdb3bb1a96ad4d255dcdf4 [2ms]
2026-03-28 05:29:27.148 [info] > git for-each-ref --format=%(refname)%00%(upstream:short)%00%(objectname)%00%(upstream:track)%00%(upstream:remotename)%00%(upstream:remoteref) refs/heads/master refs/remotes/master [3ms]
2026-03-28 05:29:27.151 [info] > git config --get commit.template [23ms]
2026-03-28 05:29:27.180 [warning] [Git][revParse] Unable to read file: ENOENT: no such file or directory, open '/home/dieno/projects/legis-entropy/.git/refs/remotes/origin/master'
2026-03-28 05:29:27.197 [info] > git rev-parse refs/remotes/origin/master [17ms]
2026-03-28 05:29:27.231 [info] > git status -z -uall [15ms]
2026-03-28 05:29:27.233 [info] > git for-each-ref --sort -committerdate --format %(refname)%00%(objectname)%00%(*objectname) [5ms]
2026-03-28 05:33:18.989 [info] > git show --textconv :frontend/src/components/AnalysisProgress.tsx [24ms]
2026-03-28 05:33:18.989 [info] > git ls-files --stage -- frontend/src/components/AnalysisProgress.tsx [13ms]
2026-03-28 05:33:19.017 [info] > git cat-file -s 340cb0dec6a6ac96a1bb9fb40de62e62eb3383d6 [8ms]
2026-03-28 05:34:38.462 [info] > git config --get commit.template [28ms]
2026-03-28 05:34:38.462 [info] > git for-each-ref --format=%(refname)%00%(upstream:short)%00%(objectname)%00%(upstream:track)%00%(upstream:remotename)%00%(upstream:remoteref) refs/heads/master refs/remotes/master [8ms]
2026-03-28 05:34:38.472 [warning] [Git][revParse] Unable to read file: ENOENT: no such file or directory, open '/home/dieno/projects/legis-entropy/.git/refs/remotes/origin/master'
2026-03-28 05:34:38.475 [info] > git rev-parse refs/remotes/origin/master [2ms]
2026-03-28 05:34:38.538 [info] > git status -z -uall [48ms]
2026-03-28 05:34:38.540 [info] > git for-each-ref --sort -committerdate --format %(refname)%00%(objectname)%00%(*objectname) [5ms]
2026-03-28 05:34:40.174 [info] > git blame --root --incremental f33e9a1a8f88b26e60a95f36b1aa59ebecc2cf7a -- frontend/src/components/AnalysisProgress.tsx [53ms]
2026-03-28 05:34:43.570 [info] > git config --get commit.template [11ms]
2026-03-28 05:34:43.571 [info] > git for-each-ref --format=%(refname)%00%(upstream:short)%00%(objectname)%00%(upstream:track)%00%(upstream:remotename)%00%(upstream:remoteref) refs/heads/master refs/remotes/master [3ms]
2026-03-28 05:34:43.579 [warning] [Git][revParse] Unable to read file: ENOENT: no such file or directory, open '/home/dieno/projects/legis-entropy/.git/refs/remotes/origin/master'
2026-03-28 05:34:43.580 [info] > git rev-parse refs/remotes/origin/master [1ms]
2026-03-28 05:34:43.597 [info] > git status -z -uall [10ms]
2026-03-28 05:34:43.599 [info] > git for-each-ref --sort -committerdate --format %(refname)%00%(objectname)%00%(*objectname) [3ms]
2026-03-28 05:34:54.115 [info] > git config --get commit.template [11ms]
2026-03-28 05:34:54.116 [info] > git for-each-ref --format=%(refname)%00%(upstream:short)%00%(objectname)%00%(upstream:track)%00%(upstream:remotename)%00%(upstream:remoteref) refs/heads/master refs/remotes/master [3ms]
2026-03-28 05:34:54.132 [warning] [Git][revParse] Unable to read file: ENOENT: no such file or directory, open '/home/dieno/projects/legis-entropy/.git/refs/remotes/origin/master'
2026-03-28 05:34:54.141 [info] > git rev-parse refs/remotes/origin/master [9ms]
2026-03-28 05:34:54.180 [info] > git status -z -uall [26ms]
2026-03-28 05:34:54.184 [info] > git for-each-ref --sort -committerdate --format %(refname)%00%(objectname)%00%(*objectname) [6ms]
2026-03-28 05:37:29.668 [info] > git config --get commit.template [7ms]
2026-03-28 05:37:29.670 [info] > git for-each-ref --format=%(refname)%00%(upstream:short)%00%(objectname)%00%(upstream:track)%00%(upstream:remotename)%00%(upstream:remoteref) refs/heads/master refs/remotes/master [2ms]
2026-03-28 05:37:29.674 [warning] [Git][revParse] Unable to read file: ENOENT: no such file or directory, open '/home/dieno/projects/legis-entropy/.git/refs/remotes/origin/master'
2026-03-28 05:37:29.675 [info] > git rev-parse refs/remotes/origin/master [1ms]
2026-03-28 05:37:29.684 [info] > git status -z -uall [4ms]
2026-03-28 05:37:29.685 [info] > git for-each-ref --sort -committerdate --format %(refname)%00%(objectname)%00%(*objectname) [1ms]
2026-03-28 05:37:31.328 [info] > git show --textconv :frontend/src/App.tsx [4ms]
2026-03-28 05:37:31.329 [info] > git ls-files --stage -- frontend/src/App.tsx [1ms]
2026-03-28 05:37:31.333 [info] > git cat-file -s 4fe981c3e35892b712d4091c2d89fae911895f36 [1ms]
2026-03-28 05:38:51.674 [info] > git check-ignore -v -z --stdin [4ms]
2026-03-28 05:39:01.506 [info] > git show --textconv :frontend/src/App.tsx [16ms]
2026-03-28 05:39:01.511 [info] > git ls-files --stage -- frontend/src/App.tsx [8ms]
2026-03-28 05:39:01.523 [info] > git cat-file -s 4fe981c3e35892b712d4091c2d89fae911895f36 [4ms]
2026-03-28 05:39:01.642 [info] > git blame --root --incremental f33e9a1a8f88b26e60a95f36b1aa59ebecc2cf7a -- frontend/src/App.tsx [2ms]
2026-03-28 05:39:26.082 [info] > git config --get commit.template [10ms]
2026-03-28 05:39:26.083 [info] > git for-each-ref --format=%(refname)%00%(upstream:short)%00%(objectname)%00%(upstream:track)%00%(upstream:remotename)%00%(upstream:remoteref) refs/heads/master refs/remotes/master [2ms]
2026-03-28 05:39:26.091 [warning] [Git][revParse] Unable to read file: ENOENT: no such file or directory, open '/home/dieno/projects/legis-entropy/.git/refs/remotes/origin/master'
2026-03-28 05:39:26.093 [info] > git rev-parse refs/remotes/origin/master [2ms]
2026-03-28 05:39:26.109 [info] > git for-each-ref --sort -committerdate --format %(refname)%00%(objectname)%00%(*objectname) [2ms]
2026-03-28 05:39:26.111 [info] > git status -z -uall [11ms]
2026-03-28 05:45:28.981 [info] > git show --textconv :frontend/src/App.tsx [7ms]
2026-03-28 05:45:28.982 [info] > git ls-files --stage -- frontend/src/App.tsx [2ms]
2026-03-28 05:45:28.990 [info] > git cat-file -s 4fe981c3e35892b712d4091c2d89fae911895f36 [2ms]
2026-03-28 05:45:29.825 [info] > git config --get commit.template [4ms]
2026-03-28 05:45:29.825 [info] > git for-each-ref --format=%(refname)%00%(upstream:short)%00%(objectname)%00%(upstream:track)%00%(upstream:remotename)%00%(upstream:remoteref) refs/heads/master refs/remotes/master [1ms]
2026-03-28 05:45:29.828 [warning] [Git][revParse] Unable to read file: ENOENT: no such file or directory, open '/home/dieno/projects/legis-entropy/.git/refs/remotes/origin/master'
2026-03-28 05:45:29.829 [info] > git rev-parse refs/remotes/origin/master [1ms]
2026-03-28 05:45:29.835 [info] > git status -z -uall [3ms]
2026-03-28 05:45:29.836 [info] > git for-each-ref --sort -committerdate --format %(refname)%00%(objectname)%00%(*objectname) [1ms]
2026-03-28 05:45:35.870 [info] > git config --get commit.template [1ms]
2026-03-28 05:45:35.875 [info] > git for-each-ref --format=%(refname)%00%(upstream:short)%00%(objectname)%00%(upstream:track)%00%(upstream:remotename)%00%(upstream:remoteref) refs/heads/master refs/remotes/master [1ms]
2026-03-28 05:45:35.879 [warning] [Git][revParse] Unable to read file: ENOENT: no such file or directory, open '/home/dieno/projects/legis-entropy/.git/refs/remotes/origin/master'
2026-03-28 05:45:35.880 [info] > git rev-parse refs/remotes/origin/master [1ms]
2026-03-28 05:45:35.890 [info] > git status -z -uall [5ms]
2026-03-28 05:45:35.890 [info] > git for-each-ref --sort -committerdate --format %(refname)%00%(objectname)%00%(*objectname) [1ms]
2026-03-28 05:48:44.056 [info] > git check-ignore -v -z --stdin [2ms]
2026-03-28 05:48:47.176 [info] > git check-ignore -v -z --stdin [1ms]
2026-03-28 05:48:49.523 [info] > git check-ignore -v -z --stdin [2ms]
2026-03-28 05:48:51.403 [info] > git check-ignore -v -z --stdin [2ms]
2026-03-28 05:48:53.277 [info] > git check-ignore -v -z --stdin [1ms]
2026-03-28 05:48:55.495 [info] > git check-ignore -v -z --stdin [2ms]
2026-03-28 05:49:32.621 [info] > git config --get commit.template [10ms]
2026-03-28 05:49:32.627 [info] > git for-each-ref --format=%(refname)%00%(upstream:short)%00%(objectname)%00%(upstream:track)%00%(upstream:remotename)%00%(upstream:remoteref) refs/heads/master refs/remotes/master [2ms]
2026-03-28 05:49:32.631 [warning] [Git][revParse] Unable to read file: ENOENT: no such file or directory, open '/home/dieno/projects/legis-entropy/.git/refs/remotes/origin/master'
2026-03-28 05:49:32.632 [info] > git rev-parse refs/remotes/origin/master [1ms]
2026-03-28 05:49:32.639 [info] > git status -z -uall [4ms]
2026-03-28 05:49:32.640 [info] > git for-each-ref --sort -committerdate --format %(refname)%00%(objectname)%00%(*objectname) [1ms]
2026-03-28 05:49:53.951 [info] > git config --get commit.template [4ms]
2026-03-28 05:49:53.951 [info] > git for-each-ref --format=%(refname)%00%(upstream:short)%00%(objectname)%00%(upstream:track)%00%(upstream:remotename)%00%(upstream:remoteref) refs/heads/master refs/remotes/master [1ms]
2026-03-28 05:49:53.955 [warning] [Git][revParse] Unable to read file: ENOENT: no such file or directory, open '/home/dieno/projects/legis-entropy/.git/refs/remotes/origin/master'
2026-03-28 05:49:53.957 [info] > git rev-parse refs/remotes/origin/master [2ms]
2026-03-28 05:49:53.965 [info] > git status -z -uall [5ms]
2026-03-28 05:49:53.965 [info] > git for-each-ref --sort -committerdate --format %(refname)%00%(objectname)%00%(*objectname) [1ms]
2026-03-28 05:50:00.348 [info] > git config --get commit.template [5ms]
2026-03-28 05:50:00.349 [info] > git for-each-ref --format=%(refname)%00%(upstream:short)%00%(objectname)%00%(upstream:track)%00%(upstream:remotename)%00%(upstream:remoteref) refs/heads/master refs/remotes/master [1ms]
2026-03-28 05:50:00.353 [warning] [Git][revParse] Unable to read file: ENOENT: no such file or directory, open '/home/dieno/projects/legis-entropy/.git/refs/remotes/origin/master'
2026-03-28 05:50:00.354 [info] > git rev-parse refs/remotes/origin/master [1ms]
2026-03-28 05:50:00.363 [info] > git status -z -uall [4ms]
2026-03-28 05:50:00.363 [info] > git for-each-ref --sort -committerdate --format %(refname)%00%(objectname)%00%(*objectname) [1ms]
2026-03-28 05:50:06.827 [info] > git config --get commit.template [4ms]
2026-03-28 05:50:06.828 [info] > git for-each-ref --format=%(refname)%00%(upstream:short)%00%(objectname)%00%(upstream:track)%00%(upstream:remotename)%00%(upstream:remoteref) refs/heads/master refs/remotes/master [1ms]
2026-03-28 05:50:06.831 [warning] [Git][revParse] Unable to read file: ENOENT: no such file or directory, open '/home/dieno/projects/legis-entropy/.git/refs/remotes/origin/master'
2026-03-28 05:50:06.832 [info] > git rev-parse refs/remotes/origin/master [1ms]
2026-03-28 05:50:06.838 [info] > git status -z -uall [3ms]
2026-03-28 05:50:06.839 [info] > git for-each-ref --sort -committerdate --format %(refname)%00%(objectname)%00%(*objectname) [1ms]
2026-03-28 05:50:11.851 [info] > git config --get commit.template [6ms]
2026-03-28 05:50:11.851 [info] > git for-each-ref --format=%(refname)%00%(upstream:short)%00%(objectname)%00%(upstream:track)%00%(upstream:remotename)%00%(upstream:remoteref) refs/heads/master refs/remotes/master [1ms]
2026-03-28 05:50:11.855 [warning] [Git][revParse] Unable to read file: ENOENT: no such file or directory, open '/home/dieno/projects/legis-entropy/.git/refs/remotes/origin/master'
2026-03-28 05:50:11.856 [info] > git rev-parse refs/remotes/origin/master [1ms]
2026-03-28 05:50:11.863 [info] > git status -z -uall [4ms]
2026-03-28 05:50:11.863 [info] > git for-each-ref --sort -committerdate --format %(refname)%00%(objectname)%00%(*objectname) [1ms]
2026-03-28 05:50:16.883 [info] > git config --get commit.template [8ms]
2026-03-28 05:50:16.884 [info] > git for-each-ref --format=%(refname)%00%(upstream:short)%00%(objectname)%00%(upstream:track)%00%(upstream:remotename)%00%(upstream:remoteref) refs/heads/master refs/remotes/master [1ms]
2026-03-28 05:50:16.889 [warning] [Git][revParse] Unable to read file: ENOENT: no such file or directory, open '/home/dieno/projects/legis-entropy/.git/refs/remotes/origin/master'
2026-03-28 05:50:16.891 [info] > git rev-parse refs/remotes/origin/master [2ms]
2026-03-28 05:50:16.902 [info] > git for-each-ref --sort -committerdate --format %(refname)%00%(objectname)%00%(*objectname) [1ms]
2026-03-28 05:50:16.902 [info] > git status -z -uall [5ms]
2026-03-28 05:50:21.921 [info] > git config --get commit.template [6ms]
2026-03-28 05:50:21.922 [info] > git for-each-ref --format=%(refname)%00%(upstream:short)%00%(objectname)%00%(upstream:track)%00%(upstream:remotename)%00%(upstream:remoteref) refs/heads/master refs/remotes/master [2ms]
2026-03-28 05:50:21.928 [warning] [Git][revParse] Unable to read file: ENOENT: no such file or directory, open '/home/dieno/projects/legis-entropy/.git/refs/remotes/origin/master'
2026-03-28 05:50:21.929 [info] > git rev-parse refs/remotes/origin/master [1ms]
2026-03-28 05:50:21.941 [info] > git for-each-ref --sort -committerdate --format %(refname)%00%(objectname)%00%(*objectname) [1ms]
2026-03-28 05:50:21.941 [info] > git status -z -uall [7ms]
2026-03-28 05:50:27.301 [info] > git config --get commit.template [7ms]
2026-03-28 05:50:27.302 [info] > git for-each-ref --format=%(refname)%00%(upstream:short)%00%(objectname)%00%(upstream:track)%00%(upstream:remotename)%00%(upstream:remoteref) refs/heads/master refs/remotes/master [2ms]
2026-03-28 05:50:27.307 [warning] [Git][revParse] Unable to read file: ENOENT: no such file or directory, open '/home/dieno/projects/legis-entropy/.git/refs/remotes/origin/master'
2026-03-28 05:50:27.308 [info] > git rev-parse refs/remotes/origin/master [1ms]
2026-03-28 05:50:27.315 [info] > git status -z -uall [4ms]
2026-03-28 05:50:27.316 [info] > git for-each-ref --sort -committerdate --format %(refname)%00%(objectname)%00%(*objectname) [1ms]
2026-03-28 05:57:06.323 [info] > git config --get commit.template [6ms]
2026-03-28 05:57:06.324 [info] > git for-each-ref --format=%(refname)%00%(upstream:short)%00%(objectname)%00%(upstream:track)%00%(upstream:remotename)%00%(upstream:remoteref) refs/heads/master refs/remotes/master [2ms]
2026-03-28 05:57:06.329 [warning] [Git][revParse] Unable to read file: ENOENT: no such file or directory, open '/home/dieno/projects/legis-entropy/.git/refs/remotes/origin/master'
2026-03-28 05:57:06.330 [info] > git rev-parse refs/remotes/origin/master [2ms]
2026-03-28 05:57:06.341 [info] > git status -z -uall [6ms]
2026-03-28 05:57:06.342 [info] > git for-each-ref --sort -committerdate --format %(refname)%00%(objectname)%00%(*objectname) [2ms]
2026-03-28 06:02:40.417 [info] > git config --get commit.template [10ms]
2026-03-28 06:02:40.419 [info] > git for-each-ref --format=%(refname)%00%(upstream:short)%00%(objectname)%00%(upstream:track)%00%(upstream:remotename)%00%(upstream:remoteref) refs/heads/master refs/remotes/master [3ms]
2026-03-28 06:02:40.428 [warning] [Git][revParse] Unable to read file: ENOENT: no such file or directory, open '/home/dieno/projects/legis-entropy/.git/refs/remotes/origin/master'
2026-03-28 06:02:40.431 [info] > git rev-parse refs/remotes/origin/master [3ms]
2026-03-28 06:02:40.454 [info] > git status -z -uall [15ms]
2026-03-28 06:02:40.455 [info] > git for-each-ref --sort -committerdate --format %(refname)%00%(objectname)%00%(*objectname) [3ms]
2026-03-28 06:02:55.636 [info] > git config --get commit.template [14ms]
2026-03-28 06:02:55.655 [info] > git for-each-ref --format=%(refname)%00%(upstream:short)%00%(objectname)%00%(upstream:track)%00%(upstream:remotename)%00%(upstream:remoteref) refs/heads/master refs/remotes/master [5ms]
2026-03-28 06:02:55.665 [warning] [Git][revParse] Unable to read file: ENOENT: no such file or directory, open '/home/dieno/projects/legis-entropy/.git/refs/remotes/origin/master'
2026-03-28 06:02:55.668 [info] > git rev-parse refs/remotes/origin/master [3ms]
2026-03-28 06:02:55.689 [info] > git status -z -uall [12ms]
2026-03-28 06:02:55.693 [info] > git for-each-ref --sort -committerdate --format %(refname)%00%(objectname)%00%(*objectname) [5ms]
2026-03-28 06:02:56.075 [info] > git show --textconv :frontend/src/components/LegendPanel.tsx [43ms]
2026-03-28 06:02:56.075 [info] > git show --textconv HEAD:frontend/src/components/LegendPanel.tsx [31ms]
2026-03-28 06:02:56.075 [info] > git ls-files --stage -- frontend/src/components/LegendPanel.tsx [15ms]
2026-03-28 06:02:56.115 [info] > git hash-object -t tree /dev/null [10ms]
2026-03-28 06:02:56.116 [warning] [GitFileSystemProvider][readFile] File not found - git:/home/dieno/projects/legis-entropy/frontend/src/components/LegendPanel.tsx.git?%7B%22path%22%3A%22%2Fhome%2Fdieno%2Fprojects%2Flegis-entropy%2Ffrontend%2Fsrc%2Fcomponents%2FLegendPanel.tsx%22%2C%22ref%22%3A%22HEAD%22%7D
2026-03-28 06:02:56.117 [info] > git cat-file -s 14342db2b6762fb9a21bbaee2d7a973b2b8f6080 [33ms]
2026-03-28 06:02:56.121 [info] > git ls-tree -l HEAD -- frontend/src/components/LegendPanel.tsx [48ms]
2026-03-28 06:02:56.123 [warning] [GitFileSystemProvider][stat] File not found - git:/home/dieno/projects/legis-entropy/frontend/src/components/LegendPanel.tsx.git?%7B%22path%22%3A%22%2Fhome%2Fdieno%2Fprojects%2Flegis-entropy%2Ffrontend%2Fsrc%2Fcomponents%2FLegendPanel.tsx%22%2C%22ref%22%3A%22HEAD%22%7D
2026-03-28 06:02:56.747 [info] > git ls-files --stage -- frontend/src/components/LegendPanel.tsx [3ms]
2026-03-28 06:02:56.757 [info] > git cat-file -s 14342db2b6762fb9a21bbaee2d7a973b2b8f6080 [2ms]
2026-03-28 06:02:56.772 [info] > git show --textconv :frontend/src/components/LegendPanel.tsx [3ms]
2026-03-28 06:03:08.092 [info] > git config --get commit.template [2ms]
2026-03-28 06:03:08.104 [info] > git for-each-ref --format=%(refname)%00%(upstream:short)%00%(objectname)%00%(upstream:track)%00%(upstream:remotename)%00%(upstream:remoteref) refs/heads/master refs/remotes/master [4ms]
2026-03-28 06:03:08.113 [warning] [Git][revParse] Unable to read file: ENOENT: no such file or directory, open '/home/dieno/projects/legis-entropy/.git/refs/remotes/origin/master'
2026-03-28 06:03:08.117 [info] > git rev-parse refs/remotes/origin/master [4ms]
2026-03-28 06:03:08.138 [info] > git status -z -uall [12ms]
2026-03-28 06:03:08.139 [info] > git for-each-ref --sort -committerdate --format %(refname)%00%(objectname)%00%(*objectname) [4ms]
2026-03-28 06:03:08.162 [info] > git merge-base refs/heads/master refs/remotes/origin/master [5ms]
2026-03-28 06:03:08.181 [info] > git diff --name-status -z --diff-filter=ADMR --find-renames=50% f33e9a1a8f88b26e60a95f36b1aa59ebecc2cf7a...refs/remotes/origin/master -- [3ms]
2026-03-28 06:03:09.228 [info] > git ls-files --stage -- frontend/src/components/LegendPanel.tsx [2ms]
2026-03-28 06:03:09.236 [info] > git cat-file -s 14342db2b6762fb9a21bbaee2d7a973b2b8f6080 [2ms]
2026-03-28 06:03:09.247 [info] > git show --textconv :frontend/src/components/LegendPanel.tsx [2ms]
2026-03-28 06:03:15.559 [info] > git config --get commit.template [15ms]
2026-03-28 06:03:15.564 [info] > git for-each-ref --format=%(refname)%00%(upstream:short)%00%(objectname)%00%(upstream:track)%00%(upstream:remotename)%00%(upstream:remoteref) refs/heads/master refs/remotes/master [7ms]
2026-03-28 06:03:15.596 [info] > git status -z -uall [20ms]
2026-03-28 06:03:15.602 [info] > git for-each-ref --sort -committerdate --format %(refname)%00%(objectname)%00%(*objectname) [9ms]
2026-03-28 06:03:15.653 [info] > git merge-base refs/heads/master refs/remotes/origin/master [13ms]
2026-03-28 06:03:15.672 [info] > git diff --name-status -z --diff-filter=ADMR --find-renames=50% a8f273fecd9991f6d32c3864bda44cd9fadee577...refs/remotes/origin/master -- [6ms]
2026-03-28 06:03:16.672 [info] > git config --get commit.template [10ms]
2026-03-28 06:03:16.674 [info] > git for-each-ref --format=%(refname)%00%(upstream:short)%00%(objectname)%00%(upstream:track)%00%(upstream:remotename)%00%(upstream:remoteref) refs/heads/master refs/remotes/master [3ms]
2026-03-28 06:03:16.697 [info] > git status -z -uall [14ms]
2026-03-28 06:03:16.700 [info] > git for-each-ref --sort -committerdate --format %(refname)%00%(objectname)%00%(*objectname) [3ms]
2026-03-28 06:03:16.766 [info] > git ls-files --stage -- frontend/src/components/LegendPanel.tsx [1ms]
2026-03-28 06:03:16.777 [info] > git cat-file -s 14342db2b6762fb9a21bbaee2d7a973b2b8f6080 [2ms]
2026-03-28 06:03:16.794 [info] > git show --textconv :frontend/src/components/LegendPanel.tsx [5ms]
2026-03-28 06:06:58.277 [info] > git config --get commit.template [11ms]
2026-03-28 06:06:58.283 [info] > git for-each-ref --format=%(refname)%00%(upstream:short)%00%(objectname)%00%(upstream:track)%00%(upstream:remotename)%00%(upstream:remoteref) refs/heads/master refs/remotes/master [10ms]
2026-03-28 06:06:58.308 [info] > git status -z -uall [13ms]
2026-03-28 06:06:58.311 [info] > git for-each-ref --sort -committerdate --format %(refname)%00%(objectname)%00%(*objectname) [3ms]
2026-03-28 06:07:09.130 [info] > git blame --root --incremental a8f273fecd9991f6d32c3864bda44cd9fadee577 -- frontend/src/components/LegendPanel.tsx [3ms]
2026-03-28 06:07:10.596 [info] > git config --get commit.template [7ms]
2026-03-28 06:07:10.597 [info] > git for-each-ref --format=%(refname)%00%(upstream:short)%00%(objectname)%00%(upstream:track)%00%(upstream:remotename)%00%(upstream:remoteref) refs/heads/master refs/remotes/master [2ms]
2026-03-28 06:07:10.627 [info] > git status -z -uall [14ms]
2026-03-28 06:07:10.629 [info] > git for-each-ref --sort -committerdate --format %(refname)%00%(objectname)%00%(*objectname) [3ms]
2026-03-28 06:10:27.232 [info] > git config --get commit.template [3ms]
2026-03-28 06:10:27.232 [info] > git for-each-ref --format=%(refname)%00%(upstream:short)%00%(objectname)%00%(upstream:track)%00%(upstream:remotename)%00%(upstream:remoteref) refs/heads/master refs/remotes/master [1ms]
2026-03-28 06:10:27.238 [info] > git status -z -uall [3ms]
2026-03-28 06:10:27.239 [info] > git for-each-ref --sort -committerdate --format %(refname)%00%(objectname)%00%(*objectname) [1ms]
2026-03-28 06:12:09.364 [info] > git config --get commit.template [4ms]
2026-03-28 06:12:09.364 [info] > git for-each-ref --format=%(refname)%00%(upstream:short)%00%(objectname)%00%(upstream:track)%00%(upstream:remotename)%00%(upstream:remoteref) refs/heads/master refs/remotes/master [1ms]
2026-03-28 06:12:09.374 [info] > git status -z -uall [5ms]
2026-03-28 06:12:09.375 [info] > git for-each-ref --sort -committerdate --format %(refname)%00%(objectname)%00%(*objectname) [1ms]
2026-03-28 06:12:14.811 [info] > git config --get commit.template [6ms]
2026-03-28 06:12:14.812 [info] > git for-each-ref --format=%(refname)%00%(upstream:short)%00%(objectname)%00%(upstream:track)%00%(upstream:remotename)%00%(upstream:remoteref) refs/heads/master refs/remotes/master [2ms]
2026-03-28 06:12:14.821 [info] > git status -z -uall [5ms]
2026-03-28 06:12:14.821 [info] > git for-each-ref --sort -committerdate --format %(refname)%00%(objectname)%00%(*objectname) [1ms]
2026-03-28 06:12:19.842 [info] > git config --get commit.template [6ms]
2026-03-28 06:12:19.843 [info] > git for-each-ref --format=%(refname)%00%(upstream:short)%00%(objectname)%00%(upstream:track)%00%(upstream:remotename)%00%(upstream:remoteref) refs/heads/master refs/remotes/master [2ms]
2026-03-28 06:12:19.856 [info] > git status -z -uall [6ms]
2026-03-28 06:12:19.857 [info] > git for-each-ref --sort -committerdate --format %(refname)%00%(objectname)%00%(*objectname) [2ms]
2026-03-28 06:13:43.065 [info] > git config --get commit.template [4ms]
2026-03-28 06:13:43.065 [info] > git for-each-ref --format=%(refname)%00%(upstream:short)%00%(objectname)%00%(upstream:track)%00%(upstream:remotename)%00%(upstream:remoteref) refs/heads/master refs/remotes/master [1ms]
2026-03-28 06:13:43.074 [info] > git status -z -uall [4ms]
2026-03-28 06:13:43.075 [info] > git for-each-ref --sort -committerdate --format %(refname)%00%(objectname)%00%(*objectname) [2ms]
2026-03-28 06:13:48.091 [info] > git config --get commit.template [6ms]
2026-03-28 06:13:48.092 [info] > git for-each-ref --format=%(refname)%00%(upstream:short)%00%(objectname)%00%(upstream:track)%00%(upstream:remotename)%00%(upstream:remoteref) refs/heads/master refs/remotes/master [1ms]
2026-03-28 06:13:48.101 [info] > git status -z -uall [5ms]
2026-03-28 06:13:48.103 [info] > git for-each-ref --sort -committerdate --format %(refname)%00%(objectname)%00%(*objectname) [3ms]
2026-03-28 06:15:36.941 [info] > git config --get commit.template [6ms]
2026-03-28 06:15:36.941 [info] > git for-each-ref --format=%(refname)%00%(upstream:short)%00%(objectname)%00%(upstream:track)%00%(upstream:remotename)%00%(upstream:remoteref) refs/heads/master refs/remotes/master [1ms]
2026-03-28 06:15:36.950 [info] > git status -z -uall [5ms]
2026-03-28 06:15:36.951 [info] > git for-each-ref --sort -committerdate --format %(refname)%00%(objectname)%00%(*objectname) [1ms]
