2026-03-27 15:17:36.867 [info] WindsurfWindowsMainManager: Window will load {"windowId":1,"workspaceUri":{"id":"bc32213be1d34dd3a2f5309bec995c4b","uri":{"$mid":1,"fsPath":"/home/dieno/projects/legis-entropy","external":"file:///home/dieno/projects/legis-entropy","path":"/home/dieno/projects/legis-entropy","scheme":"file"}}}
2026-03-27 15:17:36.870 [info] update#setState idle
2026-03-27 15:18:06.871 [info] update#setState checking for updates
2026-03-27 15:18:07.181 [info] update#setState available for download
2026-03-27 15:20:16.539 [info] Extension host with pid 11174 exited with code: 0, signal: unknown.
2026-03-27 15:20:16.574 [info] WindsurfWindowsMainManager: Window will close {"windowId":1,"workspaceUri":{"id":"bc32213be1d34dd3a2f5309bec995c4b","uri":{"$mid":1,"fsPath":"/home/dieno/projects/legis-entropy","external":"file:///home/dieno/projects/legis-entropy","path":"/home/dieno/projects/legis-entropy","scheme":"file"}}}
2026-03-27 15:20:16.590 [info] WindsurfWindowsMainManager: Shutdown initiated, capturing current window group state
2026-03-27 15:20:16.608 [error] [UtilityProcess id: 1, type: fileWatcher, pid: 11145]: crashed with code 15 and reason 'killed'
2026-03-27 15:20:16.608 [error] === UTILITY PROCESS CRASH REPORT ===
2026-03-27 15:20:16.608 [error] Time: 2026-03-27T20:20:16.608Z
2026-03-27 15:20:16.608 [error] PID: 11145, Exit Code: 15 (Unknown exit code (15)), Reason: killed
2026-03-27 15:20:16.608 [error] Process Type: fileWatcher
2026-03-27 15:20:16.608 [error] Process ID: 1
2026-03-27 15:20:16.608 [error] Entry Point: vs/platform/files/node/watcher/watcherMain
2026-03-27 15:20:16.609 [error] Main Process Memory: RSS=327MB, Heap=16MB, External=4MB
2026-03-27 15:20:16.609 [error] System Information:
2026-03-27 15:20:16.609 [error]   - Node Version: v22.22.0
2026-03-27 15:20:16.609 [error]   - Platform: linux_x64
2026-03-27 15:20:16.609 [error]   - Electron Version: 39.5.2
2026-03-27 15:20:16.609 [error] Active Utility Processes: 2 processes
2026-03-27 15:20:16.609 [error] Sample Processes:
2026-03-27 15:20:16.609 [error]   - shared-process (PID: 11144)
2026-03-27 15:20:16.609 [error]   - pty-host (PID: 11236)
2026-03-27 15:20:16.609 [error] === END UTILITY PROCESS CRASH REPORT ===
