2026-04-15 00:13:47.273 [info] Reading sessions from keychain...
2026-04-15 00:13:47.273 [info] Got stored sessions!
2026-04-15 00:13:47.273 [info] Got 1 verified sessions.
2026-04-15 00:13:47.273 [info] Getting sessions for all scopes...
2026-04-15 00:13:47.273 [info] Got 1 sessions for ...
2026-04-15 00:13:47.273 [info] Getting sessions for all scopes...
2026-04-15 00:13:47.273 [info] Got 1 sessions for ...
2026-04-15 00:13:47.273 [info] Getting sessions for read:user,repo,user:email,workflow...
2026-04-15 00:13:47.273 [info] Got 1 sessions for read:user,repo,user:email,workflow...
2026-04-15 00:13:48.146 [info] Getting sessions for all scopes...
2026-04-15 00:13:48.147 [info] Got 1 sessions for ...
2026-04-15 00:13:48.182 [info] Getting sessions for all scopes...
2026-04-15 00:13:48.182 [info] Got 1 sessions for ...
2026-04-15 00:13:48.451 [info] Getting sessions for all scopes...
2026-04-15 00:13:48.451 [info] Got 1 sessions for ...
2026-04-15 00:13:49.097 [info] Getting sessions for all scopes...
2026-04-15 00:13:49.097 [info] Got 1 sessions for ...
2026-04-15 00:13:49.255 [info] FetcherService: Electron fetch failed with status: 401 
2026-04-15 00:13:50.318 [info] FetcherService: Node fetch failed with status: 401 Unauthorized
2026-04-15 00:13:51.287 [info] FetcherService: Node http/s failed with status: 401 Unauthorized
2026-04-15 00:13:56.249 [info] Reading sessions from keychain...
2026-04-15 00:13:56.249 [info] Got stored sessions!
2026-04-15 00:13:56.249 [info] Got 1 verified sessions.
2026-04-15 00:13:56.249 [info] Getting sessions for all scopes...
2026-04-15 00:13:56.249 [info] Got 1 sessions for ...
2026-04-15 00:13:56.249 [info] Getting sessions for all scopes...
2026-04-15 00:13:56.249 [info] Got 1 sessions for ...
2026-04-15 00:13:56.249 [info] Getting sessions for read:user,repo,user:email,workflow...
2026-04-15 00:13:56.249 [info] Got 1 sessions for read:user,repo,user:email,workflow...
2026-04-15 00:13:57.404 [info] Getting sessions for all scopes...
2026-04-15 00:13:57.404 [info] Got 1 sessions for ...
2026-04-15 00:13:57.418 [info] Getting sessions for all scopes...
2026-04-15 00:13:57.418 [info] Got 1 sessions for ...
2026-04-15 00:13:57.563 [info] Getting sessions for all scopes...
2026-04-15 00:13:57.563 [info] Got 1 sessions for ...
2026-04-15 00:13:57.649 [info] Getting sessions for all scopes...
2026-04-15 00:13:57.649 [info] Got 1 sessions for ...
2026-04-15 00:13:57.784 [info] FetcherService: Electron fetch failed with status: 401 
2026-04-15 00:13:58.843 [info] FetcherService: Node fetch failed with status: 401 Unauthorized
2026-04-15 00:13:59.832 [info] FetcherService: Node http/s failed with status: 401 Unauthorized
