2026-04-14 14:29:42.826 [info] Reading sessions from keychain...
2026-04-14 14:29:42.826 [info] Got stored sessions!
2026-04-14 14:29:42.826 [info] Got 1 verified sessions.
2026-04-14 14:29:42.826 [info] Getting sessions for all scopes...
2026-04-14 14:29:42.826 [info] Got 1 sessions for ...
2026-04-14 14:29:42.826 [info] Getting sessions for all scopes...
2026-04-14 14:29:42.826 [info] Got 1 sessions for ...
2026-04-14 14:29:42.840 [info] Getting sessions for read:user,repo,user:email,workflow...
2026-04-14 14:29:42.840 [info] Got 1 sessions for read:user,repo,user:email,workflow...
2026-04-14 14:29:42.865 [info] Getting sessions for all scopes...
2026-04-14 14:29:42.865 [info] Got 1 sessions for ...
2026-04-14 14:29:43.963 [info] Getting sessions for all scopes...
2026-04-14 14:29:43.963 [info] Got 1 sessions for ...
2026-04-14 14:29:44.007 [info] Getting sessions for all scopes...
2026-04-14 14:29:44.007 [info] Got 1 sessions for ...
2026-04-14 14:29:44.709 [info] FetcherService: Electron fetch failed with status: 401 
2026-04-14 14:29:45.554 [info] FetcherService: Node fetch failed with status: 401 Unauthorized
2026-04-14 14:29:46.364 [info] FetcherService: Node http/s failed with status: 401 Unauthorized
2026-04-14 14:29:47.547 [info] Getting sessions for all scopes...
2026-04-14 14:29:47.547 [info] Got 1 sessions for ...
2026-04-14 14:29:48.027 [info] Getting sessions for all scopes...
2026-04-14 14:29:48.028 [info] Got 1 sessions for ...
