2026-04-15 00:13:47.144 [info] [main] Log level: Info
2026-04-15 00:13:47.144 [info] [main] Validating found git in: "git"
2026-04-15 00:13:47.144 [info] [main] Using git "2.53.0" from "git"
2026-04-15 00:13:47.144 [info] [Model][doInitialScan] Initial repository scan started
2026-04-15 00:13:47.144 [info] > git rev-parse --show-toplevel [27ms]
2026-04-15 00:13:47.144 [info] > git rev-parse --git-dir --git-common-dir --show-superproject-working-tree [2ms]
2026-04-15 00:13:47.144 [info] [Model][openRepository] Opened repository (path): /home/dieno/projects/abot
2026-04-15 00:13:47.144 [info] [Model][openRepository] Opened repository (real path): /home/dieno/projects/abot
2026-04-15 00:13:47.144 [info] [Model][openRepository] Opened repository (kind): repository
2026-04-15 00:13:47.153 [info] > git rev-parse --show-toplevel [2ms]
2026-04-15 00:13:47.153 [info] > git config --get commit.template [6ms]
2026-04-15 00:13:47.162 [info] > git rev-parse --show-toplevel [4ms]
2026-04-15 00:13:47.165 [info] > git for-each-ref --format=%(refname)%00%(upstream:short)%00%(objectname)%00%(upstream:track)%00%(upstream:remotename)%00%(upstream:remoteref) refs/heads/master refs/remotes/master [4ms]
2026-04-15 00:13:47.166 [info] > git rev-parse --show-toplevel [1ms]
2026-04-15 00:13:47.178 [info] > git status -z -uall [6ms]
2026-04-15 00:13:47.178 [info] > git for-each-ref --sort -committerdate --format %(refname)%00%(objectname)%00%(*objectname) [2ms]
2026-04-15 00:13:47.194 [info] > git rev-parse --show-toplevel [25ms]
2026-04-15 00:13:47.200 [info] > git for-each-ref --format=%(refname)%00%(upstream:short)%00%(objectname)%00%(upstream:track)%00%(upstream:remotename)%00%(upstream:remoteref) refs/heads/master refs/remotes/master [8ms]
2026-04-15 00:13:47.204 [info] > git config --get --local branch.master.vscode-merge-base [1ms]
2026-04-15 00:13:47.208 [info] > git rev-parse --show-toplevel [8ms]
2026-04-15 00:13:47.208 [info] > git config --get commit.template [11ms]
2026-04-15 00:13:47.231 [info] > git for-each-ref --format=%(refname)%00%(upstream:short)%00%(objectname)%00%(upstream:track)%00%(upstream:remotename)%00%(upstream:remoteref) refs/heads/origin/master refs/remotes/origin/master [24ms]
2026-04-15 00:13:47.236 [info] > git rev-parse --show-toplevel [25ms]
2026-04-15 00:13:47.251 [info] > git merge-base refs/heads/master refs/remotes/origin/master [16ms]
2026-04-15 00:13:47.255 [info] > git for-each-ref --format=%(refname)%00%(upstream:short)%00%(objectname)%00%(upstream:track)%00%(upstream:remotename)%00%(upstream:remoteref) refs/heads/master refs/remotes/master [24ms]
2026-04-15 00:13:47.256 [info] > git diff --name-status -z --diff-filter=ADMR --find-renames=50% c2e1c64d5f9ec3b938ac1315f492e638fbcd3395...refs/remotes/origin/master -- [2ms]
2026-04-15 00:13:47.257 [info] > git rev-parse --show-toplevel [6ms]
2026-04-15 00:13:47.267 [info] > git rev-parse --show-toplevel [7ms]
2026-04-15 00:13:47.269 [info] [Model][doInitialScan] Initial repository scan completed - repositories (1), closed repositories (0), parent repositories (0), unsafe repositories (0)
2026-04-15 00:13:47.269 [info] > git status -z -uall [6ms]
2026-04-15 00:13:47.270 [info] > git for-each-ref --sort -committerdate --format %(refname)%00%(objectname)%00%(*objectname) [4ms]
2026-04-15 00:13:47.471 [info] > git show --textconv :.github/workflows/deploy.yml [4ms]
2026-04-15 00:13:47.471 [info] > git ls-files --stage -- .github/workflows/deploy.yml [1ms]
2026-04-15 00:13:47.475 [info] > git cat-file -s dc6170a3c35e450e7a4d26deaae9b1f16081fc2c [1ms]
2026-04-15 00:13:47.488 [info] > git blame --root --incremental c2e1c64d5f9ec3b938ac1315f492e638fbcd3395 -- .github/workflows/deploy.yml [1ms]
2026-04-15 00:13:47.665 [info] > git check-ignore -v -z --stdin [2ms]
2026-04-15 00:13:56.096 [info] [main] Log level: Info
2026-04-15 00:13:56.096 [info] [main] Validating found git in: "git"
2026-04-15 00:13:56.096 [info] [main] Using git "2.53.0" from "git"
2026-04-15 00:13:56.096 [info] [Model][doInitialScan] Initial repository scan started
2026-04-15 00:13:56.096 [info] > git rev-parse --show-toplevel [28ms]
2026-04-15 00:13:56.097 [info] > git rev-parse --git-dir --git-common-dir --show-superproject-working-tree [2ms]
2026-04-15 00:13:56.105 [info] [Model][openRepository] Opened repository (path): /home/dieno/projects/lyceum
2026-04-15 00:13:56.105 [info] [Model][openRepository] Opened repository (real path): /home/dieno/projects/lyceum
2026-04-15 00:13:56.105 [info] [Model][openRepository] Opened repository (kind): repository
2026-04-15 00:13:56.115 [info] > git rev-parse --show-toplevel [2ms]
2026-04-15 00:13:56.116 [info] > git config --get commit.template [5ms]
2026-04-15 00:13:56.139 [info] > git rev-parse --show-toplevel [18ms]
2026-04-15 00:13:56.140 [info] [Model][doInitialScan] Initial repository scan completed - repositories (1), closed repositories (0), parent repositories (0), unsafe repositories (0)
2026-04-15 00:13:56.149 [info] > git for-each-ref --format=%(refname)%00%(upstream:short)%00%(objectname)%00%(upstream:track)%00%(upstream:remotename)%00%(upstream:remoteref) refs/heads/devel refs/remotes/devel [11ms]
2026-04-15 00:13:56.158 [info] > git status -z -uall [5ms]
2026-04-15 00:13:56.158 [info] > git for-each-ref --sort -committerdate --format %(refname)%00%(objectname)%00%(*objectname) [1ms]
2026-04-15 00:13:56.181 [info] > git for-each-ref --format=%(refname)%00%(upstream:short)%00%(objectname)%00%(upstream:track)%00%(upstream:remotename)%00%(upstream:remoteref) refs/heads/devel refs/remotes/devel [7ms]
2026-04-15 00:13:56.188 [info] > git config --get --local branch.devel.vscode-merge-base [3ms]
2026-04-15 00:13:56.192 [info] > git config --get commit.template [11ms]
2026-04-15 00:13:56.193 [info] > git for-each-ref --format=%(refname)%00%(upstream:short)%00%(objectname)%00%(upstream:track)%00%(upstream:remotename)%00%(upstream:remoteref) refs/heads/origin/devel refs/remotes/origin/devel [1ms]
2026-04-15 00:13:56.221 [info] > git for-each-ref --format=%(refname)%00%(upstream:short)%00%(objectname)%00%(upstream:track)%00%(upstream:remotename)%00%(upstream:remoteref) refs/heads/devel refs/remotes/devel [21ms]
2026-04-15 00:13:56.221 [info] > git merge-base refs/heads/devel refs/remotes/origin/devel [24ms]
2026-04-15 00:13:56.236 [info] > git diff --name-status -z --diff-filter=ADMR --find-renames=50% c7359b94519c91130071e5108282412f105bccc6...refs/remotes/origin/devel -- [12ms]
2026-04-15 00:13:56.246 [info] > git status -z -uall [5ms]
2026-04-15 00:13:56.247 [info] > git for-each-ref --sort -committerdate --format %(refname)%00%(objectname)%00%(*objectname) [2ms]
2026-04-15 00:13:56.632 [info] > git check-ignore -v -z --stdin [3ms]
2026-04-15 00:14:45.017 [info] > git config --get commit.template [7ms]
2026-04-15 00:14:45.018 [info] > git for-each-ref --format=%(refname)%00%(upstream:short)%00%(objectname)%00%(upstream:track)%00%(upstream:remotename)%00%(upstream:remoteref) refs/heads/devel refs/remotes/devel [2ms]
2026-04-15 00:14:45.030 [info] > git status -z -uall [5ms]
2026-04-15 00:14:45.031 [info] > git for-each-ref --sort -committerdate --format %(refname)%00%(objectname)%00%(*objectname) [2ms]
