2026-03-28 05:09:15.750 [info] (Windsurf) 2026-03-28 05:09:15.750 [INFO]: [windsurf#terminal] Shell integration DETECTED for unknown
2026-03-28 05:09:16.311 [info] (Windsurf) 2026-03-28 05:09:16.311 [INFO]: [windsurf#terminal] Shell integration DETECTED for managed
2026-03-28 05:09:16.518 [info] 2026/03/28 05:09:16 maxprocs: Leaving GOMAXPROCS=12: CPU quota undefined
2026-03-28 05:09:16.564 [info] I0328 05:09:16.564364 147968 main.go:604] Setting GOMAXPROCS to 4
2026-03-28 05:09:16.564 [info] I0328 05:09:16.564483 147968 main.go:819] Starting language server process with pid 147968
2026-03-28 05:09:16.567 [info] I0328 05:09:16.567374 147968 server.go:359] Language server will attempt to listen on host 127.0.0.1
2026-03-28 05:09:16.567 [info] I0328 05:09:16.567512 147968 server.go:366] Language server listening on random port at 36799
2026-03-28 05:09:17.211 [info] I0328 05:09:17.211012 147968 server.go:500] Created extension server client at port 39233
2026-03-28 05:09:17.268 [info] (Windsurf) 2026-03-28 05:09:17.268 [INFO]: Language server started
2026-03-28 05:09:17.287 [info] (Windsurf) 2026-03-28 05:09:17.287 [INFO]: LS lspClient started successfully
2026-03-28 05:09:44.809 [info] (Windsurf) 2026-03-28 05:09:44.808 [INFO]: Shutting down all 0 managed language servers
2026-03-28 05:09:48.185 [info] (Windsurf) 2026-03-28 05:09:48.184 [INFO]: [windsurf#terminal] Shell integration DETECTED for unknown
2026-03-28 05:09:48.711 [info] (Windsurf) 2026-03-28 05:09:48.711 [INFO]: [windsurf#terminal] Shell integration DETECTED for managed
2026-03-28 05:09:48.773 [info] 2026/03/28 05:09:48 maxprocs: Leaving GOMAXPROCS=12: CPU quota undefined
2026-03-28 05:09:48.789 [info] I0328 05:09:48.780379 149329 main.go:604] Setting GOMAXPROCS to 4
2026-03-28 05:09:48.789 [info] I0328 05:09:48.780636 149329 main.go:819] Starting language server process with pid 149329
2026-03-28 05:09:48.789 [info] I0328 05:09:48.780898 149329 server.go:359] Language server will attempt to listen on host 127.0.0.1
2026-03-28 05:09:48.789 [info] I0328 05:09:48.781048 149329 server.go:366] Language server listening on random port at 40425
2026-03-28 05:09:49.413 [info] I0328 05:09:49.412411 149329 server.go:500] Created extension server client at port 32917
2026-03-28 05:09:49.460 [info] (Windsurf) 2026-03-28 05:09:49.460 [INFO]: Language server started
2026-03-28 05:09:49.476 [info] (Windsurf) 2026-03-28 05:09:49.476 [INFO]: LS lspClient started successfully
2026-03-28 05:12:02.005 [info] (Windsurf) 2026-03-28 05:12:02.000 [INFO]: Shutting down all 0 managed language servers
2026-03-28 05:12:06.046 [info] (Windsurf) 2026-03-28 05:12:06.045 [INFO]: [windsurf#terminal] Shell integration DETECTED for unknown
2026-03-28 05:12:06.501 [info] (Windsurf) 2026-03-28 05:12:06.501 [INFO]: [windsurf#terminal] Shell integration DETECTED for managed
2026-03-28 05:12:06.543 [info] 2026/03/28 05:12:06 maxprocs: Leaving GOMAXPROCS=12: CPU quota undefined
2026-03-28 05:12:06.564 [info] I0328 05:12:06.556842 150797 main.go:604] Setting GOMAXPROCS to 4
2026-03-28 05:12:06.564 [info] I0328 05:12:06.556948 150797 main.go:819] Starting language server process with pid 150797
2026-03-28 05:12:06.564 [info] I0328 05:12:06.557156 150797 server.go:359] Language server will attempt to listen on host 127.0.0.1
2026-03-28 05:12:06.564 [info] I0328 05:12:06.557310 150797 server.go:366] Language server listening on random port at 33761
2026-03-28 05:12:07.193 [info] I0328 05:12:07.192225 150797 server.go:500] Created extension server client at port 35681
2026-03-28 05:12:07.237 [info] (Windsurf) 2026-03-28 05:12:07.236 [INFO]: Language server started
2026-03-28 05:12:07.267 [info] (Windsurf) 2026-03-28 05:12:07.267 [INFO]: LS lspClient started successfully
2026-03-28 05:29:03.430 [info] I0328 05:29:03.427987 150797 completion_provider.go:869] err: context canceled
2026-03-28 05:29:04.187 [info] I0328 05:29:04.185873 150797 completion_provider.go:869] err: context canceled
2026-03-28 05:29:09.785 [info] I0328 05:29:09.768565 150797 completion_provider.go:869] err: context canceled
2026-03-28 05:29:10.323 [info] I0328 05:29:10.322910 150797 completion_provider.go:869] err: context canceled
2026-03-28 05:29:16.516 [info] I0328 05:29:16.491305 150797 completion_provider.go:869] err: context canceled
2026-03-28 05:29:17.858 [info] I0328 05:29:17.852832 150797 completion_provider.go:869] err: context canceled
2026-03-28 05:50:07.407 [info] I0328 05:50:07.405891 150797 completion_provider.go:869] err: context canceled
2026-03-28 05:50:07.475 [info] I0328 05:50:07.474983 150797 completion_provider.go:869] err: context canceled
2026-03-28 05:50:08.092 [info] I0328 05:50:08.092251 150797 completion_provider.go:869] err: context canceled
2026-03-28 06:13:37.816 [info] I0328 06:13:37.816681 150797 rpcs_cascade.go:116] [Revert] GetRevertPreview started for cascade ad5e81f2-9368-43f2-8e9e-3a0a75d7eda0, stepIndex 250
2026-03-28 06:13:37.822 [info] I0328 06:13:37.822060 150797 rpcs_cascade.go:129] [Revert] GetRevertPreview finished for cascade ad5e81f2-9368-43f2-8e9e-3a0a75d7eda0, took 5.378727ms
2026-03-28 06:13:37.831 [info] I0328 06:13:37.831661 150797 rpcs_cascade.go:733] [Revert] RevertToCascadeStep started for cascade ad5e81f2-9368-43f2-8e9e-3a0a75d7eda0, stepIndex 249
2026-03-28 06:13:37.831 [info] I0328 06:13:37.831683 150797 cascade_manager.go:2416] [Revert] RevertToStep started for cascade ad5e81f2-9368-43f2-8e9e-3a0a75d7eda0, stepIdx 249
2026-03-28 06:13:37.834 [info] I0328 06:13:37.834485 150797 cascade_manager.go:2448] [Revert] Waiting for 0 step done channels for cascade ad5e81f2-9368-43f2-8e9e-3a0a75d7eda0
2026-03-28 06:13:37.834 [info] I0328 06:13:37.834500 150797 cascade_manager.go:2452] [Revert] Step done channels complete for cascade ad5e81f2-9368-43f2-8e9e-3a0a75d7eda0, took 2.819386ms so far
2026-03-28 06:13:37.834 [info] I0328 06:13:37.834506 150797 cascade_manager.go:2455] [Revert] Waiting for executor done channel for cascade ad5e81f2-9368-43f2-8e9e-3a0a75d7eda0
2026-03-28 06:13:37.834 [info] I0328 06:13:37.834511 150797 cascade_manager.go:2457] [Revert] Executor done channel complete for cascade ad5e81f2-9368-43f2-8e9e-3a0a75d7eda0, took 2.830007ms so far
2026-03-28 06:13:37.898 [info] I0328 06:13:37.897907 150797 cascade_manager.go:2532] [Revert] RevertToStep finished for cascade ad5e81f2-9368-43f2-8e9e-3a0a75d7eda0, took 66.214507ms
2026-03-28 06:13:37.898 [info] I0328 06:13:37.897930 150797 rpcs_cascade.go:745] [Revert] RevertToCascadeStep finished for cascade ad5e81f2-9368-43f2-8e9e-3a0a75d7eda0, took 66.269635ms
2026-03-28 06:15:49.514 [info] (Windsurf) 2026-03-28 06:15:49.513 [INFO]: Shutting down all 0 managed language servers
