2026-04-14 23:00:31.545 [info] [main] Log level: Info
2026-04-14 23:00:31.545 [info] [main] Validating found git in: "git"
2026-04-14 23:00:31.545 [info] [main] Using git "2.53.0" from "git"
2026-04-14 23:00:31.545 [info] [Model][doInitialScan] Initial repository scan started
2026-04-14 23:00:31.545 [info] > git rev-parse --show-toplevel [42ms]
2026-04-14 23:00:31.545 [info] > git rev-parse --git-dir --git-common-dir --show-superproject-working-tree [2ms]
2026-04-14 23:00:31.545 [info] [Model][openRepository] Opened repository (path): /home/dieno/projects/lyceum
2026-04-14 23:00:31.545 [info] [Model][openRepository] Opened repository (real path): /home/dieno/projects/lyceum
2026-04-14 23:00:31.545 [info] [Model][openRepository] Opened repository (kind): repository
2026-04-14 23:00:31.553 [info] > git rev-parse --show-toplevel [2ms]
2026-04-14 23:00:31.554 [info] > git config --get commit.template [5ms]
2026-04-14 23:00:31.563 [info] > git for-each-ref --format=%(refname)%00%(upstream:short)%00%(objectname)%00%(upstream:track)%00%(upstream:remotename)%00%(upstream:remoteref) refs/heads/devel refs/remotes/devel [2ms]
2026-04-14 23:00:31.564 [info] > git rev-parse --show-toplevel [6ms]
2026-04-14 23:00:31.595 [info] > git rev-parse --show-toplevel [12ms]
2026-04-14 23:00:31.598 [info] [Model][doInitialScan] Initial repository scan completed - repositories (1), closed repositories (0), parent repositories (0), unsafe repositories (0)
2026-04-14 23:00:31.606 [info] > git status -z -uall [4ms]
2026-04-14 23:00:31.607 [info] > git for-each-ref --sort -committerdate --format %(refname)%00%(objectname)%00%(*objectname) [1ms]
2026-04-14 23:00:31.627 [info] > git for-each-ref --format=%(refname)%00%(upstream:short)%00%(objectname)%00%(upstream:track)%00%(upstream:remotename)%00%(upstream:remoteref) refs/heads/devel refs/remotes/devel [6ms]
2026-04-14 23:00:31.633 [info] > git config --get --local branch.devel.vscode-merge-base [2ms]
2026-04-14 23:00:31.637 [info] > git config --get commit.template [11ms]
2026-04-14 23:00:31.640 [info] > git for-each-ref --format=%(refname)%00%(upstream:short)%00%(objectname)%00%(upstream:track)%00%(upstream:remotename)%00%(upstream:remoteref) refs/heads/origin/devel refs/remotes/origin/devel [4ms]
2026-04-14 23:00:31.670 [info] > git merge-base refs/heads/devel refs/remotes/origin/devel [25ms]
2026-04-14 23:00:31.686 [info] > git diff --name-status -z --diff-filter=ADMR --find-renames=50% c7359b94519c91130071e5108282412f105bccc6...refs/remotes/origin/devel -- [13ms]
2026-04-14 23:00:31.686 [info] > git for-each-ref --format=%(refname)%00%(upstream:short)%00%(objectname)%00%(upstream:track)%00%(upstream:remotename)%00%(upstream:remoteref) refs/heads/devel refs/remotes/devel [17ms]
2026-04-14 23:00:31.696 [info] > git status -z -uall [5ms]
2026-04-14 23:00:31.696 [info] > git for-each-ref --sort -committerdate --format %(refname)%00%(objectname)%00%(*objectname) [2ms]
2026-04-14 23:00:32.074 [info] > git check-ignore -v -z --stdin [1ms]
2026-04-14 23:00:39.024 [info] > git config --get commit.template [5ms]
2026-04-14 23:00:39.024 [info] > git for-each-ref --format=%(refname)%00%(upstream:short)%00%(objectname)%00%(upstream:track)%00%(upstream:remotename)%00%(upstream:remoteref) refs/heads/devel refs/remotes/devel [1ms]
2026-04-14 23:00:39.032 [info] > git status -z -uall [4ms]
2026-04-14 23:00:39.033 [info] > git for-each-ref --sort -committerdate --format %(refname)%00%(objectname)%00%(*objectname) [1ms]
2026-04-14 23:00:50.453 [info] [main] Log level: Info
2026-04-14 23:00:50.453 [info] [main] Validating found git in: "git"
2026-04-14 23:00:50.453 [info] [main] Using git "2.53.0" from "git"
2026-04-14 23:00:50.453 [info] [Model][doInitialScan] Initial repository scan started
2026-04-14 23:00:50.453 [info] > git rev-parse --show-toplevel [24ms]
2026-04-14 23:00:50.474 [info] > git rev-parse --show-toplevel [0ms]
2026-04-14 23:00:50.479 [info] > git rev-parse --show-toplevel [1ms]
2026-04-14 23:00:50.483 [info] > git rev-parse --show-toplevel [1ms]
2026-04-14 23:00:50.486 [info] > git rev-parse --show-toplevel [0ms]
2026-04-14 23:00:50.490 [info] > git rev-parse --show-toplevel [1ms]
2026-04-14 23:00:50.493 [info] > git rev-parse --show-toplevel [1ms]
2026-04-14 23:00:50.496 [info] [Model][doInitialScan] Initial repository scan completed - repositories (0), closed repositories (0), parent repositories (1), unsafe repositories (0)
2026-04-14 23:00:51.812 [info] > git rev-parse --show-toplevel [1ms]
2026-04-14 23:00:51.862 [info] > git rev-parse --show-toplevel [2ms]
2026-04-14 23:00:52.082 [info] > git rev-parse --show-toplevel [1ms]
2026-04-14 23:02:54.809 [info] > git rev-parse --show-toplevel [2ms]
