2026-03-28 05:09:14.228 [info] Reading sessions from keychain...
2026-03-28 05:09:14.228 [info] Getting sessions for all scopes...
2026-03-28 05:09:14.228 [info] Got 0 sessions for ...
2026-03-28 05:09:14.228 [info] Getting sessions for all scopes...
2026-03-28 05:09:14.228 [info] Got 0 sessions for ...
2026-03-28 05:09:14.228 [info] Getting sessions for read:user,repo,user:email,workflow...
2026-03-28 05:09:14.228 [info] Got 0 sessions for read:user,repo,user:email,workflow...
2026-03-28 05:09:14.974 [info] Getting sessions for all scopes...
2026-03-28 05:09:14.974 [info] Got 0 sessions for ...
2026-03-28 05:09:15.015 [info] Getting sessions for all scopes...
2026-03-28 05:09:15.015 [info] Got 0 sessions for ...
2026-03-28 05:09:15.413 [info] Getting sessions for all scopes...
2026-03-28 05:09:15.413 [info] Got 0 sessions for ...
2026-03-28 05:09:15.920 [info] Getting sessions for all scopes...
2026-03-28 05:09:15.920 [info] Got 0 sessions for ...
2026-03-28 05:11:25.224 [info] Reading sessions from keychain...
2026-03-28 05:11:25.232 [info] Getting sessions for all scopes...
2026-03-28 05:11:25.232 [info] Got 0 sessions for ...
2026-03-28 05:11:25.232 [info] Getting sessions for all scopes...
2026-03-28 05:11:25.232 [info] Got 0 sessions for ...
2026-03-28 05:11:25.254 [info] Getting sessions for read:user,repo,user:email,workflow...
2026-03-28 05:11:25.254 [info] Got 0 sessions for read:user,repo,user:email,workflow...
2026-03-28 05:12:04.642 [info] Reading sessions from keychain...
2026-03-28 05:12:04.642 [info] Getting sessions for all scopes...
2026-03-28 05:12:04.642 [info] Got 0 sessions for ...
2026-03-28 05:12:04.642 [info] Getting sessions for all scopes...
2026-03-28 05:12:04.642 [info] Got 0 sessions for ...
2026-03-28 05:12:04.661 [info] Getting sessions for read:user,repo,user:email,workflow...
2026-03-28 05:12:04.662 [info] Got 0 sessions for read:user,repo,user:email,workflow...
2026-03-28 05:12:05.784 [info] Getting sessions for all scopes...
2026-03-28 05:12:05.784 [info] Got 0 sessions for ...
2026-03-28 05:12:05.846 [info] Getting sessions for all scopes...
2026-03-28 05:12:05.846 [info] Got 0 sessions for ...
2026-03-28 05:14:53.652 [info] Getting sessions for all scopes...
2026-03-28 05:14:53.653 [info] Got 0 sessions for ...
2026-03-28 05:14:54.483 [info] Getting sessions for all scopes...
2026-03-28 05:14:54.483 [info] Got 0 sessions for ...
2026-03-28 05:16:56.104 [info] Getting sessions for all scopes...
2026-03-28 05:16:56.104 [info] Got 0 sessions for ...
2026-03-28 05:39:12.516 [info] Getting sessions for all scopes...
2026-03-28 05:39:12.516 [info] Got 0 sessions for ...
2026-03-28 05:39:55.077 [info] Getting sessions for all scopes...
2026-03-28 05:39:55.077 [info] Got 0 sessions for ...
2026-03-28 05:39:59.173 [info] Getting sessions for all scopes...
2026-03-28 05:39:59.173 [info] Got 0 sessions for ...
2026-03-28 05:44:00.110 [info] Getting sessions for all scopes...
2026-03-28 05:44:00.110 [info] Got 0 sessions for ...
2026-03-28 05:50:02.588 [info] Getting sessions for all scopes...
2026-03-28 05:50:02.588 [info] Got 0 sessions for ...
2026-03-28 05:50:27.020 [info] Getting sessions for all scopes...
2026-03-28 05:50:27.020 [info] Got 0 sessions for ...
2026-03-28 05:57:01.137 [info] Getting sessions for all scopes...
2026-03-28 05:57:01.137 [info] Got 0 sessions for ...
2026-03-28 05:57:19.697 [info] Getting sessions for all scopes...
2026-03-28 05:57:19.697 [info] Got 0 sessions for ...
