2026-04-02 12:08:58.704 [info] [main] Log level: Info
2026-04-02 12:08:58.704 [info] [main] Validating found git in: "git"
2026-04-02 12:08:58.704 [info] [main] Using git "2.53.0" from "git"
2026-04-02 12:08:58.704 [info] [Model][doInitialScan] Initial repository scan started
2026-04-02 12:08:58.704 [info] > git rev-parse --show-toplevel [11ms]
2026-04-02 12:08:58.704 [info] > git rev-parse --show-toplevel [1ms]
2026-04-02 12:08:58.704 [info] > git rev-parse --show-toplevel [1ms]
2026-04-02 12:08:58.704 [info] > git rev-parse --show-toplevel [1ms]
2026-04-02 12:08:58.705 [info] > git rev-parse --show-toplevel [18ms]
2026-04-02 12:08:58.707 [info] [Model][doInitialScan] Initial repository scan completed - repositories (0), closed repositories (0), parent repositories (1), unsafe repositories (0)
2026-04-02 12:08:59.867 [info] > git rev-parse --show-toplevel [1ms]
2026-04-02 12:09:00.025 [info] > git rev-parse --show-toplevel [1ms]
2026-04-02 12:09:00.535 [info] > git rev-parse --show-toplevel [1ms]
2026-04-02 12:09:12.325 [info] [main] Log level: Info
2026-04-02 12:09:12.325 [info] [main] Validating found git in: "git"
2026-04-02 12:09:12.325 [info] [main] Using git "2.53.0" from "git"
2026-04-02 12:09:12.325 [info] [Model][doInitialScan] Initial repository scan started
2026-04-02 12:09:12.325 [info] > git rev-parse --show-toplevel [23ms]
2026-04-02 12:09:12.330 [info] > git rev-parse --git-dir --git-common-dir --show-superproject-working-tree [1ms]
2026-04-02 12:09:12.338 [info] [Model][openRepository] Opened repository (path): /home/dieno/projects/legis-entropy-
2026-04-02 12:09:12.338 [info] [Model][openRepository] Opened repository (real path): /home/dieno/projects/legis-entropy-
2026-04-02 12:09:12.338 [info] [Model][openRepository] Opened repository (kind): repository
2026-04-02 12:09:12.347 [info] > git rev-parse --show-toplevel [2ms]
2026-04-02 12:09:12.347 [info] > git config --get commit.template [5ms]
2026-04-02 12:09:12.372 [info] > git for-each-ref --format=%(refname)%00%(upstream:short)%00%(objectname)%00%(upstream:track)%00%(upstream:remotename)%00%(upstream:remoteref) refs/heads/master refs/remotes/master [17ms]
2026-04-02 12:09:12.373 [info] > git rev-parse --show-toplevel [22ms]
2026-04-02 12:09:12.384 [info] > git rev-parse --show-toplevel [1ms]
2026-04-02 12:09:12.394 [info] > git status -z -uall [7ms]
2026-04-02 12:09:12.395 [info] > git rev-parse --show-toplevel [1ms]
2026-04-02 12:09:12.395 [info] > git for-each-ref --sort -committerdate --format %(refname)%00%(objectname)%00%(*objectname) [4ms]
2026-04-02 12:09:12.418 [info] > git for-each-ref --format=%(refname)%00%(upstream:short)%00%(objectname)%00%(upstream:track)%00%(upstream:remotename)%00%(upstream:remoteref) refs/heads/master refs/remotes/master [9ms]
2026-04-02 12:09:12.423 [info] > git config --get commit.template [5ms]
2026-04-02 12:09:12.423 [info] > git rev-parse --show-toplevel [9ms]
2026-04-02 12:09:12.427 [info] > git config --get --local branch.master.vscode-merge-base [5ms]
2026-04-02 12:09:12.427 [warning] [Git][config] git config failed: Failed to execute git
2026-04-02 12:09:12.434 [info] > git rev-parse --show-toplevel [7ms]
2026-04-02 12:09:12.437 [info] [Model][doInitialScan] Initial repository scan completed - repositories (1), closed repositories (0), parent repositories (0), unsafe repositories (0)
2026-04-02 12:09:12.457 [info] > git for-each-ref --format=%(refname)%00%(upstream:short)%00%(objectname)%00%(upstream:track)%00%(upstream:remotename)%00%(upstream:remoteref) refs/heads/master refs/remotes/master [23ms]
2026-04-02 12:09:12.458 [info] > git reflog master --grep-reflog=branch: Created from *. [27ms]
2026-04-02 12:09:12.476 [info] > git symbolic-ref --short refs/remotes/origin/HEAD [15ms]
2026-04-02 12:09:12.481 [info] > git for-each-ref --format=%(refname)%00%(upstream:short)%00%(objectname)%00%(upstream:track)%00%(upstream:remotename)%00%(upstream:remoteref) refs/heads/origin/master refs/remotes/origin/master [1ms]
2026-04-02 12:09:12.494 [info] > git status -z -uall [5ms]
2026-04-02 12:09:12.494 [info] > git config --add --local branch.master.vscode-merge-base origin/master [10ms]
2026-04-02 12:09:12.494 [info] > git for-each-ref --sort -committerdate --format %(refname)%00%(objectname)%00%(*objectname) [2ms] (cancelled)
2026-04-02 12:09:12.502 [info] > git config --get commit.template [2ms]
2026-04-02 12:09:12.508 [info] > git for-each-ref --format=%(refname)%00%(upstream:short)%00%(objectname)%00%(upstream:track)%00%(upstream:remotename)%00%(upstream:remoteref) refs/heads/master refs/remotes/master [2ms]
2026-04-02 12:09:12.516 [info] > git status -z -uall [5ms]
2026-04-02 12:09:12.517 [info] > git for-each-ref --sort -committerdate --format %(refname)%00%(objectname)%00%(*objectname) [1ms]
2026-04-02 12:09:12.530 [info] > git merge-base refs/heads/master refs/remotes/origin/master [5ms]
2026-04-02 12:09:12.535 [info] > git merge-base refs/heads/master refs/remotes/origin/master [6ms]
2026-04-02 12:09:12.540 [info] > git diff --name-status -z --diff-filter=ADMR --find-renames=50% 318584c2f93468f381029cc2de19a99c56dc9a30...refs/remotes/origin/master -- [6ms]
2026-04-02 12:09:12.541 [info] > git diff --name-status -z --diff-filter=ADMR --find-renames=50% 318584c2f93468f381029cc2de19a99c56dc9a30...refs/remotes/origin/master -- [2ms]
2026-04-02 12:09:12.866 [info] > git check-ignore -v -z --stdin [2ms]
2026-04-02 12:09:13.572 [info] > git config --get commit.template [4ms]
2026-04-02 12:09:13.573 [info] > git for-each-ref --format=%(refname)%00%(upstream:short)%00%(objectname)%00%(upstream:track)%00%(upstream:remotename)%00%(upstream:remoteref) refs/heads/master refs/remotes/master [2ms]
2026-04-02 12:09:13.582 [info] > git status -z -uall [6ms]
2026-04-02 12:09:13.582 [info] > git for-each-ref --sort -committerdate --format %(refname)%00%(objectname)%00%(*objectname) [3ms]
2026-04-02 12:09:17.502 [info] > git check-ignore -v -z --stdin [1ms]
2026-04-02 12:09:49.255 [info] > git show --textconv :README.md [46ms]
2026-04-02 12:09:49.256 [info] > git ls-files --stage -- README.md [40ms]
2026-04-02 12:09:49.268 [info] > git cat-file -s e5b338d2f428b29e4f5827d8998ecd0bed5910d2 [8ms]
2026-04-02 12:09:50.056 [info] > git config --get commit.template [4ms]
2026-04-02 12:09:50.056 [info] > git for-each-ref --format=%(refname)%00%(upstream:short)%00%(objectname)%00%(upstream:track)%00%(upstream:remotename)%00%(upstream:remoteref) refs/heads/master refs/remotes/master [1ms]
2026-04-02 12:09:50.067 [info] > git status -z -uall [7ms]
2026-04-02 12:09:50.068 [info] > git for-each-ref --sort -committerdate --format %(refname)%00%(objectname)%00%(*objectname) [4ms]
2026-04-02 12:10:28.528 [info] > git blame --root --incremental 318584c2f93468f381029cc2de19a99c56dc9a30 -- README.md [10ms]
2026-04-02 12:10:30.576 [info] > git config --get commit.template [7ms]
2026-04-02 12:10:30.576 [info] > git for-each-ref --format=%(refname)%00%(upstream:short)%00%(objectname)%00%(upstream:track)%00%(upstream:remotename)%00%(upstream:remoteref) refs/heads/master refs/remotes/master [1ms]
2026-04-02 12:10:30.585 [info] > git status -z -uall [5ms]
2026-04-02 12:10:30.585 [info] > git for-each-ref --sort -committerdate --format %(refname)%00%(objectname)%00%(*objectname) [2ms]
2026-04-02 12:10:43.246 [info] > git config --get commit.template [6ms]
2026-04-02 12:10:43.246 [info] > git for-each-ref --format=%(refname)%00%(upstream:short)%00%(objectname)%00%(upstream:track)%00%(upstream:remotename)%00%(upstream:remoteref) refs/heads/master refs/remotes/master [1ms]
2026-04-02 12:10:43.256 [info] > git status -z -uall [4ms]
2026-04-02 12:10:43.257 [info] > git for-each-ref --sort -committerdate --format %(refname)%00%(objectname)%00%(*objectname) [1ms]
2026-04-02 12:10:50.084 [info] > git config --get commit.template [7ms]
2026-04-02 12:10:50.084 [info] > git for-each-ref --format=%(refname)%00%(upstream:short)%00%(objectname)%00%(upstream:track)%00%(upstream:remotename)%00%(upstream:remoteref) refs/heads/master refs/remotes/master [1ms]
2026-04-02 12:10:50.093 [info] > git status -z -uall [4ms]
2026-04-02 12:10:50.094 [info] > git for-each-ref --sort -committerdate --format %(refname)%00%(objectname)%00%(*objectname) [2ms]
2026-04-02 12:11:04.970 [info] > git config --get commit.template [7ms]
2026-04-02 12:11:04.971 [info] > git for-each-ref --format=%(refname)%00%(upstream:short)%00%(objectname)%00%(upstream:track)%00%(upstream:remotename)%00%(upstream:remoteref) refs/heads/master refs/remotes/master [2ms]
2026-04-02 12:11:04.980 [info] > git status -z -uall [4ms]
2026-04-02 12:11:04.981 [info] > git for-each-ref --sort -committerdate --format %(refname)%00%(objectname)%00%(*objectname) [1ms]
2026-04-02 12:11:21.719 [info] > git config --get commit.template [4ms]
2026-04-02 12:11:21.720 [info] > git for-each-ref --format=%(refname)%00%(upstream:short)%00%(objectname)%00%(upstream:track)%00%(upstream:remotename)%00%(upstream:remoteref) refs/heads/master refs/remotes/master [1ms]
2026-04-02 12:11:21.728 [info] > git status -z -uall [4ms]
2026-04-02 12:11:21.729 [info] > git for-each-ref --sort -committerdate --format %(refname)%00%(objectname)%00%(*objectname) [2ms]
2026-04-02 12:11:21.736 [info] > git merge-base refs/heads/master refs/remotes/origin/master [1ms]
2026-04-02 12:11:21.741 [info] > git diff --name-status -z --diff-filter=ADMR --find-renames=50% c7aab49b035cc1bd9d0b5891e8c8c3c6d3992a5c...refs/remotes/origin/master -- [1ms]
