2026-04-15 00:01:48.554 [info] (Windsurf) 2026-04-15 00:01:48.554 [INFO]: [windsurf#terminal] Shell integration DETECTED for unknown
2026-04-15 00:01:49.189 [info] (Windsurf) 2026-04-15 00:01:49.189 [INFO]: [windsurf#terminal] Shell integration DETECTED for managed
2026-04-15 00:01:49.244 [info] 2026/04/15 00:01:49 maxprocs: Leaving GOMAXPROCS=12: CPU quota undefined
2026-04-15 00:01:49.268 [info] I0415 00:01:49.245912 125371 main.go:604] Setting GOMAXPROCS to 4
2026-04-15 00:01:49.268 [info] I0415 00:01:49.246091 125371 main.go:819] Starting language server process with pid 125371
2026-04-15 00:01:49.268 [info] I0415 00:01:49.246261 125371 server.go:359] Language server will attempt to listen on host 127.0.0.1
2026-04-15 00:01:49.268 [info] I0415 00:01:49.246390 125371 server.go:366] Language server listening on random port at 39805
2026-04-15 00:01:49.872 [info] I0415 00:01:49.872015 125371 server.go:500] Created extension server client at port 38935
2026-04-15 00:01:49.921 [info] (Windsurf) 2026-04-15 00:01:49.921 [INFO]: Language server started
2026-04-15 00:01:49.947 [info] (Windsurf) 2026-04-15 00:01:49.947 [INFO]: LS lspClient started successfully
2026-04-15 00:01:58.572 [info] (Windsurf) 2026-04-15 00:01:58.570 [INFO]: Shutting down all 0 managed language servers
2026-04-15 00:02:01.615 [info] (Windsurf) 2026-04-15 00:02:01.615 [INFO]: [windsurf#terminal] Shell integration DETECTED for unknown
2026-04-15 00:02:02.114 [info] (Windsurf) 2026-04-15 00:02:02.114 [INFO]: [windsurf#terminal] Shell integration DETECTED for managed
2026-04-15 00:02:02.155 [info] 2026/04/15 00:02:02 maxprocs: Leaving GOMAXPROCS=12: CPU quota undefined
2026-04-15 00:02:02.175 [info] I0415 00:02:02.173633 126043 main.go:604] Setting GOMAXPROCS to 4
2026-04-15 00:02:02.175 [info] I0415 00:02:02.173789 126043 main.go:819] Starting language server process with pid 126043
2026-04-15 00:02:02.175 [info] I0415 00:02:02.174054 126043 server.go:359] Language server will attempt to listen on host 127.0.0.1
2026-04-15 00:02:02.175 [info] I0415 00:02:02.174223 126043 server.go:366] Language server listening on random port at 43833
2026-04-15 00:02:02.822 [info] I0415 00:02:02.821647 126043 server.go:500] Created extension server client at port 34349
2026-04-15 00:02:02.865 [info] (Windsurf) 2026-04-15 00:02:02.864 [INFO]: Language server started
2026-04-15 00:02:02.877 [info] (Windsurf) 2026-04-15 00:02:02.877 [INFO]: LS lspClient started successfully
2026-04-15 00:03:04.118 [info] (Windsurf) 2026-04-15 00:03:04.117 [INFO]: Shutting down all 0 managed language servers
