2026-04-14 12:53:25.262 [info] [main] Log level: Info
2026-04-14 12:53:25.262 [info] [main] Validating found git in: "git"
2026-04-14 12:53:25.262 [info] [main] Using git "2.53.0" from "git"
2026-04-14 12:53:25.262 [info] [Model][doInitialScan] Initial repository scan started
2026-04-14 12:53:25.262 [info] > git rev-parse --show-toplevel [6ms]
2026-04-14 12:53:25.262 [info] > git rev-parse --git-dir --git-common-dir --show-superproject-working-tree [23ms]
2026-04-14 12:53:25.262 [info] [Model][openRepository] Opened repository (path): /home/dieno/projects/legis-entropy-
2026-04-14 12:53:25.262 [info] [Model][openRepository] Opened repository (real path): /home/dieno/projects/legis-entropy-
2026-04-14 12:53:25.262 [info] [Model][openRepository] Opened repository (kind): repository
2026-04-14 12:53:25.270 [info] > git config --get commit.template [5ms]
2026-04-14 12:53:25.271 [info] > git rev-parse --show-toplevel [2ms]
2026-04-14 12:53:25.280 [info] > git rev-parse --show-toplevel [2ms]
2026-04-14 12:53:25.280 [info] > git for-each-ref --format=%(refname)%00%(upstream:short)%00%(objectname)%00%(upstream:track)%00%(upstream:remotename)%00%(upstream:remoteref) refs/heads/master refs/remotes/master [5ms]
2026-04-14 12:53:25.289 [warning] [Git][revParse] Unable to read file: ENOENT: no such file or directory, open '/home/dieno/projects/legis-entropy-/.git/refs/remotes/origin/master'
2026-04-14 12:53:25.289 [info] > git rev-parse --show-toplevel [5ms]
2026-04-14 12:53:25.308 [info] > git rev-parse refs/remotes/origin/master [19ms]
2026-04-14 12:53:25.323 [info] > git for-each-ref --sort -committerdate --format %(refname)%00%(objectname)%00%(*objectname) [8ms]
2026-04-14 12:53:25.324 [info] > git rev-parse --show-toplevel [16ms]
2026-04-14 12:53:25.329 [info] > git rev-parse --show-toplevel [1ms]
2026-04-14 12:53:25.332 [info] > git rev-parse --show-toplevel [1ms]
2026-04-14 12:53:25.334 [info] [Model][doInitialScan] Initial repository scan completed - repositories (1), closed repositories (0), parent repositories (0), unsafe repositories (0)
2026-04-14 12:53:25.344 [info] > git status -z -uall [33ms]
2026-04-14 12:53:25.363 [info] > git for-each-ref --format=%(refname)%00%(upstream:short)%00%(objectname)%00%(upstream:track)%00%(upstream:remotename)%00%(upstream:remoteref) refs/heads/master refs/remotes/master [6ms]
2026-04-14 12:53:25.367 [info] > git config --get --local branch.master.vscode-merge-base [1ms]
2026-04-14 12:53:25.367 [warning] [Git][config] git config failed: Failed to execute git
2026-04-14 12:53:25.370 [info] > git config --get commit.template [8ms]
2026-04-14 12:53:25.388 [info] > git reflog master --grep-reflog=branch: Created from *. [18ms]
2026-04-14 12:53:25.407 [info] > git symbolic-ref --short refs/remotes/origin/HEAD [15ms]
2026-04-14 12:53:25.410 [info] > git for-each-ref --format=%(refname)%00%(upstream:short)%00%(objectname)%00%(upstream:track)%00%(upstream:remotename)%00%(upstream:remoteref) refs/heads/origin/master refs/remotes/origin/master [1ms]
2026-04-14 12:53:25.414 [info] > git for-each-ref --format=%(refname)%00%(upstream:short)%00%(objectname)%00%(upstream:track)%00%(upstream:remotename)%00%(upstream:remoteref) refs/heads/master refs/remotes/master [8ms]
2026-04-14 12:53:25.417 [warning] [Git][revParse] Unable to read file: ENOENT: no such file or directory, open '/home/dieno/projects/legis-entropy-/.git/refs/remotes/origin/master'
2026-04-14 12:53:25.418 [info] > git rev-parse refs/remotes/origin/master [1ms]
2026-04-14 12:53:25.424 [info] > git config --add --local branch.master.vscode-merge-base origin/master [10ms]
2026-04-14 12:53:25.425 [info] > git for-each-ref --sort -committerdate --format %(refname)%00%(objectname)%00%(*objectname) [1ms] (cancelled)
2026-04-14 12:53:25.430 [info] > git status -z -uall [9ms] (cancelled)
2026-04-14 12:53:25.430 [info] > git config --get commit.template [1ms]
2026-04-14 12:53:25.435 [info] > git for-each-ref --format=%(refname)%00%(upstream:short)%00%(objectname)%00%(upstream:track)%00%(upstream:remotename)%00%(upstream:remoteref) refs/heads/master refs/remotes/master [1ms]
2026-04-14 12:53:25.439 [warning] [Git][revParse] Unable to read file: ENOENT: no such file or directory, open '/home/dieno/projects/legis-entropy-/.git/refs/remotes/origin/master'
2026-04-14 12:53:25.440 [info] > git rev-parse refs/remotes/origin/master [1ms]
2026-04-14 12:53:25.446 [info] > git for-each-ref --sort -committerdate --format %(refname)%00%(objectname)%00%(*objectname) [1ms]
2026-04-14 12:53:25.447 [info] > git status -z -uall [5ms]
2026-04-14 12:53:25.456 [info] > git merge-base refs/heads/master refs/remotes/origin/master [4ms]
2026-04-14 12:53:25.460 [info] > git merge-base refs/heads/master refs/remotes/origin/master [5ms]
2026-04-14 12:53:25.464 [info] > git diff --name-status -z --diff-filter=ADMR --find-renames=50% 73c7761ab7771a595948b6e1969386907f9d5490...refs/remotes/origin/master -- [5ms]
2026-04-14 12:53:25.464 [info] > git diff --name-status -z --diff-filter=ADMR --find-renames=50% 73c7761ab7771a595948b6e1969386907f9d5490...refs/remotes/origin/master -- [1ms]
2026-04-14 12:53:25.816 [info] > git check-ignore -v -z --stdin [1ms]
2026-04-14 12:53:26.539 [info] > git config --get commit.template [36ms]
2026-04-14 12:53:26.542 [info] > git for-each-ref --format=%(refname)%00%(upstream:short)%00%(objectname)%00%(upstream:track)%00%(upstream:remotename)%00%(upstream:remoteref) refs/heads/master refs/remotes/master [36ms]
2026-04-14 12:53:26.546 [warning] [Git][revParse] Unable to read file: ENOENT: no such file or directory, open '/home/dieno/projects/legis-entropy-/.git/refs/remotes/origin/master'
2026-04-14 12:53:26.547 [info] > git rev-parse refs/remotes/origin/master [1ms]
2026-04-14 12:53:26.557 [info] > git for-each-ref --sort -committerdate --format %(refname)%00%(objectname)%00%(*objectname) [3ms]
2026-04-14 12:53:26.559 [info] > git status -z -uall [8ms]
2026-04-14 12:53:36.020 [info] [main] Log level: Info
2026-04-14 12:53:36.020 [info] [main] Validating found git in: "git"
2026-04-14 12:53:36.020 [info] [main] Using git "2.53.0" from "git"
2026-04-14 12:53:36.020 [info] [Model][doInitialScan] Initial repository scan started
2026-04-14 12:53:36.020 [info] > git rev-parse --show-toplevel [66ms]
2026-04-14 12:53:36.027 [info] > git rev-parse --show-toplevel [2ms]
2026-04-14 12:53:36.032 [info] > git rev-parse --show-toplevel [2ms]
2026-04-14 12:53:36.037 [info] > git rev-parse --show-toplevel [1ms]
2026-04-14 12:53:36.042 [info] > git rev-parse --show-toplevel [1ms]
2026-04-14 12:53:36.046 [info] > git rev-parse --show-toplevel [1ms]
2026-04-14 12:53:36.051 [info] > git rev-parse --show-toplevel [1ms]
2026-04-14 12:53:36.054 [info] [Model][doInitialScan] Initial repository scan completed - repositories (0), closed repositories (0), parent repositories (1), unsafe repositories (0)
2026-04-14 12:53:37.217 [info] > git rev-parse --show-toplevel [1ms]
2026-04-14 12:53:37.310 [info] > git rev-parse --show-toplevel [3ms]
2026-04-14 12:53:37.384 [info] > git rev-parse --show-toplevel [1ms]
2026-04-14 12:53:37.533 [info] > git rev-parse --show-toplevel [2ms]
2026-04-14 12:54:48.690 [info] > git rev-parse --show-toplevel [2ms]
2026-04-14 12:55:05.494 [info] > git rev-parse --show-toplevel [3ms]
2026-04-14 12:55:05.917 [info] > git rev-parse --show-toplevel [2ms]
2026-04-14 13:53:52.718 [info] > git rev-parse --show-toplevel [5ms]
2026-04-14 13:58:32.553 [info] > git rev-parse --show-toplevel [3ms]
2026-04-14 13:58:48.408 [info] > git rev-parse --show-toplevel [2ms]
2026-04-14 13:59:44.043 [info] [main] Log level: Info
2026-04-14 13:59:44.043 [info] [main] Validating found git in: "git"
2026-04-14 13:59:44.043 [info] [main] Using git "2.53.0" from "git"
2026-04-14 13:59:44.043 [info] [Model][doInitialScan] Initial repository scan started
2026-04-14 13:59:44.043 [info] > git rev-parse --show-toplevel [30ms]
2026-04-14 13:59:44.046 [info] > git rev-parse --git-dir --git-common-dir --show-superproject-working-tree [4ms]
2026-04-14 13:59:44.056 [info] [Model][openRepository] Opened repository (path): /home/dieno/projects/lyceum
2026-04-14 13:59:44.056 [info] [Model][openRepository] Opened repository (real path): /home/dieno/projects/lyceum
2026-04-14 13:59:44.056 [info] [Model][openRepository] Opened repository (kind): repository
2026-04-14 13:59:44.067 [info] > git rev-parse --show-toplevel [2ms]
2026-04-14 13:59:44.068 [info] > git config --get commit.template [5ms]
2026-04-14 13:59:44.078 [info] > git rev-parse --show-toplevel [5ms]
2026-04-14 13:59:44.099 [info] > git for-each-ref --format=%(refname)%00%(upstream:short)%00%(objectname)%00%(upstream:track)%00%(upstream:remotename)%00%(upstream:remoteref) refs/heads/devel refs/remotes/devel [23ms]
2026-04-14 13:59:44.117 [info] > git status -z -uall [14ms]
2026-04-14 13:59:44.117 [info] > git for-each-ref --sort -committerdate --format %(refname)%00%(objectname)%00%(*objectname) [10ms]
2026-04-14 13:59:44.134 [info] > git rev-parse --show-toplevel [35ms]
2026-04-14 13:59:44.142 [info] > git for-each-ref --format=%(refname)%00%(upstream:short)%00%(objectname)%00%(upstream:track)%00%(upstream:remotename)%00%(upstream:remoteref) refs/heads/devel refs/remotes/devel [10ms]
2026-04-14 13:59:44.148 [info] > git config --get --local branch.devel.vscode-merge-base [1ms]
2026-04-14 13:59:44.148 [warning] [Git][config] git config failed: Failed to execute git
2026-04-14 13:59:44.151 [info] > git rev-parse --show-toplevel [9ms]
2026-04-14 13:59:44.154 [info] [Model][doInitialScan] Initial repository scan completed - repositories (1), closed repositories (0), parent repositories (0), unsafe repositories (0)
2026-04-14 13:59:44.154 [info] > git config --get commit.template [15ms]
2026-04-14 13:59:44.179 [info] > git reflog devel --grep-reflog=branch: Created from *. [28ms]
2026-04-14 13:59:44.197 [info] > git symbolic-ref --short refs/remotes/origin/HEAD [15ms]
2026-04-14 13:59:44.197 [info] fatal: ref refs/remotes/origin/HEAD is not a symbolic ref
2026-04-14 13:59:44.197 [warning] [Repository][getDefaultBranch] Failed to get default branch details: Failed to execute git.
2026-04-14 13:59:44.198 [info] > git for-each-ref --format=%(refname)%00%(upstream:short)%00%(objectname)%00%(upstream:track)%00%(upstream:remotename)%00%(upstream:remoteref) refs/heads/devel refs/remotes/devel [20ms]
2026-04-14 13:59:44.206 [info] > git status -z -uall [5ms]
2026-04-14 13:59:44.206 [info] > git for-each-ref --sort -committerdate --format %(refname)%00%(objectname)%00%(*objectname) [2ms]
2026-04-14 13:59:44.608 [info] > git check-ignore -v -z --stdin [3ms]
2026-04-14 14:00:18.199 [info] > git config --get commit.template [4ms]
2026-04-14 14:00:18.200 [info] > git for-each-ref --format=%(refname)%00%(upstream:short)%00%(objectname)%00%(upstream:track)%00%(upstream:remotename)%00%(upstream:remoteref) refs/heads/devel refs/remotes/devel [1ms]
2026-04-14 14:00:18.208 [info] > git status -z -uall [5ms]
2026-04-14 14:00:18.208 [info] > git for-each-ref --sort -committerdate --format %(refname)%00%(objectname)%00%(*objectname) [1ms]
2026-04-14 14:00:34.924 [info] > git show --textconv :.env.example [6ms]
2026-04-14 14:00:34.925 [info] > git ls-files --stage -- .env.example [1ms]
2026-04-14 14:00:34.931 [info] > git cat-file -s c5b3866fd48aba69f7cfc4701d82e553232e54c9 [2ms]
2026-04-14 14:00:35.650 [info] > git check-ignore -v -z --stdin [2ms]
2026-04-14 14:00:38.460 [info] > git check-ignore -v -z --stdin [3ms]
2026-04-14 14:00:39.531 [info] > git check-ignore -v -z --stdin [0ms]
2026-04-14 14:00:42.151 [info] > git check-ignore -v -z --stdin [2ms]
2026-04-14 14:00:43.234 [info] > git check-ignore -v -z --stdin [2ms]
2026-04-14 14:00:44.173 [info] > git check-ignore -v -z --stdin [3ms]
2026-04-14 14:00:46.186 [info] > git check-ignore -v -z --stdin [1ms]
2026-04-14 14:00:47.422 [info] > git show --textconv :backend/src/main/java/com/jvmd/lyceum_backend/payload/AuthResponse.java [7ms]
2026-04-14 14:00:47.423 [info] > git ls-files --stage -- backend/src/main/java/com/jvmd/lyceum_backend/payload/AuthResponse.java [2ms]
2026-04-14 14:00:47.430 [info] > git cat-file -s 2d0ad4d21819e899eb80461a0dc205f7a62973ae [2ms]
2026-04-14 14:00:47.695 [info] > git check-ignore -v -z --stdin [2ms]
2026-04-14 14:00:49.577 [info] > git show --textconv :backend/src/main/java/com/jvmd/lyceum_backend/payload/RegisterRequest.java [6ms]
2026-04-14 14:00:49.579 [info] > git ls-files --stage -- backend/src/main/java/com/jvmd/lyceum_backend/payload/RegisterRequest.java [3ms]
2026-04-14 14:00:49.585 [info] > git cat-file -s 3bdc524e71e6a63b8dda2337b89d8df1af2845f5 [2ms]
2026-04-14 14:00:55.327 [info] > git show --textconv :backend/src/main/java/com/jvmd/lyceum_backend/payload/AuthResponse.java [5ms]
2026-04-14 14:00:55.328 [info] > git ls-files --stage -- backend/src/main/java/com/jvmd/lyceum_backend/payload/AuthResponse.java [2ms]
2026-04-14 14:00:55.333 [info] > git cat-file -s 2d0ad4d21819e899eb80461a0dc205f7a62973ae [2ms]
2026-04-14 14:01:01.899 [info] > git check-ignore -v -z --stdin [2ms]
2026-04-14 14:03:42.070 [info] > git show --textconv :backend/src/main/java/com/jvmd/lyceum_backend/config/AdminInitializer.java [3ms]
2026-04-14 14:03:42.075 [info] > git ls-files --stage -- backend/src/main/java/com/jvmd/lyceum_backend/config/AdminInitializer.java [5ms]
2026-04-14 14:03:42.079 [info] > git hash-object -t tree /dev/null [4ms]
2026-04-14 14:03:42.079 [warning] [GitFileSystemProvider][readFile] File not found - git:/home/dieno/projects/lyceum/backend/src/main/java/com/jvmd/lyceum_backend/config/AdminInitializer.java.git?%7B%22path%22%3A%22%2Fhome%2Fdieno%2Fprojects%2Flyceum%2Fbackend%2Fsrc%2Fmain%2Fjava%2Fcom%2Fjvmd%2Flyceum_backend%2Fconfig%2FAdminInitializer.java%22%2C%22ref%22%3A%22%22%7D
2026-04-14 14:03:42.080 [info] > git hash-object -t tree /dev/null [1ms]
2026-04-14 14:03:42.080 [warning] [GitFileSystemProvider][stat] File not found - git:/home/dieno/projects/lyceum/backend/src/main/java/com/jvmd/lyceum_backend/config/AdminInitializer.java.git?%7B%22path%22%3A%22%2Fhome%2Fdieno%2Fprojects%2Flyceum%2Fbackend%2Fsrc%2Fmain%2Fjava%2Fcom%2Fjvmd%2Flyceum_backend%2Fconfig%2FAdminInitializer.java%22%2C%22ref%22%3A%22%22%7D
2026-04-14 14:03:42.505 [info] > git check-ignore -v -z --stdin [2ms]
2026-04-14 14:03:42.938 [info] > git config --get commit.template [5ms]
2026-04-14 14:03:42.939 [info] > git for-each-ref --format=%(refname)%00%(upstream:short)%00%(objectname)%00%(upstream:track)%00%(upstream:remotename)%00%(upstream:remoteref) refs/heads/devel refs/remotes/devel [2ms]
2026-04-14 14:03:42.946 [info] > git status -z -uall [3ms]
2026-04-14 14:03:42.946 [info] > git for-each-ref --sort -committerdate --format %(refname)%00%(objectname)%00%(*objectname) [1ms]
2026-04-14 14:03:47.959 [info] > git config --get commit.template [4ms]
2026-04-14 14:03:47.959 [info] > git for-each-ref --format=%(refname)%00%(upstream:short)%00%(objectname)%00%(upstream:track)%00%(upstream:remotename)%00%(upstream:remoteref) refs/heads/devel refs/remotes/devel [1ms]
2026-04-14 14:03:47.967 [info] > git status -z -uall [4ms]
2026-04-14 14:03:47.967 [info] > git for-each-ref --sort -committerdate --format %(refname)%00%(objectname)%00%(*objectname) [1ms]
2026-04-14 14:04:09.196 [info] > git config --get commit.template [4ms]
2026-04-14 14:04:09.196 [info] > git for-each-ref --format=%(refname)%00%(upstream:short)%00%(objectname)%00%(upstream:track)%00%(upstream:remotename)%00%(upstream:remoteref) refs/heads/devel refs/remotes/devel [0ms]
2026-04-14 14:04:09.204 [info] > git status -z -uall [5ms]
2026-04-14 14:04:09.205 [info] > git for-each-ref --sort -committerdate --format %(refname)%00%(objectname)%00%(*objectname) [1ms]
2026-04-14 14:04:09.833 [info] > git check-ignore -v -z --stdin [2ms]
2026-04-14 14:04:12.519 [info] > git check-ignore -v -z --stdin [1ms]
2026-04-14 14:04:13.618 [info] > git check-ignore -v -z --stdin [2ms]
2026-04-14 14:04:14.217 [info] > git config --get commit.template [5ms]
2026-04-14 14:04:14.217 [info] > git for-each-ref --format=%(refname)%00%(upstream:short)%00%(objectname)%00%(upstream:track)%00%(upstream:remotename)%00%(upstream:remoteref) refs/heads/devel refs/remotes/devel [0ms]
2026-04-14 14:04:14.225 [info] > git status -z -uall [4ms]
2026-04-14 14:04:14.225 [info] > git for-each-ref --sort -committerdate --format %(refname)%00%(objectname)%00%(*objectname) [1ms]
2026-04-14 14:04:19.237 [info] > git config --get commit.template [5ms]
2026-04-14 14:04:19.238 [info] > git for-each-ref --format=%(refname)%00%(upstream:short)%00%(objectname)%00%(upstream:track)%00%(upstream:remotename)%00%(upstream:remoteref) refs/heads/devel refs/remotes/devel [1ms]
2026-04-14 14:04:19.247 [info] > git status -z -uall [5ms]
2026-04-14 14:04:19.248 [info] > git for-each-ref --sort -committerdate --format %(refname)%00%(objectname)%00%(*objectname) [2ms]
2026-04-14 14:04:22.194 [info] > git check-ignore -v -z --stdin [1ms]
2026-04-14 14:04:24.260 [info] > git config --get commit.template [4ms]
2026-04-14 14:04:24.260 [info] > git for-each-ref --format=%(refname)%00%(upstream:short)%00%(objectname)%00%(upstream:track)%00%(upstream:remotename)%00%(upstream:remoteref) refs/heads/devel refs/remotes/devel [1ms]
2026-04-14 14:04:24.268 [info] > git status -z -uall [3ms]
2026-04-14 14:04:24.268 [info] > git for-each-ref --sort -committerdate --format %(refname)%00%(objectname)%00%(*objectname) [1ms]
2026-04-14 14:04:26.571 [info] > git check-ignore -v -z --stdin [1ms]
2026-04-14 14:04:29.283 [info] > git config --get commit.template [5ms]
2026-04-14 14:04:29.284 [info] > git for-each-ref --format=%(refname)%00%(upstream:short)%00%(objectname)%00%(upstream:track)%00%(upstream:remotename)%00%(upstream:remoteref) refs/heads/devel refs/remotes/devel [1ms]
2026-04-14 14:04:29.292 [info] > git status -z -uall [4ms]
2026-04-14 14:04:29.293 [info] > git for-each-ref --sort -committerdate --format %(refname)%00%(objectname)%00%(*objectname) [1ms]
2026-04-14 14:04:32.220 [info] > git check-ignore -v -z --stdin [1ms]
2026-04-14 14:04:34.311 [info] > git config --get commit.template [7ms]
2026-04-14 14:04:34.312 [info] > git for-each-ref --format=%(refname)%00%(upstream:short)%00%(objectname)%00%(upstream:track)%00%(upstream:remotename)%00%(upstream:remoteref) refs/heads/devel refs/remotes/devel [1ms]
2026-04-14 14:04:34.320 [info] > git status -z -uall [4ms]
2026-04-14 14:04:34.321 [info] > git for-each-ref --sort -committerdate --format %(refname)%00%(objectname)%00%(*objectname) [1ms]
2026-04-14 14:12:54.049 [info] > git config --get commit.template [4ms]
2026-04-14 14:12:54.050 [info] > git for-each-ref --format=%(refname)%00%(upstream:short)%00%(objectname)%00%(upstream:track)%00%(upstream:remotename)%00%(upstream:remoteref) refs/heads/devel refs/remotes/devel [1ms]
2026-04-14 14:12:54.059 [info] > git status -z -uall [6ms]
2026-04-14 14:12:54.059 [info] > git for-each-ref --sort -committerdate --format %(refname)%00%(objectname)%00%(*objectname) [1ms]
2026-04-14 14:12:59.078 [info] > git config --get commit.template [7ms]
2026-04-14 14:12:59.078 [info] > git for-each-ref --format=%(refname)%00%(upstream:short)%00%(objectname)%00%(upstream:track)%00%(upstream:remotename)%00%(upstream:remoteref) refs/heads/devel refs/remotes/devel [1ms]
2026-04-14 14:12:59.087 [info] > git status -z -uall [5ms]
2026-04-14 14:12:59.088 [info] > git for-each-ref --sort -committerdate --format %(refname)%00%(objectname)%00%(*objectname) [1ms]
2026-04-14 14:13:04.101 [info] > git config --get commit.template [6ms]
2026-04-14 14:13:04.101 [info] > git for-each-ref --format=%(refname)%00%(upstream:short)%00%(objectname)%00%(upstream:track)%00%(upstream:remotename)%00%(upstream:remoteref) refs/heads/devel refs/remotes/devel [1ms]
2026-04-14 14:13:04.110 [info] > git status -z -uall [5ms]
2026-04-14 14:13:04.110 [info] > git for-each-ref --sort -committerdate --format %(refname)%00%(objectname)%00%(*objectname) [1ms]
2026-04-14 14:13:15.226 [info] > git config --get commit.template [6ms]
2026-04-14 14:13:15.227 [info] > git for-each-ref --format=%(refname)%00%(upstream:short)%00%(objectname)%00%(upstream:track)%00%(upstream:remotename)%00%(upstream:remoteref) refs/heads/devel refs/remotes/devel [2ms]
2026-04-14 14:13:15.235 [info] > git status -z -uall [4ms]
2026-04-14 14:13:15.236 [info] > git for-each-ref --sort -committerdate --format %(refname)%00%(objectname)%00%(*objectname) [2ms]
2026-04-14 14:13:20.250 [info] > git for-each-ref --format=%(refname)%00%(upstream:short)%00%(objectname)%00%(upstream:track)%00%(upstream:remotename)%00%(upstream:remoteref) refs/heads/devel refs/remotes/devel [2ms]
2026-04-14 14:13:20.250 [info] > git config --get commit.template [7ms]
2026-04-14 14:13:20.259 [info] > git status -z -uall [4ms]
2026-04-14 14:13:20.260 [info] > git for-each-ref --sort -committerdate --format %(refname)%00%(objectname)%00%(*objectname) [1ms]
2026-04-14 14:14:36.349 [info] > git config --get commit.template [4ms]
2026-04-14 14:14:36.350 [info] > git for-each-ref --format=%(refname)%00%(upstream:short)%00%(objectname)%00%(upstream:track)%00%(upstream:remotename)%00%(upstream:remoteref) refs/heads/devel refs/remotes/devel [1ms]
2026-04-14 14:14:36.360 [info] > git status -z -uall [6ms]
2026-04-14 14:14:36.361 [info] > git for-each-ref --sort -committerdate --format %(refname)%00%(objectname)%00%(*objectname) [4ms]
2026-04-14 14:17:38.584 [warning] [Git][getHEAD] Failed to parse HEAD file: ENOENT: no such file or directory, open '/home/dieno/projects/lyceum/.git/HEAD'
2026-04-14 14:17:38.592 [warning] [Git][getRemotes] Error: ENOENT: no such file or directory, open '/home/dieno/projects/lyceum/.git/config'
2026-04-14 14:17:38.605 [warning] [Git][getHEAD] Failed to parse HEAD file: ENOENT: no such file or directory, open '/home/dieno/projects/lyceum/.git/HEAD'
2026-04-14 14:17:38.613 [warning] [Git][getRemotes] Error: ENOENT: no such file or directory, open '/home/dieno/projects/lyceum/.git/config'
