2026-04-14 23:00:30.864 [info] Extension host with pid 101499 started
2026-04-14 23:00:30.864 [info] Skipping acquiring lock for /home/dieno/.config/Windsurf/User/workspaceStorage/6b30f5ffcf42be62b066df08abc88923.
2026-04-14 23:00:30.876 [info] ExtensionService#_doActivateExtension vscode.git-base, startup: false, activationEvent: '*', root cause: vscode.git
2026-04-14 23:00:30.881 [info] ExtensionService#_doActivateExtension codeium.windsurf, startup: false, activationEvent: '*'
2026-04-14 23:00:31.255 [info] ExtensionService#_doActivateExtension vscode.git, startup: false, activationEvent: '*'
2026-04-14 23:00:31.286 [info] ExtensionService#_doActivateExtension vscode.github, startup: false, activationEvent: '*'
2026-04-14 23:00:31.564 [info] ExtensionService#_doActivateExtension vscode.emmet, startup: false, activationEvent: 'onLanguage'
2026-04-14 23:00:31.646 [info] ExtensionService#_doActivateExtension vscode.github-authentication, startup: false, activationEvent: 'onAuthenticationRequest:github'
2026-04-14 23:00:32.868 [info] ExtensionService#_doActivateExtension vscode.terminal-suggest, startup: false, activationEvent: 'onTerminalShellIntegration:*'
2026-04-14 23:00:33.449 [info] Eager extensions activated
2026-04-14 23:00:33.466 [info] ExtensionService#_doActivateExtension vscode.debug-auto-launch, startup: false, activationEvent: 'onStartupFinished'
2026-04-14 23:00:33.469 [info] ExtensionService#_doActivateExtension vscode.merge-conflict, startup: false, activationEvent: 'onStartupFinished'
2026-04-14 23:00:33.494 [info] ExtensionService#_doActivateExtension Codeium.windsurf-dev-containers, startup: false, activationEvent: 'onStartupFinished'
2026-04-14 23:00:34.452 [error] Error: Language server has not been started!
	at get client (/usr/share/windsurf/resources/app/extensions/windsurf/dist/extension.js:2:1616835)
	at /usr/share/windsurf/resources/app/extensions/windsurf/dist/extension.js:2:1153604
	at e.activate (/usr/share/windsurf/resources/app/extensions/windsurf/dist/extension.js:2:1153749)
	at process.processTicksAndRejections (node:internal/process/task_queues:105:5)
	at async xD.n (file:///usr/share/windsurf/resources/app/out/vs/workbench/api/node/extensionHostProcess.js:116:14118)
	at async xD.m (file:///usr/share/windsurf/resources/app/out/vs/workbench/api/node/extensionHostProcess.js:116:14081)
	at async xD.l (file:///usr/share/windsurf/resources/app/out/vs/workbench/api/node/extensionHostProcess.js:116:13537)
2026-04-14 23:00:48.669 [info] Extension host terminating: renderer closed the MessagePort
2026-04-14 23:00:48.685 [info] Extension host with pid 101499 exiting with code 0
2026-04-14 23:00:49.857 [info] Extension host with pid 102636 started
2026-04-14 23:00:49.857 [info] Skipping acquiring lock for /home/dieno/.config/Windsurf/User/workspaceStorage/713633ecc8341194e9a7106526de3569.
2026-04-14 23:00:49.898 [info] ExtensionService#_doActivateExtension vscode.git-base, startup: true, activationEvent: '*', root cause: vscode.git
2026-04-14 23:00:49.906 [info] ExtensionService#_doActivateExtension codeium.windsurf, startup: true, activationEvent: '*'
2026-04-14 23:00:50.261 [info] ExtensionService#_doActivateExtension vscode.git, startup: true, activationEvent: '*'
2026-04-14 23:00:50.289 [info] ExtensionService#_doActivateExtension vscode.github, startup: true, activationEvent: '*'
2026-04-14 23:00:52.014 [info] ExtensionService#_doActivateExtension vscode.terminal-suggest, startup: false, activationEvent: 'onTerminalShellIntegration:*'
2026-04-14 23:00:52.635 [info] Eager extensions activated
2026-04-14 23:00:52.645 [info] ExtensionService#_doActivateExtension vscode.debug-auto-launch, startup: false, activationEvent: 'onStartupFinished'
2026-04-14 23:00:52.647 [info] ExtensionService#_doActivateExtension vscode.merge-conflict, startup: false, activationEvent: 'onStartupFinished'
2026-04-14 23:00:52.662 [info] ExtensionService#_doActivateExtension Codeium.windsurf-dev-containers, startup: false, activationEvent: 'onStartupFinished'
2026-04-14 23:00:53.637 [error] Error: Language server has not been started!
	at get client (/usr/share/windsurf/resources/app/extensions/windsurf/dist/extension.js:2:1616835)
	at /usr/share/windsurf/resources/app/extensions/windsurf/dist/extension.js:2:1153604
	at e.activate (/usr/share/windsurf/resources/app/extensions/windsurf/dist/extension.js:2:1153749)
	at process.processTicksAndRejections (node:internal/process/task_queues:105:5)
	at async xD.n (file:///usr/share/windsurf/resources/app/out/vs/workbench/api/node/extensionHostProcess.js:116:14118)
	at async xD.m (file:///usr/share/windsurf/resources/app/out/vs/workbench/api/node/extensionHostProcess.js:116:14081)
	at async xD.l (file:///usr/share/windsurf/resources/app/out/vs/workbench/api/node/extensionHostProcess.js:116:13537)
2026-04-14 23:02:54.693 [info] ExtensionService#_doActivateExtension vscode.emmet, startup: false, activationEvent: 'onLanguage'
2026-04-14 23:03:49.684 [info] Extension host terminating: renderer closed the MessagePort
2026-04-14 23:03:49.709 [info] Extension host with pid 102636 exiting with code 0
