2026-04-14 14:29:42.684 [info] [main] Log level: Info
2026-04-14 14:29:42.684 [info] [main] Validating found git in: "git"
2026-04-14 14:29:42.684 [info] [main] Using git "2.53.0" from "git"
2026-04-14 14:29:42.684 [info] [Model][doInitialScan] Initial repository scan started
2026-04-14 14:29:42.684 [info] > git rev-parse --show-toplevel [40ms]
2026-04-14 14:29:42.684 [info] > git rev-parse --git-dir --git-common-dir --show-superproject-working-tree [17ms]
2026-04-14 14:29:42.684 [info] [Model][openRepository] Opened repository (path): /home/dieno/projects/lyceum
2026-04-14 14:29:42.684 [info] [Model][openRepository] Opened repository (real path): /home/dieno/projects/lyceum
2026-04-14 14:29:42.684 [info] [Model][openRepository] Opened repository (kind): repository
2026-04-14 14:29:42.692 [info] > git rev-parse --show-toplevel [1ms]
2026-04-14 14:29:42.693 [info] > git config --get commit.template [4ms]
2026-04-14 14:29:42.701 [info] > git for-each-ref --format=%(refname)%00%(upstream:short)%00%(objectname)%00%(upstream:track)%00%(upstream:remotename)%00%(upstream:remoteref) refs/heads/devel refs/remotes/devel [2ms]
2026-04-14 14:29:42.701 [info] > git rev-parse --show-toplevel [5ms]
2026-04-14 14:29:42.704 [warning] [Git][revParse] Unable to read file: ENOENT: no such file or directory, open '/home/dieno/projects/lyceum/.git/refs/remotes/origin/devel'
2026-04-14 14:29:42.720 [info] > git rev-parse --show-toplevel [13ms]
2026-04-14 14:29:42.722 [info] [Model][doInitialScan] Initial repository scan completed - repositories (1), closed repositories (0), parent repositories (0), unsafe repositories (0)
2026-04-14 14:29:42.722 [info] > git rev-parse refs/remotes/origin/devel [18ms]
2026-04-14 14:29:42.737 [info] > git status -z -uall [11ms]
2026-04-14 14:29:42.738 [info] > git for-each-ref --sort -committerdate --format %(refname)%00%(objectname)%00%(*objectname) [9ms]
2026-04-14 14:29:42.756 [info] > git for-each-ref --format=%(refname)%00%(upstream:short)%00%(objectname)%00%(upstream:track)%00%(upstream:remotename)%00%(upstream:remoteref) refs/heads/devel refs/remotes/devel [6ms]
2026-04-14 14:29:42.762 [info] > git config --get --local branch.devel.vscode-merge-base [3ms]
2026-04-14 14:29:42.762 [warning] [Git][config] git config failed: Failed to execute git
2026-04-14 14:29:42.766 [info] > git config --get commit.template [10ms]
2026-04-14 14:29:42.785 [info] > git reflog devel --grep-reflog=branch: Created from *. [20ms]
2026-04-14 14:29:42.799 [info] > git symbolic-ref --short refs/remotes/origin/HEAD [11ms]
2026-04-14 14:29:42.802 [info] > git for-each-ref --format=%(refname)%00%(upstream:short)%00%(objectname)%00%(upstream:track)%00%(upstream:remotename)%00%(upstream:remoteref) refs/heads/devel refs/remotes/devel [17ms]
2026-04-14 14:29:42.806 [warning] [Git][revParse] Unable to read file: ENOENT: no such file or directory, open '/home/dieno/projects/lyceum/.git/refs/remotes/origin/devel'
2026-04-14 14:29:42.806 [info] > git for-each-ref --format=%(refname)%00%(upstream:short)%00%(objectname)%00%(upstream:track)%00%(upstream:remotename)%00%(upstream:remoteref) refs/heads/origin/devel refs/remotes/origin/devel [4ms]
2026-04-14 14:29:42.810 [info] > git rev-parse refs/remotes/origin/devel [4ms]
2026-04-14 14:29:42.816 [info] > git status -z -uall [3ms]
2026-04-14 14:29:42.817 [info] > git config --add --local branch.devel.vscode-merge-base origin/devel [8ms]
2026-04-14 14:29:42.817 [info] > git for-each-ref --sort -committerdate --format %(refname)%00%(objectname)%00%(*objectname) [1ms] (cancelled)
2026-04-14 14:29:42.823 [info] > git config --get commit.template [1ms]
2026-04-14 14:29:42.827 [info] > git for-each-ref --format=%(refname)%00%(upstream:short)%00%(objectname)%00%(upstream:track)%00%(upstream:remotename)%00%(upstream:remoteref) refs/heads/devel refs/remotes/devel [1ms]
2026-04-14 14:29:42.831 [warning] [Git][revParse] Unable to read file: ENOENT: no such file or directory, open '/home/dieno/projects/lyceum/.git/refs/remotes/origin/devel'
2026-04-14 14:29:42.833 [info] > git rev-parse refs/remotes/origin/devel [2ms]
2026-04-14 14:29:42.841 [info] > git status -z -uall [5ms]
2026-04-14 14:29:42.841 [info] > git for-each-ref --sort -committerdate --format %(refname)%00%(objectname)%00%(*objectname) [1ms]
2026-04-14 14:29:42.851 [info] > git merge-base refs/heads/devel refs/remotes/origin/devel [4ms]
2026-04-14 14:29:42.856 [info] > git merge-base refs/heads/devel refs/remotes/origin/devel [6ms]
2026-04-14 14:29:42.864 [info] > git diff --name-status -z --diff-filter=ADMR --find-renames=50% d4ad6ec7a99f61e4c008039fe1ea17e2fe60107d...refs/remotes/origin/devel -- [9ms]
2026-04-14 14:29:42.865 [info] > git diff --name-status -z --diff-filter=ADMR --find-renames=50% d4ad6ec7a99f61e4c008039fe1ea17e2fe60107d...refs/remotes/origin/devel -- [5ms]
2026-04-14 14:29:43.235 [info] > git check-ignore -v -z --stdin [2ms]
2026-04-14 14:29:43.902 [info] > git config --get commit.template [7ms]
2026-04-14 14:29:43.903 [info] > git for-each-ref --format=%(refname)%00%(upstream:short)%00%(objectname)%00%(upstream:track)%00%(upstream:remotename)%00%(upstream:remoteref) refs/heads/devel refs/remotes/devel [2ms]
2026-04-14 14:29:43.908 [warning] [Git][revParse] Unable to read file: ENOENT: no such file or directory, open '/home/dieno/projects/lyceum/.git/refs/remotes/origin/devel'
2026-04-14 14:29:43.909 [info] > git rev-parse refs/remotes/origin/devel [1ms]
2026-04-14 14:29:43.919 [info] > git status -z -uall [5ms]
2026-04-14 14:29:43.921 [info] > git for-each-ref --sort -committerdate --format %(refname)%00%(objectname)%00%(*objectname) [2ms]
