2026-04-15 00:13:46.156 [info] Extension host with pid 132213 started
2026-04-15 00:13:46.156 [info] Skipping acquiring lock for /home/dieno/.config/Windsurf/User/workspaceStorage/c39e0a8ffd9374195900ed9ddd1b78bf.
2026-04-15 00:13:46.243 [info] ExtensionService#_doActivateExtension vscode.emmet, startup: false, activationEvent: 'onLanguage'
2026-04-15 00:13:46.273 [info] ExtensionService#_doActivateExtension vscode.git-base, startup: false, activationEvent: '*', root cause: vscode.git
2026-04-15 00:13:46.277 [info] ExtensionService#_doActivateExtension codeium.windsurf, startup: false, activationEvent: '*'
2026-04-15 00:13:46.869 [info] ExtensionService#_doActivateExtension vscode.git, startup: false, activationEvent: '*'
2026-04-15 00:13:46.908 [info] ExtensionService#_doActivateExtension vscode.github, startup: false, activationEvent: '*'
2026-04-15 00:13:47.211 [info] ExtensionService#_doActivateExtension vscode.github-authentication, startup: false, activationEvent: 'onAuthenticationRequest:github'
2026-04-15 00:13:48.606 [info] ExtensionService#_doActivateExtension vscode.terminal-suggest, startup: false, activationEvent: 'onTerminalShellIntegration:*'
2026-04-15 00:13:49.296 [info] Eager extensions activated
2026-04-15 00:13:49.310 [info] ExtensionService#_doActivateExtension vscode.debug-auto-launch, startup: false, activationEvent: 'onStartupFinished'
2026-04-15 00:13:49.312 [info] ExtensionService#_doActivateExtension vscode.merge-conflict, startup: false, activationEvent: 'onStartupFinished'
2026-04-15 00:13:49.326 [info] ExtensionService#_doActivateExtension Codeium.windsurf-dev-containers, startup: false, activationEvent: 'onStartupFinished'
2026-04-15 00:13:50.297 [error] Error: Language server has not been started!
	at get client (/usr/share/windsurf/resources/app/extensions/windsurf/dist/extension.js:2:1616835)
	at /usr/share/windsurf/resources/app/extensions/windsurf/dist/extension.js:2:1153604
	at e.activate (/usr/share/windsurf/resources/app/extensions/windsurf/dist/extension.js:2:1153749)
	at process.processTicksAndRejections (node:internal/process/task_queues:105:5)
	at async xD.n (file:///usr/share/windsurf/resources/app/out/vs/workbench/api/node/extensionHostProcess.js:116:14118)
	at async xD.m (file:///usr/share/windsurf/resources/app/out/vs/workbench/api/node/extensionHostProcess.js:116:14081)
	at async xD.l (file:///usr/share/windsurf/resources/app/out/vs/workbench/api/node/extensionHostProcess.js:116:13537)
2026-04-15 00:13:54.226 [info] Extension host terminating: renderer closed the MessagePort
2026-04-15 00:13:54.243 [info] Extension host with pid 132213 exiting with code 0
2026-04-15 00:13:55.477 [info] Extension host with pid 133353 started
2026-04-15 00:13:55.477 [info] Skipping acquiring lock for /home/dieno/.config/Windsurf/User/workspaceStorage/6b30f5ffcf42be62b066df08abc88923.
2026-04-15 00:13:55.495 [info] ExtensionService#_doActivateExtension vscode.git-base, startup: false, activationEvent: '*', root cause: vscode.git
2026-04-15 00:13:55.500 [info] ExtensionService#_doActivateExtension codeium.windsurf, startup: false, activationEvent: '*'
2026-04-15 00:13:55.860 [info] ExtensionService#_doActivateExtension vscode.git, startup: false, activationEvent: '*'
2026-04-15 00:13:55.893 [info] ExtensionService#_doActivateExtension vscode.github, startup: false, activationEvent: '*'
2026-04-15 00:13:56.121 [info] ExtensionService#_doActivateExtension vscode.emmet, startup: false, activationEvent: 'onLanguage'
2026-04-15 00:13:56.204 [info] ExtensionService#_doActivateExtension vscode.github-authentication, startup: false, activationEvent: 'onAuthenticationRequest:github'
2026-04-15 00:13:57.504 [info] ExtensionService#_doActivateExtension vscode.terminal-suggest, startup: false, activationEvent: 'onTerminalShellIntegration:*'
2026-04-15 00:13:58.094 [info] Eager extensions activated
2026-04-15 00:13:58.104 [info] ExtensionService#_doActivateExtension vscode.debug-auto-launch, startup: false, activationEvent: 'onStartupFinished'
2026-04-15 00:13:58.107 [info] ExtensionService#_doActivateExtension vscode.merge-conflict, startup: false, activationEvent: 'onStartupFinished'
2026-04-15 00:13:58.119 [info] ExtensionService#_doActivateExtension Codeium.windsurf-dev-containers, startup: false, activationEvent: 'onStartupFinished'
2026-04-15 00:13:59.095 [error] Error: Language server has not been started!
	at get client (/usr/share/windsurf/resources/app/extensions/windsurf/dist/extension.js:2:1616835)
	at /usr/share/windsurf/resources/app/extensions/windsurf/dist/extension.js:2:1153604
	at e.activate (/usr/share/windsurf/resources/app/extensions/windsurf/dist/extension.js:2:1153749)
	at process.processTicksAndRejections (node:internal/process/task_queues:105:5)
	at async xD.n (file:///usr/share/windsurf/resources/app/out/vs/workbench/api/node/extensionHostProcess.js:116:14118)
	at async xD.m (file:///usr/share/windsurf/resources/app/out/vs/workbench/api/node/extensionHostProcess.js:116:14081)
	at async xD.l (file:///usr/share/windsurf/resources/app/out/vs/workbench/api/node/extensionHostProcess.js:116:13537)
2026-04-15 00:14:09.803 [info] ExtensionService#_doActivateExtension vscode.npm, startup: false, activationEvent: 'onTerminalQuickFixRequest:ms-vscode.npm-command'
2026-04-15 00:15:36.495 [info] Extension host terminating: renderer closed the MessagePort
2026-04-15 00:15:36.506 [info] Extension host with pid 133353 exiting with code 0
