2026-04-14 14:29:41.405 [info] Started local extension host with pid 153432.
2026-04-14 14:29:41.586 [info] ChatSessionStore: Migrating 0 chat sessions from storage service to file system
2026-04-14 14:29:41.634 [info] [DiffZone] BaselineResolution init, 0 existing repos
2026-04-14 14:29:41.821 [error] App icon customization is not supported on this OS: Error: App icon customization is not supported on this OS
    at J6.setIcon (file:///usr/share/windsurf/resources/app/out/main.js:147:3603)
    at Object.call (file:///usr/share/windsurf/resources/app/out/main.js:33:4554)
    at Zp.s (file:///usr/share/windsurf/resources/app/out/main.js:31:15212)
    at Zp.q (file:///usr/share/windsurf/resources/app/out/main.js:31:14735)
    at Ta.value (file:///usr/share/windsurf/resources/app/out/main.js:31:14137)
    at D.C (file:///usr/share/windsurf/resources/app/out/main.js:30:2328)
    at D (file:///usr/share/windsurf/resources/app/out/main.js:30:2398)
    at D.fire (file:///usr/share/windsurf/resources/app/out/main.js:30:2615)
    at Ta.value (file:///usr/share/windsurf/resources/app/out/main.js:28:5384)
    at D.C (file:///usr/share/windsurf/resources/app/out/main.js:30:2328)
    at D.fire (file:///usr/share/windsurf/resources/app/out/main.js:30:2546)
    at Ta.value (file:///usr/share/windsurf/resources/app/out/main.js:28:5568)
    at D.C (file:///usr/share/windsurf/resources/app/out/main.js:30:2328)
    at D.fire (file:///usr/share/windsurf/resources/app/out/main.js:30:2546)
    at H (file:///usr/share/windsurf/resources/app/out/main.js:28:7826)
    at IpcMainImpl.i (file:///usr/share/windsurf/resources/app/out/main.js:36:10815)
    at IpcMainImpl.emit (node:events:519:28)
    at Session.<anonymous> (node:electron/js2c/browser_init:2:112437)
    at Session.emit (node:events:519:28)
2026-04-14 14:29:42.686 [info] [DiffZone] Watching repo: scm0
2026-04-14 14:29:42.687 [info] [DiffZone] No historyProvider for scm0
2026-04-14 14:29:42.692 [info] [DiffZone] No revision for scm0
2026-04-14 14:29:42.845 [info] [DiffZone] Revision for scm0: 00b84cd, prev: none
2026-04-14 14:29:49.247 [info] [perf] Render performance baseline is 17ms
2026-04-14 14:29:49.424 [error] An unknown error occurred. Please consult the log for more details.
