2026-04-14 21:54:19.769 [info] [main] Log level: Info
2026-04-14 21:54:19.769 [info] [main] Validating found git in: "git"
2026-04-14 21:54:19.769 [info] [main] Using git "2.53.0" from "git"
2026-04-14 21:54:19.769 [info] [Model][doInitialScan] Initial repository scan started
2026-04-14 21:54:19.769 [info] > git rev-parse --show-toplevel [20ms]
2026-04-14 21:54:19.769 [info] > git rev-parse --git-dir --git-common-dir --show-superproject-working-tree [24ms]
2026-04-14 21:54:19.769 [info] [Model][openRepository] Opened repository (path): /home/dieno/projects/lyceum
2026-04-14 21:54:19.769 [info] [Model][openRepository] Opened repository (real path): /home/dieno/projects/lyceum
2026-04-14 21:54:19.769 [info] [Model][openRepository] Opened repository (kind): repository
2026-04-14 21:54:19.778 [info] > git rev-parse --show-toplevel [2ms]
2026-04-14 21:54:19.779 [info] > git config --get commit.template [5ms]
2026-04-14 21:54:19.811 [info] > git rev-parse --show-toplevel [13ms]
2026-04-14 21:54:19.815 [info] > git for-each-ref --format=%(refname)%00%(upstream:short)%00%(objectname)%00%(upstream:track)%00%(upstream:remotename)%00%(upstream:remoteref) refs/heads/devel refs/remotes/devel [4ms]
2026-04-14 21:54:19.815 [info] > git rev-parse --show-toplevel [1ms]
2026-04-14 21:54:19.817 [info] [Model][doInitialScan] Initial repository scan completed - repositories (1), closed repositories (0), parent repositories (0), unsafe repositories (0)
2026-04-14 21:54:19.826 [info] > git status -z -uall [5ms]
2026-04-14 21:54:19.827 [info] > git for-each-ref --sort -committerdate --format %(refname)%00%(objectname)%00%(*objectname) [2ms]
2026-04-14 21:54:19.849 [info] > git for-each-ref --format=%(refname)%00%(upstream:short)%00%(objectname)%00%(upstream:track)%00%(upstream:remotename)%00%(upstream:remoteref) refs/heads/devel refs/remotes/devel [5ms]
2026-04-14 21:54:19.855 [info] > git config --get --local branch.devel.vscode-merge-base [3ms]
2026-04-14 21:54:19.860 [info] > git config --get commit.template [10ms]
2026-04-14 21:54:19.862 [info] > git for-each-ref --format=%(refname)%00%(upstream:short)%00%(objectname)%00%(upstream:track)%00%(upstream:remotename)%00%(upstream:remoteref) refs/heads/origin/devel refs/remotes/origin/devel [3ms]
2026-04-14 21:54:19.888 [info] > git merge-base refs/heads/devel refs/remotes/origin/devel [22ms]
2026-04-14 21:54:19.905 [info] > git diff --name-status -z --diff-filter=ADMR --find-renames=50% da3e80278b9136fd25a01a2319b31880a9f1381f...refs/remotes/origin/devel -- [13ms]
2026-04-14 21:54:19.906 [info] > git for-each-ref --format=%(refname)%00%(upstream:short)%00%(objectname)%00%(upstream:track)%00%(upstream:remotename)%00%(upstream:remoteref) refs/heads/devel refs/remotes/devel [18ms]
2026-04-14 21:54:19.915 [info] > git status -z -uall [4ms]
2026-04-14 21:54:19.915 [info] > git for-each-ref --sort -committerdate --format %(refname)%00%(objectname)%00%(*objectname) [2ms]
2026-04-14 21:54:20.292 [info] > git check-ignore -v -z --stdin [2ms]
2026-04-14 21:57:20.920 [info] > git config --get commit.template [2ms]
2026-04-14 21:57:20.927 [info] > git for-each-ref --format=%(refname)%00%(upstream:short)%00%(objectname)%00%(upstream:track)%00%(upstream:remotename)%00%(upstream:remoteref) refs/heads/devel refs/remotes/devel [2ms]
2026-04-14 21:57:20.939 [info] > git status -z -uall [6ms]
2026-04-14 21:57:20.941 [info] > git for-each-ref --sort -committerdate --format %(refname)%00%(objectname)%00%(*objectname) [3ms]
