2026-03-28 05:09:13.141 [info] Extension host with pid 147775 started
2026-03-28 05:09:13.141 [info] Skipping acquiring lock for /home/dieno/.config/Windsurf/User/workspaceStorage/a6be49b3247d7aa06ffc4e84bc92d50c.
2026-03-28 05:09:13.281 [info] ExtensionService#_doActivateExtension vscode.emmet, startup: false, activationEvent: 'onLanguage'
2026-03-28 05:09:13.404 [info] ExtensionService#_doActivateExtension vscode.git-base, startup: true, activationEvent: '*', root cause: vscode.git
2026-03-28 05:09:13.407 [info] ExtensionService#_doActivateExtension codeium.windsurf, startup: true, activationEvent: '*'
2026-03-28 05:09:13.862 [info] ExtensionService#_doActivateExtension vscode.git, startup: true, activationEvent: '*'
2026-03-28 05:09:13.898 [info] ExtensionService#_doActivateExtension vscode.github, startup: true, activationEvent: '*'
2026-03-28 05:09:14.168 [info] ExtensionService#_doActivateExtension vscode.github-authentication, startup: false, activationEvent: 'onAuthenticationRequest:github'
2026-03-28 05:09:15.757 [info] ExtensionService#_doActivateExtension vscode.terminal-suggest, startup: false, activationEvent: 'onTerminalShellIntegration:*'
2026-03-28 05:09:16.333 [info] Eager extensions activated
2026-03-28 05:09:16.359 [info] ExtensionService#_doActivateExtension vscode.debug-auto-launch, startup: false, activationEvent: 'onStartupFinished'
2026-03-28 05:09:16.366 [info] ExtensionService#_doActivateExtension vscode.merge-conflict, startup: false, activationEvent: 'onStartupFinished'
2026-03-28 05:09:16.388 [info] ExtensionService#_doActivateExtension Codeium.windsurf-dev-containers, startup: false, activationEvent: 'onStartupFinished'
2026-03-28 05:09:17.335 [error] Error: Language server has not been started!
	at get client (/usr/share/windsurf/resources/app/extensions/windsurf/dist/extension.js:2:1616835)
	at /usr/share/windsurf/resources/app/extensions/windsurf/dist/extension.js:2:1153604
	at e.activate (/usr/share/windsurf/resources/app/extensions/windsurf/dist/extension.js:2:1153749)
	at process.processTicksAndRejections (node:internal/process/task_queues:105:5)
	at async xD.n (file:///usr/share/windsurf/resources/app/out/vs/workbench/api/node/extensionHostProcess.js:116:14118)
	at async xD.m (file:///usr/share/windsurf/resources/app/out/vs/workbench/api/node/extensionHostProcess.js:116:14081)
	at async xD.l (file:///usr/share/windsurf/resources/app/out/vs/workbench/api/node/extensionHostProcess.js:116:13537)
2026-03-28 05:09:44.789 [info] Extension host terminating: renderer closed the MessagePort
2026-03-28 05:09:44.810 [info] Extension host with pid 147775 exiting with code 0
2026-03-28 05:09:46.025 [info] Extension host with pid 149184 started
2026-03-28 05:09:46.025 [info] Skipping acquiring lock for /home/dieno/.config/Windsurf/User/workspaceStorage/ffb7bf5d80a0c31e22f1e4a097d5ee62.
2026-03-28 05:09:46.047 [info] ExtensionService#_doActivateExtension vscode.git-base, startup: true, activationEvent: '*', root cause: vscode.git
2026-03-28 05:09:46.053 [info] ExtensionService#_doActivateExtension codeium.windsurf, startup: true, activationEvent: '*'
2026-03-28 05:09:46.441 [info] ExtensionService#_doActivateExtension vscode.npm, startup: true, activationEvent: 'workspaceContains:package.json'
2026-03-28 05:09:46.466 [info] ExtensionService#_doActivateExtension vscode.git, startup: true, activationEvent: '*'
2026-03-28 05:09:46.504 [info] ExtensionService#_doActivateExtension vscode.github, startup: true, activationEvent: '*'
2026-03-28 05:09:48.190 [info] ExtensionService#_doActivateExtension vscode.terminal-suggest, startup: false, activationEvent: 'onTerminalShellIntegration:*'
2026-03-28 05:09:48.726 [info] Eager extensions activated
2026-03-28 05:09:48.749 [info] ExtensionService#_doActivateExtension vscode.debug-auto-launch, startup: false, activationEvent: 'onStartupFinished'
2026-03-28 05:09:48.751 [info] ExtensionService#_doActivateExtension vscode.merge-conflict, startup: false, activationEvent: 'onStartupFinished'
2026-03-28 05:09:48.768 [info] ExtensionService#_doActivateExtension Codeium.windsurf-dev-containers, startup: false, activationEvent: 'onStartupFinished'
2026-03-28 05:09:49.728 [error] Error: Language server has not been started!
	at get client (/usr/share/windsurf/resources/app/extensions/windsurf/dist/extension.js:2:1616835)
	at /usr/share/windsurf/resources/app/extensions/windsurf/dist/extension.js:2:1153604
	at e.activate (/usr/share/windsurf/resources/app/extensions/windsurf/dist/extension.js:2:1153749)
	at process.processTicksAndRejections (node:internal/process/task_queues:105:5)
	at async xD.n (file:///usr/share/windsurf/resources/app/out/vs/workbench/api/node/extensionHostProcess.js:116:14118)
	at async xD.m (file:///usr/share/windsurf/resources/app/out/vs/workbench/api/node/extensionHostProcess.js:116:14081)
	at async xD.l (file:///usr/share/windsurf/resources/app/out/vs/workbench/api/node/extensionHostProcess.js:116:13537)
2026-03-28 05:09:51.658 [info] ExtensionService#_doActivateExtension vscode.configuration-editing, startup: false, activationEvent: 'onLanguage:json'
2026-03-28 05:09:51.668 [info] ExtensionService#_doActivateExtension vscode.extension-editing, startup: false, activationEvent: 'onLanguage:json'
2026-03-28 05:09:51.680 [info] ExtensionService#_doActivateExtension vscode.json-language-features, startup: false, activationEvent: 'onLanguage:json'
2026-03-28 05:09:51.721 [info] ExtensionService#_doActivateExtension vscode.emmet, startup: false, activationEvent: 'onLanguage'
2026-03-28 05:10:52.660 [info] ExtensionService#_doActivateExtension vscode.typescript-language-features, startup: false, activationEvent: 'onLanguage:typescriptreact'
2026-03-28 05:11:25.139 [info] ExtensionService#_doActivateExtension vscode.github-authentication, startup: false, activationEvent: 'onAuthenticationRequest:github'
2026-03-28 05:12:01.967 [info] Extension host terminating: renderer closed the MessagePort
2026-03-28 05:12:02.009 [info] Extension host with pid 149184 exiting with code 0
2026-03-28 05:12:03.676 [info] Extension host with pid 150623 started
2026-03-28 05:12:03.676 [info] Skipping acquiring lock for /home/dieno/.config/Windsurf/User/workspaceStorage/a6be49b3247d7aa06ffc4e84bc92d50c.
2026-03-28 05:12:03.704 [info] ExtensionService#_doActivateExtension vscode.emmet, startup: false, activationEvent: 'onLanguage'
2026-03-28 05:12:03.750 [info] ExtensionService#_doActivateExtension vscode.git-base, startup: true, activationEvent: '*', root cause: vscode.git
2026-03-28 05:12:03.754 [info] ExtensionService#_doActivateExtension codeium.windsurf, startup: true, activationEvent: '*'
2026-03-28 05:12:04.243 [info] ExtensionService#_doActivateExtension vscode.git, startup: true, activationEvent: '*'
2026-03-28 05:12:04.279 [info] ExtensionService#_doActivateExtension vscode.github, startup: true, activationEvent: '*'
2026-03-28 05:12:04.310 [info] ExtensionService#_doActivateExtension vscode.terminal-suggest, startup: false, activationEvent: 'onTerminalShellIntegration:*'
2026-03-28 05:12:04.594 [info] ExtensionService#_doActivateExtension vscode.github-authentication, startup: false, activationEvent: 'onAuthenticationRequest:github'
2026-03-28 05:12:06.514 [info] Eager extensions activated
2026-03-28 05:12:06.522 [info] ExtensionService#_doActivateExtension vscode.debug-auto-launch, startup: false, activationEvent: 'onStartupFinished'
2026-03-28 05:12:06.523 [info] ExtensionService#_doActivateExtension vscode.merge-conflict, startup: false, activationEvent: 'onStartupFinished'
2026-03-28 05:12:06.536 [info] ExtensionService#_doActivateExtension Codeium.windsurf-dev-containers, startup: false, activationEvent: 'onStartupFinished'
2026-03-28 05:12:07.516 [error] Error: Language server has not been started!
	at get client (/usr/share/windsurf/resources/app/extensions/windsurf/dist/extension.js:2:1616835)
	at /usr/share/windsurf/resources/app/extensions/windsurf/dist/extension.js:2:1153604
	at e.activate (/usr/share/windsurf/resources/app/extensions/windsurf/dist/extension.js:2:1153749)
	at process.processTicksAndRejections (node:internal/process/task_queues:105:5)
	at async xD.n (file:///usr/share/windsurf/resources/app/out/vs/workbench/api/node/extensionHostProcess.js:116:14118)
	at async xD.m (file:///usr/share/windsurf/resources/app/out/vs/workbench/api/node/extensionHostProcess.js:116:14081)
	at async xD.l (file:///usr/share/windsurf/resources/app/out/vs/workbench/api/node/extensionHostProcess.js:116:13537)
2026-03-28 05:15:49.354 [info] ExtensionService#_doActivateExtension vscode.typescript-language-features, startup: false, activationEvent: 'onLanguage:typescriptreact'
2026-03-28 05:19:04.802 [info] ExtensionService#_doActivateExtension vscode.npm, startup: false, activationEvent: 'onTerminalQuickFixRequest:ms-vscode.npm-command'
2026-03-28 05:19:09.876 [info] ExtensionService#_doActivateExtension vscode.configuration-editing, startup: false, activationEvent: 'onLanguage:json'
2026-03-28 05:19:09.887 [info] ExtensionService#_doActivateExtension vscode.extension-editing, startup: false, activationEvent: 'onLanguage:json'
2026-03-28 05:19:09.899 [info] ExtensionService#_doActivateExtension vscode.json-language-features, startup: false, activationEvent: 'onLanguage:json'
2026-03-28 05:21:45.861 [info] ExtensionService#_doActivateExtension vscode.css-language-features, startup: false, activationEvent: 'onLanguage:css'
2026-03-28 06:15:49.476 [info] Extension host terminating: renderer closed the MessagePort
2026-03-28 06:15:49.517 [info] Extension host with pid 150623 exiting with code 0
2026-03-28 06:15:49.518 [error] ReferenceError: Cannot access 'g' before initialization
	at l_.value (file:///usr/share/windsurf/resources/app/out/vs/workbench/api/node/extensionHostProcess.js:138:1323)
	at O.C (file:///usr/share/windsurf/resources/app/out/vs/workbench/api/node/extensionHostProcess.js:27:2328)
	at O.fire (file:///usr/share/windsurf/resources/app/out/vs/workbench/api/node/extensionHostProcess.js:27:2546)
	at u_.cancel (file:///usr/share/windsurf/resources/app/out/vs/workbench/api/node/extensionHostProcess.js:27:5265)
	at nt.cancel (file:///usr/share/windsurf/resources/app/out/vs/workbench/api/node/extensionHostProcess.js:27:5676)
	at file:///usr/share/windsurf/resources/app/out/vs/workbench/api/node/extensionHostProcess.js:143:10400
	at Set.forEach (<anonymous>)
	at W7.f (file:///usr/share/windsurf/resources/app/out/vs/workbench/api/node/extensionHostProcess.js:143:10387)
	at process.<anonymous> (file:///usr/share/windsurf/resources/app/out/vs/workbench/api/node/extensionHostProcess.js:143:9634)
	at Object.onceWrapper (node:events:634:26)
	at process.emit (node:events:531:35)
	at process.exit (node:internal/process/per_thread:240:15)
	at Object.exit (file:///usr/share/windsurf/resources/app/out/vs/workbench/api/node/extensionHostProcess.js:397:10932)
	at file:///usr/share/windsurf/resources/app/out/vs/workbench/api/node/extensionHostProcess.js:121:11749
	at <anonymous>
2026-03-28 06:15:49.518 [error] ReferenceError: Cannot access 'g' before initialization
	at l_.value (file:///usr/share/windsurf/resources/app/out/vs/workbench/api/node/extensionHostProcess.js:138:1323)
	at O.C (file:///usr/share/windsurf/resources/app/out/vs/workbench/api/node/extensionHostProcess.js:27:2328)
	at O.fire (file:///usr/share/windsurf/resources/app/out/vs/workbench/api/node/extensionHostProcess.js:27:2546)
	at u_.cancel (file:///usr/share/windsurf/resources/app/out/vs/workbench/api/node/extensionHostProcess.js:27:5265)
	at nt.cancel (file:///usr/share/windsurf/resources/app/out/vs/workbench/api/node/extensionHostProcess.js:27:5676)
	at file:///usr/share/windsurf/resources/app/out/vs/workbench/api/node/extensionHostProcess.js:143:10400
	at Set.forEach (<anonymous>)
	at W7.f (file:///usr/share/windsurf/resources/app/out/vs/workbench/api/node/extensionHostProcess.js:143:10387)
	at process.<anonymous> (file:///usr/share/windsurf/resources/app/out/vs/workbench/api/node/extensionHostProcess.js:143:9634)
	at Object.onceWrapper (node:events:634:26)
	at process.emit (node:events:531:35)
	at process.exit (node:internal/process/per_thread:240:15)
	at Object.exit (file:///usr/share/windsurf/resources/app/out/vs/workbench/api/node/extensionHostProcess.js:397:10932)
	at file:///usr/share/windsurf/resources/app/out/vs/workbench/api/node/extensionHostProcess.js:121:11749
	at <anonymous>
