2026-04-15 00:13:42.715 [info] WindsurfWindowsMainManager: Window will load {"windowId":1,"workspaceUri":{"id":"c39e0a8ffd9374195900ed9ddd1b78bf","uri":{"$mid":1,"fsPath":"/home/dieno/projects/abot","external":"file:///home/dieno/projects/abot","path":"/home/dieno/projects/abot","scheme":"file"}}}
2026-04-15 00:13:42.718 [info] update#setState idle
2026-04-15 00:13:54.243 [info] Extension host with pid 132213 exited with code: 0, signal: unknown.
2026-04-15 00:13:54.260 [info] WindsurfWindowsMainManager: Window will load {"windowId":1,"workspaceUri":{"id":"6b30f5ffcf42be62b066df08abc88923","uri":{"$mid":1,"fsPath":"/home/dieno/projects/lyceum","external":"file:///home/dieno/projects/lyceum","path":"/home/dieno/projects/lyceum","scheme":"file"}}}
2026-04-15 00:13:54.272 [error] [UtilityProcess id: 1, type: fileWatcher, pid: 132223]: crashed with code 15 and reason 'killed'
2026-04-15 00:13:54.273 [error] === UTILITY PROCESS CRASH REPORT ===
2026-04-15 00:13:54.273 [error] Time: 2026-04-14T19:13:54.272Z
2026-04-15 00:13:54.273 [error] PID: 132223, Exit Code: 15 (Unknown exit code (15)), Reason: killed
2026-04-15 00:13:54.273 [error] Process Type: fileWatcher
2026-04-15 00:13:54.273 [error] Process ID: 1
2026-04-15 00:13:54.273 [error] Entry Point: vs/platform/files/node/watcher/watcherMain
2026-04-15 00:13:54.273 [error] Main Process Memory: RSS=367MB, Heap=21MB, External=9MB
2026-04-15 00:13:54.273 [error] System Information:
2026-04-15 00:13:54.273 [error]   - Node Version: v22.22.0
2026-04-15 00:13:54.273 [error]   - Platform: linux_x64
2026-04-15 00:13:54.273 [error]   - Electron Version: 39.5.2
2026-04-15 00:13:54.273 [error] Active Utility Processes: 2 processes
2026-04-15 00:13:54.273 [error] Sample Processes:
2026-04-15 00:13:54.273 [error]   - shared-process (PID: 132214)
2026-04-15 00:13:54.273 [error]   - pty-host (PID: 132276)
2026-04-15 00:13:54.274 [error] === END UTILITY PROCESS CRASH REPORT ===
2026-04-15 00:14:12.720 [info] update#setState checking for updates
2026-04-15 00:14:12.938 [info] update#setState available for download
2026-04-15 00:15:36.506 [info] Extension host with pid 133353 exited with code: 0, signal: unknown.
2026-04-15 00:15:36.556 [info] WindsurfWindowsMainManager: Window will close {"windowId":1,"workspaceUri":{"id":"6b30f5ffcf42be62b066df08abc88923","uri":{"$mid":1,"fsPath":"/home/dieno/projects/lyceum","external":"file:///home/dieno/projects/lyceum","path":"/home/dieno/projects/lyceum","scheme":"file"}}}
2026-04-15 00:15:36.571 [info] WindsurfWindowsMainManager: Shutdown initiated, capturing current window group state
2026-04-15 00:15:36.584 [error] [UtilityProcess id: 1, type: fileWatcher, pid: 133338]: crashed with code 15 and reason 'killed'
2026-04-15 00:15:36.584 [error] === UTILITY PROCESS CRASH REPORT ===
2026-04-15 00:15:36.584 [error] Time: 2026-04-14T19:15:36.584Z
2026-04-15 00:15:36.584 [error] PID: 133338, Exit Code: 15 (Unknown exit code (15)), Reason: killed
2026-04-15 00:15:36.584 [error] Process Type: fileWatcher
2026-04-15 00:15:36.584 [error] Process ID: 1
2026-04-15 00:15:36.584 [error] Entry Point: vs/platform/files/node/watcher/watcherMain
2026-04-15 00:15:36.584 [error] Main Process Memory: RSS=342MB, Heap=15MB, External=4MB
2026-04-15 00:15:36.584 [error] System Information:
2026-04-15 00:15:36.584 [error]   - Node Version: v22.22.0
2026-04-15 00:15:36.584 [error]   - Platform: linux_x64
2026-04-15 00:15:36.584 [error]   - Electron Version: 39.5.2
2026-04-15 00:15:36.584 [error] Active Utility Processes: 2 processes
2026-04-15 00:15:36.584 [error] Sample Processes:
2026-04-15 00:15:36.584 [error]   - shared-process (PID: 132214)
2026-04-15 00:15:36.584 [error]   - pty-host (PID: 132276)
2026-04-15 00:15:36.584 [error] === END UTILITY PROCESS CRASH REPORT ===
