2026-04-02 12:08:56.335 [info] WindsurfWindowsMainManager: Window will load {"windowId":1,"workspaceUri":{"id":"d00c64466fbb79d15fc1ce20264ea7db","uri":{"$mid":1,"fsPath":"/home/dieno/projects/legis-entropy-/java_backend","external":"file:///home/dieno/projects/legis-entropy-/java_backend","path":"/home/dieno/projects/legis-entropy-/java_backend","scheme":"file"}}}
2026-04-02 12:08:56.337 [info] update#setState idle
2026-04-02 12:09:10.533 [info] Extension host with pid 44689 exited with code: 0, signal: unknown.
2026-04-02 12:09:10.545 [info] WindsurfWindowsMainManager: Window will load {"windowId":1,"workspaceUri":{"id":"052b6f89629e0251776fa7398d2facdf","uri":{"$mid":1,"fsPath":"/home/dieno/projects/legis-entropy-","external":"file:///home/dieno/projects/legis-entropy-","path":"/home/dieno/projects/legis-entropy-","scheme":"file"}}}
2026-04-02 12:09:26.338 [info] update#setState checking for updates
2026-04-02 12:09:26.608 [info] update#setState available for download
2026-04-02 12:11:21.958 [info] Extension host with pid 46156 exited with code: 0, signal: unknown.
2026-04-02 12:11:22.010 [info] WindsurfWindowsMainManager: Window will close {"windowId":1,"workspaceUri":{"id":"052b6f89629e0251776fa7398d2facdf","uri":{"$mid":1,"fsPath":"/home/dieno/projects/legis-entropy-","external":"file:///home/dieno/projects/legis-entropy-","path":"/home/dieno/projects/legis-entropy-","scheme":"file"}}}
2026-04-02 12:11:22.041 [info] WindsurfWindowsMainManager: Shutdown initiated, capturing current window group state
2026-04-02 12:11:22.054 [error] [UtilityProcess id: 1, type: fileWatcher, pid: 46141]: crashed with code 15 and reason 'killed'
2026-04-02 12:11:22.054 [error] === UTILITY PROCESS CRASH REPORT ===
2026-04-02 12:11:22.054 [error] Time: 2026-04-02T17:11:22.054Z
2026-04-02 12:11:22.054 [error] PID: 46141, Exit Code: 15 (Unknown exit code (15)), Reason: killed
2026-04-02 12:11:22.054 [error] Process Type: fileWatcher
2026-04-02 12:11:22.054 [error] Process ID: 1
2026-04-02 12:11:22.054 [error] Entry Point: vs/platform/files/node/watcher/watcherMain
2026-04-02 12:11:22.055 [error] Main Process Memory: RSS=236MB, Heap=15MB, External=4MB
2026-04-02 12:11:22.055 [error] System Information:
2026-04-02 12:11:22.055 [error]   - Node Version: v22.22.0
2026-04-02 12:11:22.055 [error]   - Platform: linux_x64
2026-04-02 12:11:22.055 [error]   - Electron Version: 39.5.2
2026-04-02 12:11:22.055 [error] Active Utility Processes: 2 processes
2026-04-02 12:11:22.055 [error] Sample Processes:
2026-04-02 12:11:22.055 [error]   - shared-process (PID: 44659)
2026-04-02 12:11:22.055 [error]   - pty-host (PID: 44757)
2026-04-02 12:11:22.055 [error] === END UTILITY PROCESS CRASH REPORT ===
